✔ bulk approval returns a 409 stale-selection contract instead of a generic 400 (0.6445ms)
✔ approve-selected serializes extra_data before inserting into production_reports JSON column (1.3166ms)
✔ audit request metadata uses Express trusted req.ip and ignores raw X-Forwarded-For (0.6163ms)
PASS audit-service-release.contract
✔ backend\tests\audit-service-release.contract.test.js (202.3691ms)
✔ deleting auth user cache immediately removes an active cached identity (1.2449ms)
✔ an in-flight stale auth load cannot repopulate cache after account invalidation (0.4073ms)
✔ login prioritizes exact username and rejects ambiguous worker code (1.4853ms)
✔ ambiguous unauthenticated login does not disclose candidate usernames (0.721ms)
✔ login and refresh responses preserve worker_code (1.6022ms)
✔ JWT includes worker_code for session recovery (0.3625ms)
✔ F09 helper enforces own-process vs other-process semantics for master/formula/governance/export (1.6581ms)
✔ F09 zero-scope manager stays empty across scoped subsystems (0.267ms)
✔ F09 immediate assignment change affects next authorization without new JWT (0.2567ms)
✔ master collections are DB-scoped and master writes assert existing/resulting process (0.6239ms)
✔ master processes are not treated as global manager-mutatable configuration (0.3691ms)
✔ worker master/process assignment cannot escape actor process scope (1.0769ms)
✔ user management uses centralized role + process scope for view/update/promotion/delete (0.5758ms)
✔ user management scope preserves role hierarchy (0.4373ms)
✔ master functional permissions remain required before process-scoped master operations (0.4934ms)
✔ audit, system health and notification endpoints enforce role and scope contracts (0.6994ms)
✔ no shared default password remains; management account creation requires explicit password (2.5638ms)
✔ Excel export, DB sync and master sync enforce permission and scope contracts (0.5885ms)
✔ approved edit/delete/restore use permission, role, scope and audit contracts (0.4388ms)
✔ pending approve/reject and edit require functional permission plus process scope (0.4436ms)
✔ approval model still enforces manager_processes at transaction boundary (0.2346ms)
✔ formula read filters products/processes/scopes by current process scope (0.2324ms)
✔ formula PROCESS write resolves canonical process and rejects outside scope (0.1752ms)
✔ formula product rule by known ID resolves resource process before UPDATE (0.1873ms)
✔ formula management API is intentionally removed from public application routes (0.1769ms)
✔ governance lists and summary use backend process scope before returning counts/rows (0.2046ms)
✔ governance create blocks MAI body tampering for GC manager through assertProcessScope (0.1967ms)
✔ reporting period lock contract is removed from application code (0.2448ms)
✔ process Excel list and explicit process export are scoped server-side (0.424ms)
✔ company-wide data builder enforces complete process scope before cache/data return (0.2294ms)
✔ company group and company-all exports use subset/global scope rules (0.3382ms)
✔ async export job validates scope before enqueue and protects job read/download (0.292ms)
✔ legacy monthly consolidated export is disabled; Desktop async export is the active path (0.2599ms)
✔ F09 export routes still require REPORT_EXPORT functional permission (0.2268ms)
✔ company-wide subset contract passes only when manager owns every included process (0.2706ms)
✔ admin remains globally eligible for company-wide process set (0.1127ms)
✔ governance routes retain functional permissions and manager/admin role boundary (0.2055ms)
✔ formula lead capability is not exposed after formula feature removal (0.203ms)
✔ company-data service performs defense-in-depth scope assertion inside builder (0.2812ms)
✔ export job current-scope access is rechecked, not only owner ID (0.2604ms)
✔ Google Sheet sync remains a trusted system job path, not a human F09 bypass route (3.4141ms)
✔ Excel master sync preview/apply asserts every workbook process against central scope (0.4059ms)
✔ Excel master sync history is owner-bound and current process scope is rechecked (0.1851ms)
✔ Excel master sync keeps EXCEL_MASTER_SYNC functional permission in addition to process scope (0.1491ms)
✔ admin has ALL process scope without querying manager_processes (1.0096ms)
✔ manager own process passes and other process fails (1.5763ms)
✔ lead own process passes and other process fails (0.1788ms)
✔ manager with zero assignments is empty, never global (0.1774ms)
✔ worker cannot gain management process scope from helper (0.2036ms)
✔ multi-process subset passes and any outside process fails (0.275ms)
✔ scope uses current DB assignment immediately without new JWT (0.2445ms)
✔ scopeSql produces deny-all for zero-scope manager and IN filter otherwise (0.9843ms)
✔ approved collection/date/by-date controllers apply backend process scope (0.4823ms)
✔ approved detail manager/lead asserts report process scope; worker keeps ownership rule (0.4813ms)
✔ web edit, delete and restore all guard process before approved mutation (1.6429ms)
✔ Excel update and create carry actor and resolve DB process before mutation (0.5611ms)
✔ machine production events reuse central process authorization service (0.3291ms)
✔ approved route functional permissions remain in addition to process scope (0.2282ms)
✔ no JWT/client process list is used as scope authority in central service (0.2443ms)
✔ worker ownership is enforced centrally (0.2078ms)
✔ SOURCE_CONTRACT: accepted bulk approval remains one transaction with rollback on failure (0.6854ms)
✔ canonical schema contract parses the full production source (15.042ms)
✔ canonical contract includes precision, nullability and critical indexes (1.5907ms)
✔ canonical contract is bidirectional: every DB table/column/index must belong to the source contract (0.6406ms)
✔ canonical KTC template exists and contains all 9 production sheets (2000.1251ms)
✔ template label normalization is stable for Vietnamese multiline headers (0.3112ms)
✔ current worker loader returns only active assigned processes (1.5772ms)
✔ current worker loader returns null for inactive or missing profile (0.4139ms)
✔ worker profile loader resolves a profile by worker_id with the same process structure (0.6019ms)
✔ legacy migration-era extras do not block canonical runtime readiness (22.372ms)
✔ generic report validation preserves decimal standard 617.1 (2.1253ms)
✔ generic report validation preserves decimal standard 900.77 (0.2061ms)
✔ generic report validation preserves decimal standard 1066.39 (0.1284ms)
✔ generic report validation preserves decimal standard 309.76 (0.1113ms)
✔ authoritative report standard rejects zero, negative, NaN, Infinity and malformed strings (0.4323ms)
✔ historical decimal boundary preserves value and version identity together (1.577ms)
✔ machine historical decimals preserve 900.77 and 950.25 (0.3366ms)
✔ capacity uses decimal standard before comparison and does not round 617.1 to 617 (0.7713ms)
✔ multi-machine lines preserve distinct decimal standards independently (0.285ms)
✔ Excel-created approved report batches child detail inserts inside the report transaction (1.0458ms)
✔ Render sync worker start command has a matching npm script (0.7688ms)
✔ backend startup initializes persistent Excel job recovery after DB connection (0.2742ms)
✔ sync worker validates environment, database connectivity and shuts down cleanly (0.3507ms)
✔ Desktop retries Render network and transient HTTP failures (0.6186ms)
✔ Electron body refresh-token fallback excludes HTTP(S) browser origins while allowing opaque file origins (0.6901ms)
✔ monthly Excel uses approved production_reports and report_id details only (0.9028ms)
✔ Excel sync supports manager-created rows without bypassing backend validation/audit (0.9987ms)
✔ Excel workbook exposes worker-entered operation fields and parser detects blank-ID create rows (1.1928ms)
✔ monthly workbook freezes only through worker name (0.7561ms)
✔ monthly workbook resets sequence for each report date (0.3121ms)
✔ monthly reports are ordered by report date and input time (0.7635ms)
✔ approved report updates use shared enterprise edit service (1.1671ms)
✔ Excel edit sync is manager-admin only and uses optimistic concurrency (0.5132ms)
✔ database backup has checksum retention and guarded restore (1.6889ms)
✔ monthly Excel resolves detail labels from DB field aliases (1.3166ms)
✔ whole time and rate values use integer format to avoid trailing dot in Excel 2016 (0.683ms)
✔ process rows and totals resolve number format from the actual value (0.2011ms)
✔ monthly workbook preserves zero training and uses canonical calculation engine (0.8312ms)
✔ monthly workbook separates report and entry dates and sorts consistently (0.1609ms)
✔ daily sequence, freeze and clear time labels are enforced (0.1764ms)
✔ legacy exporters use the same safety rules even though monthly clean renderer is canonical (0.2128ms)
✔ real workbook smoke fixture covers zero training, KQD, ordering and date separation (0.1866ms)
✔ monthly workbook hides unnecessary trailing decimal zeros (0.7257ms)
✔ quantity columns remain integers while time, rate and percentage keep optional decimals (0.4876ms)
✔ monthly workbook keeps process-specific detail columns from file-mau.xlsx (0.8148ms)
✔ template columns are merged with DB master and actual report details (0.1517ms)
✔ KTC template contract covers all 9 production processes (1.4324ms)
✔ template path resolves to canonical KTC workbook (3.5188ms)
✔ template label normalization handles Vietnamese multiline headers (0.531ms)
✔ monthly Excel uses a clean stable renderer instead of modifying sample workbooks (1.5014ms)
✔ monthly workbook uses a clean ExcelJS renderer without runtime template mutation (0.849ms)
✔ desktop validates generated workbooks with smoke test before packaging (1.0207ms)
✔ Excel export tolerates production_reports without entry_date and extra_data (0.6264ms)
✔ F07 controller requires expected_updated_at for normal approved web edit and passes it to canonical service (1.3286ms)
✔ F07 canonical service checks stale token after row lock and before versions or mutation (0.4286ms)
✔ F07 stale expected_updated_at rejects with zero write/version/audit side effects (4.3436ms)
✔ F07 matching expected_updated_at succeeds and returns a fresh updated_at baseline (1.195ms)
✔ F07 only active human approved edit callers are web and Excel and both provide concurrency tokens (0.6051ms)
✔ F07 F06 restore compatibility policy remains unchanged and optional (0.3665ms)
✔ F12 preview exposes field-specific invalid numeric error before any mutation (9.2994ms)
✔ F12 apply revalidates and rejects blank required standard before opening mutation transaction (2.431ms)
✔ F12 apply preserves decimal standard in authoritative product_standards INSERT payload (1.454ms)
✔ F12 blank update cannot overwrite an existing standard with zero because apply stops pre-transaction (0.6026ms)
✔ F12 F09 denies unauthorized process before deep invalid-standard preview is returned (1.0534ms)
✔ F12 authorized manager valid workbook can preview within own process (0.5601ms)
✔ F12 product standard blank is rejected without zero fallback (2.4154ms)
✔ F12 product standard whitespace is rejected without zero fallback (0.3027ms)
✔ F12 product standard null is rejected without zero fallback (0.2505ms)
✔ F12 product standard undefined is rejected without zero fallback (0.1949ms)
✔ F12 product standard alphabetic string is rejected without zero fallback (0.292ms)
✔ F12 product standard NaN is rejected without zero fallback (0.1478ms)
✔ F12 product standard Infinity is rejected without zero fallback (0.1127ms)
✔ F12 product standard zero number is rejected without zero fallback (0.0898ms)
✔ F12 product standard zero string is rejected without zero fallback (0.1391ms)
✔ F12 product standard negative is rejected without zero fallback (0.1488ms)
✔ F12 decimal standard 617.1 is preserved exactly through row normalization (0.8327ms)
✔ F12 decimal standard 900.77 is preserved exactly through row normalization (0.1173ms)
✔ F12 decimal standard 1066.39 is preserved exactly through row normalization (0.0752ms)
✔ F12 decimal standard 309.76 is preserved exactly through row normalization (0.0595ms)
✔ F12 numeric string and scientific numeric notation remain finite decimals (0.2959ms)
✔ F12 comma locale string is rejected rather than guessed (0.3237ms)
✔ F12 Excel formula result is validated, not formula object stringification (0.1319ms)
✔ F12 zero-valid KQD field preserves numeric/string zero and one (0.0795ms)
✔ F12 optional KQD blank uses explicit business default zero, not invalid fallback (0.0406ms)
✔ F12 optional sort_order blank uses schema default zero and valid zero stays zero (0.0419ms)
✔ F12 negative/non-integer sort_order is rejected (0.0954ms)
✔ F12 required process_id is positive integer and never coerces bad input to zero (0.1625ms)
✔ F12 defect optional sort_order blank normalizes to explicit zero business default (0.1234ms)
✔ F12 unauthorized-process collection happens independently of deep standard validity (0.4183ms)
✔ F12 service source authorizes workbook processes before deep validation/data load (0.39ms)
✔ F12 apply revalidates server-side through preview before opening mutation transaction (0.2591ms)
✔ F12 Admin Master uses same central numeric validator as Excel Master Sync (0.4309ms)
✔ F12 Admin/Excel semantics reject standard zero and preserve decimal (0.1773ms)
✔ F12 duplicate workbook rows remain deterministic and are not merged by parser (0.1062ms)
✔ F12 no authoritative Excel numeric path uses blanket invalid-to-zero fallback (0.3191ms)
✔ F12 integrity scanner is read-only and flags invalid authoritative standards for review (0.2795ms)
✔ F12 active runtime master numeric write sweep has no second invalid-to-zero product-standard API path (0.3721ms)
✔ cutover blocked without VERIFIED_NOT_ACTIVATED state (2.9205ms)
✔ cutover blocked when database contract is not READY (0.2103ms)
✔ cutover blocked with active restored sessions (0.1585ms)
✔ cutover blocked without maintenance mode (0.3821ms)
✔ cutover blocked if workers/jobs are not quiesced (0.2386ms)
✔ cutover blocked if verified target fingerprint does not match requested target (0.1513ms)
✔ cutover eligibility PASS when every gate is satisfied (0.1745ms)
✔ rollback requires retained old DB and operator confirmation (1.0207ms)
✔ rollback target cannot be the restored DB (0.2167ms)
✔ state machine rejects invalid transition (0.1666ms)
✔ failed cutover keeps rollback path and old DB fingerprint in state (0.2876ms)
✔ RPO and RTO estimates are calculated from recorded timestamps (0.2454ms)
✔ stale restore targets are never auto-dropped (0.2093ms)
✔ secret redaction still masks operational secrets (0.1991ms)
✔ cutover-check and rollback-check contain no infrastructure mutation commands (0.7236ms)
✔ cutover record only updates audit state and never switches infrastructure (0.2891ms)
✔ rollback record only updates audit state and never switches infrastructure (0.2287ms)
✔ cutover-check executes with zero state mutation (91.7035ms)
✔ valid V1 artifact passes complete verification (19.6121ms)
✔ corrupted gzip is rejected even when sidecar checksum matches corrupted bytes (14.7733ms)
✔ truncated logical backup without end marker is rejected (9.7161ms)
✔ malformed JSONL record is rejected (11.573ms)
✔ unsupported backup version is rejected before restore (8.2754ms)
✔ missing checksum is rejected (3.7264ms)
✔ missing manifest is rejected (5.8997ms)
✔ duplicate schema section is rejected (9.1906ms)
✔ production/active target is refused (0.6576ms)
✔ mutation requires environment classification (0.4563ms)
✔ mutation requires explicit confirmation token (0.2485ms)
✔ restore target naming is constrained (0.1594ms)
✔ dry-run plan does not require mutation confirmation (0.2042ms)
✔ cutover forbidden before all verification gates pass (0.3719ms)
✔ legacy cutover helper now enforces full Part 2 context (0.1585ms)
✔ secret redaction masks password/token/secret values (0.3626ms)
✔ canonical orchestrator fully verifies before first target mutation and never performs cutover (0.506ms)
✔ failed staged restore records failure and retains target instead of cutover (0.2947ms)
✔ restore state must pass canonical schema verification before activation (0.2627ms)
✔ restored sessions are explicitly revoked before cutover eligibility (0.4129ms)
✔ maintenance mode blocks web writes and worker processing during restore cutover window (0.4717ms)
✔ dry-run is structurally zero-mutation before early return (0.3278ms)
✔ restore target existing is never overwritten or resumed implicitly (0.407ms)
✔ 50 authenticated workers on one NAT have 50 distinct global identities (2.412ms)
✔ one abusive worker remains one identity bucket (0.3563ms)
✔ same authenticated worker changing IP does not bypass identity limiter (0.2111ms)
✔ login brute force has account identity independent of IP plus bounded network key (1.0373ms)
✔ forged X-Forwarded-For is ignored by rate-limit IP identity (0.2481ms)
✔ trust proxy defaults off and Render resolves to exactly one hop (0.727ms)
✔ refresh limiter identity follows refresh credential, not NAT IP (0.2868ms)
✔ expensive endpoint limiter isolates authenticated users and includes route (1.5504ms)
✔ 429 contract is stable and Retry-After capable through standard headers (0.9236ms)
✔ refresh throttling occurs before controller and cannot mutate session family (0.5293ms)
✔ worker report limiter is after authentication and identity keyed (0.3128ms)
✔ global limiter is mounted before routes but verifies bearer identity (0.3155ms)
✔ management can configure formulas and achievement color thresholds (2.6107ms)
✔ Excel receives formula settings and uses adjusted output (2.0869ms)
✔ full authorization audit: sensitive routes have authentication + role/permission boundaries (2.8076ms)
✔ full authorization audit: no management master route bypasses functional permission (0.6099ms)
✔ full authorization audit: actor process access covers worker + management roles (0.3926ms)
✔ full authorization audit: worker management reads/writes are process-scoped (0.361ms)
✔ full authorization audit: master catalog APIs cannot read another process (0.6486ms)
✔ full authorization audit: cron queue endpoint is secret-gated (0.4096ms)
✔ full authorization audit: period-lock authorization contracts are absent from active code (0.6254ms)
✔ full authorization audit: frontend never injects manager defaults into Lead (3.1993ms)
✔ full authorization audit: frontend permission catalog matches backend catalog (1.6658ms)
✔ GC ML4 resolves 15U-T to Lồng standard 180 instead of treating Cắt/Lồng rows as ambiguous (1.8743ms)
✔ GC C5 resolves product standards through Cắt work type when no machine-specific standard exists (0.5029ms)
✔ GC manual mode resolves to Lồng standard instead of treating Cắt/Lồng rows as ambiguous (1.4705ms)
✔ GC C1 falls back to the only process product standard when the machine has no standard for that work type (0.4069ms)
✔ public health endpoint does not disclose database name or user count (1.7082ms)
✔ historical product standard resolves strictly by work_date boundary (1.8596ms)
✔ resolver is submit-date independent and rejected/resubmitted report keeps old work_date standard (1.3061ms)
✔ missing historical product standard fails closed (0.9475ms)
✔ overlapping historical product standards fail closed instead of choosing arbitrary row (0.4714ms)
✔ historical machine standard resolves by same report work_date and preserves decimal values (0.6052ms)
✖ snapshot consistency rejects a value/version mismatch (1.0593ms)
✔ minimal decimal preservation in historical resolver keeps 617.1 and 900.77 exactly (0.6236ms)
✔ write-side effective-range validator rejects overlap (0.4362ms)
✔ legacy active product standard resolves without migration when no historical version is available (1.0563ms)
✔ HTTP observability strips query-string values before logging/metrics (0.7222ms)
✔ configured KQD registry is explicit and does not inherit prefix semantics (1.6422ms)
✔ exclude=true fixture returns actual=96 ttOk=90 (0.9728ms)
✔ exclude=false fixture returns actual=100 ttOk=90 (0.1353ms)
✔ temp/approved edit shared recalculation preserves ttOk instead of actual-totalNg corruption (0.2218ms)
✔ legacy null policy snapshot fails explicitly (0.393ms)
✔ historical policy snapshot consistency is checked against historical resolver output (0.1625ms)
✔ active production paths do not use KQD prefix/name authority (1.8393ms)
✔ temp and approved edit paths call canonical KQD report recalculation (0.7793ms)
✔ historical KQD policy snapshot wins over mutable legacy/current policy (0.9264ms)
✔ supported historical Excel paths prefer report KQD snapshot over current product master (2.3419ms)
✔ Excel apply cannot mutate KQD snapshot directly and server create/edit preserve authoritative policy (0.7249ms)
✔ legacy approved report NG columns are exported as detail when child rows are empty (10.5676ms)
✔ legacy extra_data.columns are exported as deduction detail when child rows are empty (2.4563ms)
✔ persisted child details remain authoritative over legacy fallback (0.701ms)
✔ two different request IDs for same logical report serialize to one success and one duplicate conflict (5.7483ms)
✔ same client_request_id retry retains idempotent prior-result behavior (2.7648ms)
✔ arbitrary force_create without a server duplicate challenge cannot bypass duplicate protection (1.729ms)
✔ server-issued duplicate challenge allows an explicit separate run while retaining the logical lock (1.9271ms)
✔ username login keeps the indexed username column sargable (1.1284ms)
✔ worker-code login performs indexed exact lookup before numeric compatibility fallback (0.3241ms)
✔ machine line validation resolves many defects with bulk master queries (1.7427ms)
✖ multi-machine line validates DB master data, NG detail and KQD exclusion (3.4358ms)
✖ multi-machine line rejects duplicate machine and mismatched NG (0.7946ms)
✖ unconfigured KQD-like machine defect is counted normally (0.3853ms)
✔ SOURCE_CONTRACT: approved manager reports are filtered and paginated on the server (1.5763ms)
✔ SOURCE_CONTRACT: legacy full-table production route is no longer used for manager listing (0.4127ms)
GET PENDING REPORTS ERROR: Error: page không hợp lệ
    at publicValidationError (F:\VSCode\worker-management-system\backend\services\managerReportPaginationService.js:7:17)
    at parsePositiveInt (F:\VSCode\worker-management-system\backend\services\managerReportPaginationService.js:17:33)
    at normalizePagination (F:\VSCode\worker-management-system\backend\services\managerReportPaginationService.js:24:16)
    at exports.getPendingReports (F:\VSCode\worker-management-system\backend\controllers\productionTempManagementController.js:47:25)
    at TestContext.<anonymous> (F:\VSCode\worker-management-system\backend\tests\manager-pagination.behavior.test.js:225:20)
    at Test.runInAsyncScope (node:async_hooks:227:14)
    at Test.run (node:internal/test_runner/test:1382:25)
    at Test.processPendingSubtests (node:internal/test_runner/test:960:18)
    at Test.postRun (node:internal/test_runner/test:1522:19)
    at Test.run (node:internal/test_runner/test:1447:12) {
  status: 400,
  code: 'PAGINATION_INVALID',
  isPublic: true
}
APPROVE SELECTED REPORTS ERROR: Error: Mỗi lần chỉ được xử lý tối đa 100 báo cáo
    at publicValidationError (F:\VSCode\worker-management-system\backend\services\managerReportPaginationService.js:7:17)
    at assertReviewBatchSize (F:\VSCode\worker-management-system\backend\services\managerReportPaginationService.js:58:11)
    at exports.approveSelectedReports (F:\VSCode\worker-management-system\backend\controllers\productionTempManagementController.js:161:9)
    at TestContext.<anonymous> (F:\VSCode\worker-management-system\backend\tests\manager-pagination.behavior.test.js:237:20)
    at Test.runInAsyncScope (node:async_hooks:227:14)
    at Test.run (node:internal/test_runner/test:1382:25)
    at Test.processPendingSubtests (node:internal/test_runner/test:960:18)
    at Test.postRun (node:internal/test_runner/test:1522:19)
    at Test.run (node:internal/test_runner/test:1447:12)
    at async Test.processPendingSubtests (node:internal/test_runner/test:960:7) {
  status: 400,
  code: 'REVIEW_BATCH_TOO_LARGE',
  isPublic: true
}
✔ BEHAVIORAL: pagination defaults are bounded (1.394ms)
✔ BEHAVIORAL: page_size maximum is enforced (0.3837ms)
✔ BEHAVIORAL: invalid page is rejected instead of producing negative offset (0.9195ms)
✔ BEHAVIORAL: bulk review maximum rejects oversized selection and accepts 100 (0.2215ms)
✔ BEHAVIORAL: pending page 1/page 2 are deterministic and non-overlapping (6.0848ms)
✔ BEHAVIORAL: pending authorization and filters are applied before LIMIT/OFFSET (2.6421ms)
✔ BEHAVIORAL: pending total count uses same scoped business filters without pagination (1.7573ms)
✔ BEHAVIORAL: pending ordering has id tie-breaker (0.9635ms)
✔ BEHAVIORAL: approved pagination returns bounded page and deterministic order (0.8943ms)
✔ BEHAVIORAL: admin list query retains global access while manager query is scoped (1.1497ms)
✔ BEHAVIORAL: process options are scoped for manager and global for admin (1.6892ms)
✔ BEHAVIORAL: search remains substring-compatible and parameterized (0.8507ms)
✔ BEHAVIORAL: pending API emits pagination metadata and bounded data (12.1635ms)
✔ BEHAVIORAL: invalid pagination is rejected before repository access (2.0499ms)
✔ BEHAVIORAL: oversized approval batch is rejected before transaction/model mutation (1.0312ms)
✔ iOS profile delivery route uses Apple's configuration-profile MIME type (1.2017ms)
✔ bundled iOS Web Clip profile targets KTC and contains an embedded icon (1.314ms)
✔ worker submission is not gated by company Wi-Fi/network (1.2092ms)
✔ observability exposes percentile and route metrics without query-string leakage (1.0829ms)
✔ server hardens browser capability and slow-client handling (0.5434ms)
✔ activity endpoint supports cursor pagination and explicit projection (0.3443ms)
✔ worker notification backfill is throttled per user (0.861ms)
✔ server limits urlencoded bodies and pathological query strings (0.3481ms)

Interrupted while running:

⚠ backend\tests\non-product-work-cvk.test.js (backend\tests\non-product-work-cvk.test.js:1:1)
⚠ backend\tests\non-product-work-validation.test.js (backend\tests\non-product-work-validation.test.js:1:1)
⚠ backend\tests\notification-performance-cache.contract.test.js (backend\tests\notification-performance-cache.contract.test.js:1:1)
⚠ backend\tests\observability-contract.test.js (backend\tests\observability-contract.test.js:1:1)
⚠ backend\tests\p0-production-gate.contract.test.js (backend\tests\p0-production-gate.contract.test.js:1:1)
⚠ backend\tests\p0-release-hardening.contract.test.js (backend\tests\p0-release-hardening.contract.test.js:1:1)
⚠ backend\tests\p0-runtime-hardening.contract.test.js (backend\tests\p0-runtime-hardening.contract.test.js:1:1)
⚠ backend\tests\p1-production-auth-excel.test.js (backend\tests\p1-production-auth-excel.test.js:1:1)
⚠ backend\tests\permission-matrix.test.cjs (backend\tests\permission-matrix.test.cjs:1:1)
⚠ backend\tests\process-form-template-schema.test.js (backend\tests\process-form-template-schema.test.js:1:1)
⚠ backend\tests\process-machine-policy.test.js (backend\tests\process-machine-policy.test.js:1:1)
⚠ backend\tests\product-machine-eligibility.test.js (backend\tests\product-machine-eligibility.test.js:1:1)
⚠ backend\tests\product-suggestion-scope.test.js (backend\tests\product-suggestion-scope.test.js:1:1)
⚠ backend\tests\production-calculation-contract.test.js (backend\tests\production-calculation-contract.test.js:1:1)
⚠ backend\tests\production-calculation-engine.test.js (backend\tests\production-calculation-engine.test.js:1:1)
⚠ backend\tests\production-readiness-hardening.test.js (backend\tests\production-readiness-hardening.test.js:1:1)
⚠ backend\tests\production-submission-lock.contract.test.js (backend\tests\production-submission-lock.contract.test.js:1:1)
⚠ backend\tests\production-temp-audit-import.test.js (backend\tests\production-temp-audit-import.test.js:1:1)
⚠ backend\tests\production-temp-lock-retry.contract.test.js (backend\tests\production-temp-lock-retry.contract.test.js:1:1)
⚠ backend\tests\query-result-contract.test.js (backend\tests\query-result-contract.test.js:1:1)
⚠ backend\tests\refresh-token-storage.test.js (backend\tests\refresh-token-storage.test.js:1:1)
⚠ backend\tests\reject-selected-release.contract.test.js (backend\tests\reject-selected-release.contract.test.js:1:1)
⚠ backend\tests\report-detail-normalizer-legacy-units.test.js (backend\tests\report-detail-normalizer-legacy-units.test.js:1:1)
⚠ backend\tests\report-service-sql-sanity.test.js (backend\tests\report-service-sql-sanity.test.js:1:1)
⚠ backend\tests\report-validation-deduction-minutes.test.js (backend\tests\report-validation-deduction-minutes.test.js:1:1)
⚠ backend\tests\rollback-full-restore.test.js (backend\tests\rollback-full-restore.test.js:1:1)
⚠ backend\tests\rollback-snapshot-v2.test.js (backend\tests\rollback-snapshot-v2.test.js:1:1)
⚠ backend\tests\schema-compatibility-service.test.js (backend\tests\schema-compatibility-service.test.js:1:1)
⚠ backend\tests\scope-ownership-escalation.test.cjs (backend\tests\scope-ownership-escalation.test.cjs:1:1)
⚠ backend\tests\shared-machine-accounting-flow.test.js (backend\tests\shared-machine-accounting-flow.test.js:1:1)
⚠ backend\tests\source-integrity.test.js (backend\tests\source-integrity.test.js:1:1)
⚠ backend\tests\standard-resolution-request-cache.test.js (backend\tests\standard-resolution-request-cache.test.js:1:1)
⚠ backend\tests\temp-report-version-lifecycle.test.js (backend\tests\temp-report-version-lifecycle.test.js:1:1)
⚠ backend\tests\templateSourceSeparation.test.js (backend\tests\templateSourceSeparation.test.js:1:1)
⚠ backend\tests\training-percent.test.js (backend\tests\training-percent.test.js:1:1)
⚠ backend\tests\training-snapshot.test.js (backend\tests\training-snapshot.test.js:1:1)
⚠ backend\tests\worker-identity-audit.contract.test.js (backend\tests\worker-identity-audit.contract.test.js:1:1)
⚠ backend\tests\worker-process-access.test.js (backend\tests\worker-process-access.test.js:1:1)
◇ injected env (0) from .env // tip: ◈ secrets for agents [www.dotenvx.com]
✔ CVK treats Xuất and Nhập as one Xuất nhập work type (1.0354ms)
✔ CVK duplicate identity includes work type (1.1929ms)
✖ backend\tests\non-product-work-cvk.test.js (5162.2774ms)
✔ CVK report accepts zero standard and zero production output (2.0023ms)
✔ normal production report still rejects zero standard (0.4821ms)
✔ notification unread count uses bounded per-user cache and invalidates after writes (1.2357ms)
✔ runtime metrics are recorded for every completed HTTP request (0.8658ms)
✔ observability endpoint is permission protected (0.3053ms)
✔ real data, backup drill and monitoring commands are available (0.3342ms)
✔ production deploy gates schema and real P0 runtime verification (0.8892ms)
✔ runtime verifier remains explicitly migration-free and non-destructive (0.1881ms)
✔ P0 approval path keeps transaction + row-lock + optimistic concurrency (1.8346ms)
✔ P0 worker submission keeps idempotency and duplicate challenge controls (1.899ms)
✔ P0 manager authorization is process-scoped before approval (0.4503ms)
✔ P0 approval preserves machine graph, historical snapshot and canonical version after approval insert (0.4832ms)
✔ P0 runtime schema verifier uses a minimum structural contract and keeps full drift diagnostics non-blocking (0.4935ms)
✔ P0 shared-machine accounting keeps GC 5/6/7/11 at four workers and preserves physical event links (0.423ms)
✔ P0 business validator enforces 14-day backdate and 12-hour total-time limit (0.2432ms)
✔ P0 business validator rejects future work dates (1.1652ms)
✔ P0 zero-cost E2E covers the locked business flow (0.5756ms)
✔ P0 approval batches acquire target IDs in deterministic order (0.9539ms)
✔ P0 runtime verifier checks canonical schema and real row-lock semantics (0.3242ms)
✔ P0 runtime verification is exposed as a backend command without migrations (0.4141ms)
✔ P1.1 Excel download validates regular non-empty files and content type (0.976ms)
✔ P1.1 Excel job completion/failure is monotonic from running state (0.3585ms)
✔ P1.2 production environment rejects weak JWT and disabled DB TLS (0.3733ms)
✔ P1.3 production auth cache defaults to short revocation window (0.2655ms)
✔ P1.3 stale frontend auth backup source is absent (0.2023ms)
◇ injected env (0) from .env // tip: ⌘ multiple files { path: ['.env.local', '.env'] }
✔ permission matrix is complete for Worker/Lead/Manager/Admin (24.4556ms)
✔ role inheritance is monotonic for management capabilities and excludes worker context (0.3654ms)
✔ mandatory security/business permissions cannot be disabled by overrides (0.1973ms)
✔ system health stays management-level, not inherited by Lead (0.1471ms)
✔ worker forms keep process-specific fields from file-mau.xlsx (1.2039ms)
✖ worker deduction catalogue remains process scoped through cache and API contract (1.2147ms)
✔ deduction keys stay string-safe for payload and form attributes (1.1736ms)
✖ machine policies match real KTC factory rules 2026-08-10 (2.8809ms)
✔ GC automatic/shared machine rules match factory declaration (0.8035ms)
✔ GC manual rejects machine-specific suffixes (0.9694ms)
✔ GC numbered products only match the selected numbered machine (0.3941ms)
✔ GC auto products only match automatic machines (0.1412ms)
✔ product suggestions are scoped by process_code and GC work_type (8.4158ms)
✖ desktop fallback calculation engine is byte-identical to backend canonical engine (5.8161ms)
✖ company-data API attaches backend calculationSnapshot and desktop prefers it (1.7294ms)
✖ company-data loader carries product KQD policy and multi-machine aggregate into canonical snapshot (2.2042ms)
✔ company-data advertises the current split workbook contract (0.7393ms)
✔ zero training stays zero across adjusted output, SP/h and achievement (1.047ms)
✔ missing training defaults to 100 percent, not zero (0.1453ms)
✔ KQD is excluded only when product rule says so (0.2ms)
✔ actual time formula supports working minus deduction and machine line sum (0.1785ms)
✔ machine performance snapshot remains authoritative for multi-machine reports (0.1188ms)
✔ external monitoring has separate liveness and readiness endpoints (0.9666ms)
✔ restore rehearsal refuses the production database and validates staging after restore (0.4226ms)
✔ readiness load test is read-only and bounded (0.3678ms)
✔ root scripts expose restore rehearsal and readiness load (0.3186ms)
✔ real-data validator covers machine-line aggregates and coverage reporting (0.9626ms)
production submission lock contract: PASS
✔ backend\tests\production-submission-lock.contract.test.js (199.2934ms)
✔ productionTempCreateModel declares AuditService before using it (1.1612ms)
✖ production temp create serializes submissions and retries TiDB lock wait timeouts (1.72ms)
✖ backend query() consumers do not destructure direct query results (316.4026ms)
✔ approval model does not call removed AuditService.logAction API (0.4835ms)
✔ refresh tokens are hashed deterministically before DB storage (1.0807ms)
✔ empty refresh tokens are rejected by hash helper (0.1606ms)
✔ session model never inserts raw refresh tokens (0.7353ms)
PASS reject-selected-release.contract
✔ backend\tests\reject-selected-release.contract.test.js (178.9258ms)
[PASS] report detail normalizer: legacy minutes/hours + NG aggregate recovery
✔ legacy deduction columns stored as minutes are converted to DB hours (3.0545ms)
✔ legacy deduction columns already stored as hours are kept as hours (0.6296ms)
✔ legacy aggregate NG fields recover detail when approved child rows are empty or incomplete (8.5259ms)
✔ legacy aggregate NG fields win when child detail total does not match parent NG (0.4129ms)
✔ legacy approved-by-date query uses a quoted SQL status literal (0.7103ms)
✖ deduction detail minutes matches deduction_time in hours (2.6802ms)
✖ canonical deduction hours still works (0.7512ms)
✖ backend\tests\rollback-full-restore.test.js (4938.9734ms)
✔ canonical approved snapshot v2 captures complete report aggregate without physical event truth (4.952ms)
✔ canonical snapshot preserves zero training and decimal standard values exactly as stored (0.598ms)
✔ v2 validator accepts complete aggregate and permits nullable machine standard identity (0.7421ms)
✔ v2 validator rejects missing machineLines instead of normalizing it to empty (0.3706ms)
✔ v2 validator classifies missing training and KQD historical evidence (0.3525ms)
✔ v2 validator rejects malformed machine event reference structurally (0.2491ms)
✔ legacy parent-only snapshot is REVIEW_REQUIRED and never auto-upgraded to v2 (0.2399ms)
✔ modern valid v2 snapshot is RESTORE_SAFE classification (0.2934ms)
✔ rollback audit scanner is read-only and reports structured classifications (3.3096ms)
✔ all approved report version creation paths use canonical v2 version creator (0.9062ms)
✔ report_versions remains append-only in active backend code (347.9244ms)
✔ Part 3 restore delegates complete machine graph replacement and never locks physical event for mutation (0.4855ms)
✔ parent snapshot contract includes F01 F03 F04 identity fields together (0.1324ms)
✔ machine line contract includes F01 F04 identity and F05 event link (0.0611ms)
✔ nested machine defects do not expose historical machine line database IDs (0.1742ms)
✔ snapshot query contracts explicitly order all child arrays deterministically (0.278ms)
✔ malformed JSON snapshot is rejected with stable validation code (0.0858ms)
✔ machine line missing historical standard identity is not restore-safe (0.154ms)
✔ snapshot preserves F02 decimals on parent and machine line without integer coercion (0.0899ms)
✔ nullable machine_event_id is structurally valid for non-linked legacy/current participation (0.0942ms)
✔ approved version creator owns snapshot construction rather than accepting caller snapshot JSON (0.2077ms)
✔ initial approval no longer hand-builds approved report_versions payload (0.1509ms)
✔ Excel approved create captures machine graph through canonical loader after machine line inserts (0.1521ms)
✔ rollback scanner taxonomy contains every required legacy risk (0.1665ms)
✔ schema compatibility service exists for process Excel export (1.37ms)
✔ backend relative requires resolve to files in the deploy source (325.9708ms)
✔ process scope allows assigned process and blocks an unassigned process (1.5687ms)
✔ multi-process scope rejects mixed authorized + unauthorized requests atomically (1.5622ms)
✔ empty process scope is deny-by-default (0.4546ms)
✔ admin bypasses process scope but worker cannot use management scope (0.3368ms)
✔ worker ownership allows own worker_id and blocks another worker_id (0.3136ms)
✔ non-worker roles cannot be used to bypass worker ownership boundary (0.1166ms)
✔ manager/lead user-management scope blocks cross-process targets (0.4418ms)
✔ privilege escalation: manager cannot manage manager; lead cannot manage lead (0.2894ms)
✔ privilege escalation: management scope is not inferred from forged process_ids on actor (0.317ms)
✔ privilege escalation: invalid actor ids and invalid process ids fail closed (0.4152ms)
✔ security boundary source contains centralized scope + ownership checks (0.8038ms)
✔ physical event output is independent from worker credits and treats KQD as normal NG (1.2215ms)
✔ unconfigured KQD_TEST remains a normal physical defect (0.2636ms)
✔ only GC 5/6/7/11 require shared event accounting (0.7492ms)
✔ approval hard-block accepts only matching approved event (2.2315ms)
✔ transactional worker-capacity check locks machine row before counting participants (1.3374ms)
✔ same worker repeated activity remains one distinct worker in capacity SQL (0.8466ms)
✔ worker report approval copies machine_event_id and cannot fabricate physical event (2.4958ms)
✔ dashboard machine metrics aggregate approved physical events, not worker credits (0.8874ms)
✔ Excel company payload carries physical events separately from worker reports (1.3674ms)
✔ shared-machine scanner is read-only and never creates events automatically (0.8877ms)
✔ repository introduces no equal-split allocation in F05 production files (1.3245ms)
✔ authentication sessions are finite (3.9852ms)
✔ company Excel endpoints are mounted through report router (1.0096ms)
✔ production startup validates critical environment before database startup (0.4987ms)
✔ heavy Excel exports use one worker-thread job manager (0.5894ms)
✔ Excel exports enforce report volume limits (0.5191ms)
✔ process Excel exports stay separate from company workbooks (0.5321ms)
✔ process list includes every active process even without reports (0.4496ms)
✔ manual Desktop Excel sync is serialized and uses renderer token (2.7016ms)
✖ frontend rejects skipped Desktop sync results (3.4625ms)
✖ monthly workbook contains all nine production processes (1.5659ms)
✔ monthly workbook is rebuilt cleanly and never imports sample rows (0.8218ms)
✔ monthly process columns are generated from process-specific master types (0.5441ms)
✔ monthly workbook keeps time details beside time and NG beside result (0.5101ms)
✔ monthly workbook only accepts approved TiDB database payload (0.7539ms)
✔ monthly workbook uses database snapshots and report_id details (0.8515ms)
✔ reconciliation sheet validates detail totals against report snapshots (1.1453ms)
✔ release source has one Electron implementation and no generated archives (0.396ms)
✔ desktop monthly export is split into one summary file and nine process files (1.5089ms)
✖ company Excel calculation source includes KQD product policy and multi-machine performance (1.7512ms)
✖ standard resolver caches exact historical/master lookups within one request scope (4.0626ms)
✔ standard resolver does not conflate different machines (1.6383ms)
✔ standard resolver falls back to the historical product standard when selected machine has no mapping (1.486ms)
✔ temp report lifecycle creates immutable versions at create/update/reject/approve (2.9149ms)
✖ temp edit audit uses current report_edit_logs JSON schema, not removed legacy columns (14.1635ms)
✔ temp snapshot includes child detail and machine detail for forensic comparison (0.6001ms)
✖ runtime Excel exports only use backend/templates workbooks (2.4152ms)
✔ worker form headings are hard-coded in frontend source (3.0249ms)
✔ training percent preserves zero and defaults only missing/invalid values (1.2758ms)
✔ initial server snapshot preserves 0% (2.6809ms)
✔ initial server snapshot preserves 50% (0.1492ms)
✔ initial server snapshot preserves 100% (0.0858ms)
✔ missing worker training uses canonical 100% default (0.1209ms)
✔ client training value cannot override server snapshot authority (0.1134ms)
✔ report snapshot has priority over mutable legacy/current worker training value (0.1505ms)
✔ historical calculation remains stable after worker master conceptually changes 50→100 (0.5838ms)
✔ legacy null snapshot is explicit and does not silently use current worker value (0.471ms)
✔ scanner classifies missing historical snapshot as review required, never auto-repair safe from current master alone (0.209ms)
✔ training scanner healthy schema has no TRAINING_SCHEMA_INCONSISTENCY (0.4758ms)
✔ training scanner classifies missing snapshot column as TRAINING_SCHEMA_INCONSISTENCY (0.1877ms)
✔ training scanner detects temp/approved schema asymmetry (0.1946ms)
✔ training scanner detects incompatible snapshot type (0.115ms)
✔ row NULL with healthy schema is MISSING_TRAINING_SNAPSHOT, not schema inconsistency (0.1445ms)
✔ runtime schema audit uses read-only SHOW COLUMNS metadata queries only (0.4977ms)
✔ worker identity audit is read-only and covers the canonical identity chain (1.062ms)
✖ pending report read path joins user through workers.user_id (1.3592ms)
✔ current worker uses full authentication and returns structured active processes (3.3564ms)
✔ defect and deduction catalogues require authentication (0.8727ms)
✔ admin process assignment clears worker profile cache (0.3686ms)
✔ worker detail and training routes consistently use worker_id (1.8162ms)
ℹ tests 458
ℹ suites 0
ℹ pass 436
ℹ fail 20
ℹ cancelled 2
ℹ skipped 0
ℹ todo 0
ℹ duration_ms 5611.0511

✖ failing tests:

test at backend\tests\historical-standard-resolution.test.js:88:1
✖ snapshot consistency rejects a value/version mismatch (1.0593ms)
  AssertionError [ERR_ASSERTION]: Missing expected exception.
      at TestContext.<anonymous> (F:\VSCode\worker-management-system\backend\tests\historical-standard-resolution.test.js:91:10)
      at Test.runInAsyncScope (node:async_hooks:227:14)
      at Test.run (node:internal/test_runner/test:1382:25)
      at Test.processPendingSubtests (node:internal/test_runner/test:960:18)
      at Test.postRun (node:internal/test_runner/test:1522:19)
      at Test.run (node:internal/test_runner/test:1447:12)
      at async Test.processPendingSubtests (node:internal/test_runner/test:960:7) {
    generatedMessage: false,
    code: 'ERR_ASSERTION',
    actual: undefined,
    operator: 'throws',
    diff: 'simple'
  }

test at backend\tests\machine-line-validation.integration.test.js:112:1
✖ multi-machine line validates DB master data, NG detail and KQD exclusion (3.4358ms)
  AssertionError [ERR_ASSERTION]: Expected values to be strictly equal:
  
  false !== true
  
      at TestContext.<anonymous> (F:\VSCode\worker-management-system\backend\tests\machine-line-validation.integration.test.js:133:10)
      at async Test.run (node:internal/test_runner/test:1389:7)
      at async startSubtestAfterBootstrap (node:internal/test_runner/harness:387:3) {
    generatedMessage: true,
    code: 'ERR_ASSERTION',
    actual: false,
    expected: true,
    operator: 'strictEqual',
    diff: 'simple'
  }

test at backend\tests\machine-line-validation.integration.test.js:145:1
✖ multi-machine line rejects duplicate machine and mismatched NG (0.7946ms)
  AssertionError [ERR_ASSERTION]: The input did not match the regular expression /phải bằng tổng chi tiết lỗi NG/. Input:
  
  'Loại NG BAVIA không tồn tại hoặc không duy nhất trong công đoạn'
  
      at TestContext.<anonymous> (F:\VSCode\worker-management-system\backend\tests\machine-line-validation.integration.test.js:190:10)
      at async Test.run (node:internal/test_runner/test:1389:7)
      at async Test.processPendingSubtests (node:internal/test_runner/test:960:7) {
    generatedMessage: true,
    code: 'ERR_ASSERTION',
    actual: 'Loại NG BAVIA không tồn tại hoặc không duy nhất trong công đoạn',
    expected: /phải bằng tổng chi tiết lỗi NG/,
    operator: 'match',
    diff: 'simple'
  }

test at backend\tests\machine-line-validation.integration.test.js:193:1
✖ unconfigured KQD-like machine defect is counted normally (0.3853ms)
  AssertionError [ERR_ASSERTION]: Expected values to be strictly equal:
  
  false !== true
  
      at TestContext.<anonymous> (F:\VSCode\worker-management-system\backend\tests\machine-line-validation.integration.test.js:211:10)
      at async Test.run (node:internal/test_runner/test:1389:7)
      at async Test.processPendingSubtests (node:internal/test_runner/test:960:7) {
    generatedMessage: true,
    code: 'ERR_ASSERTION',
    actual: false,
    expected: true,
    operator: 'strictEqual',
    diff: 'simple'
  }

test at backend\tests\non-product-work-cvk.test.js:1:1
✖ backend\tests\non-product-work-cvk.test.js (5162.2774ms)
  'Promise resolution is still pending but the event loop has already resolved'

test at backend\tests\process-form-template-schema.test.js:29:1
✖ worker deduction catalogue remains process scoped through cache and API contract (1.2147ms)
  AssertionError [ERR_ASSERTION]: The input did not match the regular expression /getCachedDeductions\(processId\)/. Input:
  
  'import { useCallback, useEffect, useRef, useState } from "react";\r\n' +
    'import type { MachineOption, ProductStandardOption } from "../../services/masterDataService";\r\n' +
    'import {\r\n' +
    '  getCachedMachines,\r\n' +
    '  getCachedProductStandards,\r\n' +
    '  getCachedDefects,\r\n' +
    '  getCachedDeductions,\r\n' +
    '} from "../../services/masterDataCache";\r\n' +
    'import {\r\n' +
    '  normalizeDefectOptions,\r\n' +
    '  normalizeDeductionOptions,\r\n' +
    '  type WorkerMasterOption,\r\n' +
    '} from "./processMasterDataNormalization";\r\n' +
    'import {\r\n' +
    '  AUTH_EPOCH_CHANGED_EVENT,\r\n' +
    '  CONNECTION_RESTORED_EVENT,\r\n' +
    '} from "../../services/authRuntimeEvents";\r\n' +
    '\r\n' +
    'const ZERO_STANDARD_LONG_WORK_CODES = new Set(["XUATNHAP", "KTCD", "TAIPP"]);\r\n' +
    'const PROCESS_ID_BY_CODE: Record<string, number> = {\r\n' +
    '  GC: 1,\r\n' +
    '  MAI: 2,\r\n' +
    '  DO: 60001,\r\n' +
    '  K1: 3,\r\n' +
    '  K2: 4,\r\n' +
    '  CAN: 60002,\r\n' +
    '  EP: 60003,\r\n' +
    '  XLBV: 60004,\r\n' +
    '  SX3: 60005,\r\n' +
    '  CVK: 60006,\r\n' +
    '};\r\n' +
    '\r\n' +
    '/**\r\n' +
    ' * Worker master data is sourced ONLY from the DB master configuration.\r\n' +
    ' *\r\n' +
    ' * Do not add process-specific frontend fallback lists here.\r\n' +
    ' * The process_id relation in the master tables is the single source of truth\r\n' +
    ' * for which NG / Trừ giờ are available to each công đoạn.\r\n' +
    ' */\r\n' +
    'export function useProcessMasterData(processId: number, processCode: string) {\r\n' +
    '  const [machineOptions, setMachineOptions] = useState<MachineOption[]>([]);\r\n' +
    '  const [productOptions, setProductOptions] = useState<ProductStandardOption[]>([]);\r\n' +
    '  const [activeNgOptions, setActiveNgOptions] = useState<WorkerMasterOption[]>([]);\r\n' +
    '  const [activeDeductionOptions, setActiveDeductionOptions] = useState<WorkerMasterOption[]>([]);\r\n' +
    '  const [loadingMasterData, setLoading] = useState(true);\r\n' +
    '  const requestGeneration = useRef(0);\r\n' +
    '\r\n' +
    '  const load = useCallback(async () => {\r\n' +
    '    const resolvedProcessId = Number.isInteger(processId) && processId > 0\r\n' +
    '      ? processId\r\n' +
    '      : PROCESS_ID_BY_CODE[String(processCode || "").trim().toUpperCase()] || 0;\r\n' +
    '\r\n' +
    '    if (!resolvedProcessId) {\r\n' +
    '      setMachineOptions([]);\r\n' +
    '      setProductOptions([]);\r\n' +
    '      setActiveNgOptions([]);\r\n' +
    '      setActiveDeductionOptions([]);\r\n' +
    '      setLoading(false);\r\n' +
    '      return;\r\n' +
    '    }\r\n' +
    '\r\n' +
    '    const generation = ++requestGeneration.current;\r\n' +
    '    setLoading(true);\r\n' +
    '\r\n' +
    '    const isProcessSelectionRoute =\r\n' +
    '      typeof window !== "undefined" &&\r\n' +
    '      window.location.pathname.replace(/\\/+$/, "").endsWith("/worker/process/select");\r\n' +
    '\r\n' +
    '    try {\r\n' +
    '      const [machines, products] = await Promise.allSettled([\r\n' +
    '        getCachedMachines(resolvedProcessId),\r\n' +
    '        getCachedProductStandards(resolvedProcessId, processCode),\r\n' +
    '      ]);\r\n' +
    '\r\n' +
    '      if (generation !== requestGeneration.current) return;\r\n' +
    '\r\n' +
    '      if (machines.status === "fulfilled") {\r\n' +
    '        setMachineOptions(machines.value);\r\n' +
    '      } else {\r\n' +
    '        setMachineOptions([]);\r\n' +
    '      }\r\n' +
    '\r\n' +
    '      if (products.status === "fulfilled") {\r\n' +
    '        // XUATNHAP / KTCD / TAIPP are real DB master rows with\r\n' +
    '        // standard_output=0. The form still requires a positive value for\r\n' +
    '        // normal products, so expose a UI-only placeholder of 1 for these\r\n' +
    '        // three codes. processReportSubmission converts them back to 0.\r\n' +
    '        // This does NOT create or modify DB master data.\r\n' +
    '        const workerProducts = processCode === "GC"\r\n' +
    '          ? products.value.map((product) => {\r\n' +
    '              const code = String(product.product_code || "").trim().toUpperCase();\r\n' +
    '              return ZERO_STANDARD_LONG_WORK_CODES.has(code)\r\n' +
    '                ? { ...product, standard_output: 1 }\r\n' +
    '                : product;\r\n' +
    '            })\r\n' +
    '          : products.value;\r\n' +
    '        setProductOptions(workerProducts);\r\n' +
    '      } else {\r\n' +
    '        setProductOptions([]);\r\n' +
    '      }\r\n' +
    '\r\n' +
    '      setLoading(false);\r\n' +
    '\r\n' +
    '      const optionalResults = await Promise.allSettled([\r\n' +
    '        getCachedDefects(resolvedProcessId),\r\n' +
    '        isProcessSelectionRoute\r\n' +
    '          ? Promise.resolve([] as Awaited<ReturnType<typeof getCachedDeductions>>)\r\n' +
    '          : getCachedDeductions(resolvedProcessId),\r\n' +
    '      ]);\r\n' +
    '\r\n' +
    '      if (generation !== requestGeneration.current) return;\r\n' +
    '\r\n' +
    '      const [defects, deductions] = optionalResults;\r\n' +
    '\r\n' +
    '      if (defects.status === "fulfilled") {\r\n' +
    '        setActiveNgOptions(normalizeDefectOptions(defects.value, resolvedProcessId));\r\n' +
    '      } else {\r\n' +
    '        setActiveNgOptions([]);\r\n' +
    '      }\r\n' +
    '\r\n' +
    '      if (deductions.status === "fulfilled") {\r\n' +
    '        setActiveDeductionOptions(\r\n' +
    '          normalizeDeductionOptions(deductions.value, resolvedProcessId),\r\n' +
    '        );\r\n' +
    '      } else {\r\n' +
    '        setActiveDeductionOptions([]);\r\n' +
    '      }\r\n' +
    '    } catch {\r\n' +
    '      if (generation === requestGeneration.current) {\r\n' +
    '        setLoading(false);\r\n' +
    '      }\r\n' +
    '    }\r\n' +
    '  }, [processId, processCode]);\r\n' +
    '\r\n' +
    '  useEffect(() => {\r\n' +
    '    let alive = true;\r\n' +
    '    void load();\r\n' +
    '\r\n' +
    '    const reloadAfterAuthRecovery = () => {\r\n' +
    '      if (!alive) return;\r\n' +
    '      void load();\r\n' +
    '    };\r\n' +
    '\r\n' +
    '    window.addEventListener("ktc:auth-ready", reloadAfterAuthRecovery);\r\n' +
    '    window.addEventListener(AUTH_EPOCH_CHANGED_EVENT, reloadAfterAuthRecovery);\r\n' +
    '    window.addEventListener(CONNECTION_RESTORED_EVENT, reloadAfterAuthRecovery);\r\n' +
    '\r\n' +
    '    return () => {\r\n' +
    '      alive = false;\r\n' +
    '      window.removeEventListener("ktc:auth-ready", reloadAfterAuthRecovery);\r\n' +
    '      window.removeEventListener(AUTH_EPOCH_CHANGED_EVENT, reloadAfterAuthRecovery);\r\n' +
    '      window.removeEventListener(CONNECTION_RESTORED_EVENT, reloadAfterAuthRecovery);\r\n' +
    '    };\r\n' +
    '  }, [load]);\r\n' +
    '\r\n' +
    '  return {\r\n' +
    '    machineOptions,\r\n' +
    '    productOptions,\r\n' +
    '    activeNgOptions,\r\n' +
    '    activeDeductionOptions,\r\n' +
    '    loadingMasterData,\r\n' +
    '  };\r\n' +
    '}'
  
      at TestContext.<anonymous> (F:\VSCode\worker-management-system\backend\tests\process-form-template-schema.test.js:30:10)
      at Test.runInAsyncScope (node:async_hooks:227:14)
      at Test.run (node:internal/test_runner/test:1382:25)
      at Test.processPendingSubtests (node:internal/test_runner/test:960:18)
      at Test.postRun (node:internal/test_runner/test:1522:19)
      at Test.run (node:internal/test_runner/test:1447:12)
      at async startSubtestAfterBootstrap (node:internal/test_runner/harness:387:3) {
    generatedMessage: true,
    code: 'ERR_ASSERTION',
    actual: 'import { useCallback, useEffect, useRef, useState } from "react";\r\nimport type { MachineOption, ProductStandardOption } from "../../services/masterDataService";\r\nimport {\r\n  getCachedMachines,\r\n  getCachedProductStandards,\r\n  getCachedDefects,\r\n  getCachedDeductions,\r\n} from "../../services/masterDataCache";\r\nimport {\r\n  normalizeDefectOptions,\r\n  normalizeDeductionOptions,\r\n  type WorkerMasterOption,\r\n} from "./processMasterDataNormalization";\r\nimport {\r\n  AUTH_EPOCH_CHANGED_EVENT,\r\n  CONNECTION_RESTORED_EVENT,\r\n} from "../../services/authRuntimeEvents";\r\n\r\nconst ZERO_STANDARD_LONG_WORK_CODES = new Set(["XUATNHAP", "KTCD", "TAIPP"]);\r\nconst PROCESS_ID_BY_CODE: Record<string, number> = {\r\n  GC: 1,\r\n  MAI: 2,\r\n  DO: 60001,\r\n  K1: 3,\r\n  K2: 4,\r\n  CAN: 60002,\r\n  EP: 60003,\r\n  XLBV: 60004,\r\n  SX3: 60005,\r\n  CVK: 60006,\r\n};\r\n\r\n/**\r\n * Worker master data is sourced ONLY from the DB master configuration.\r\n *\r\n * Do not add process-specific frontend fallback lists here.\r\n * The process_id relation in the master tables is the single source of truth\r\n * for which NG / Trừ giờ are available to each công đoạn.\r\n */\r\nexport function useProcessMasterData(processId: number, processCode: string) {\r\n  const [machineOptions, setMachineOptions] = useState<MachineOption[]>([]);\r\n  const [productOptions, setProductOptions] = useState<ProductStandardOption[]>([]);\r\n  const [activeNgOptions, setActiveNgOptions] = useState<WorkerMasterOption[]>([]);\r\n  const [activeDeductionOptions, setActiveDeductionOptions] = useState<WorkerMasterOption[]>([]);\r\n  const [loadingMasterData, setLoading] = useState(true);\r\n  const requestGeneration = useRef(0);\r\n\r\n  const load = useCallback(async () => {\r\n    const resolvedProcessId = Number.isInteger(processId) && processId > 0\r\n      ? processId\r\n      : PROCESS_ID_BY_CODE[String(processCode || "").trim().toUpperCase()] || 0;\r\n\r\n    if (!resolvedProcessId) {\r\n      setMachineOptions([]);\r\n      setProductOptions([]);\r\n      setActiveNgOptions([]);\r\n      setActiveDeductionOptions([]);\r\n      setLoading(false);\r\n      return;\r\n    }\r\n\r\n    const generation = ++requestGeneration.current;\r\n    setLoading(true);\r\n\r\n    const isProcessSelectionRoute =\r\n      typeof window !== "undefined" &&\r\n      window.location.pathname.replace(/\\/+$/, "").endsWith("/worker/process/select");\r\n\r\n    try {\r\n      const [machines, products] = await Promise.allSettled([\r\n        getCachedMachines(resolvedProcessId),\r\n        getCachedProductStandards(resolvedProcessId, processCode),\r\n      ]);\r\n\r\n      if (generation !== requestGeneration.current) return;\r\n\r\n      if (machines.status === "fulfilled") {\r\n        setMachineOptions(machines.value);\r\n      } else {\r\n        setMachineOptions([]);\r\n      }\r\n\r\n      if (products.status === "fulfilled") {\r\n        // XUATNHAP / KTCD / TAIPP are real DB master rows with\r\n        // standard_output=0. The form still requires a positive value for\r\n        // normal products, so expose a UI-only placeholder of 1 for these\r\n        // three codes. processReportSubmission converts them back to 0.\r\n        // This does NOT create or modify DB master data.\r\n        const workerProducts = processCode === "GC"\r\n          ? products.value.map((product) => {\r\n              const code = String(product.product_code || "").trim().toUpperCase();\r\n              return ZERO_STANDARD_LONG_WORK_CODES.has(code)\r\n                ? { ...product, standard_output: 1 }\r\n                : product;\r\n            })\r\n          : products.value;\r\n        setProductOptions(workerProducts);\r\n      } else {\r\n        setProductOptions([]);\r\n      }\r\n\r\n      setLoading(false);\r\n\r\n      const optionalResults = await Promise.allSettled([\r\n        getCachedDefects(resolvedProcessId),\r\n        isProcessSelectionRoute\r\n          ? Promise.resolve([] as Awaited<ReturnType<typeof getCachedDeductions>>)\r\n          : getCachedDeductions(resolvedProcessId),\r\n      ]);\r\n\r\n      if (generation !== requestGeneration.current) return;\r\n\r\n      const [defects, deductions] = optionalResults;\r\n\r\n      if (defects.status === "fulfilled") {\r\n        setActiveNgOptions(normalizeDefectOptions(defects.value, resolvedProcessId));\r\n      } else {\r\n        setActiveNgOptions([]);\r\n      }\r\n\r\n      if (deductions.status === "fulfilled") {\r\n        setActiveDeductionOptions(\r\n          normalizeDeductionOptions(deductions.value, resolvedProcessId),\r\n        );\r\n      } else {\r\n        setActiveDeductionOptions([]);\r\n      }\r\n    } catch {\r\n      if (generation === requestGeneration.current) {\r\n        setLoading(false);\r\n      }\r\n    }\r\n  }, [processId, processCode]);\r\n\r\n  useEffect(() => {\r\n    let alive = true;\r\n    void load();\r\n\r\n    const reloadAfterAuthRecovery = () => {\r\n      if (!alive) return;\r\n      void load();\r\n    };\r\n\r\n    window.addEventListener("ktc:auth-ready", reloadAfterAuthRecovery);\r\n    window.addEventListener(AUTH_EPOCH_CHANGED_EVENT, reloadAfterAuthRecovery);\r\n    window.addEventListener(CONNECTION_RESTORED_EVENT, reloadAfterAuthRecovery);\r\n\r\n    return () => {\r\n      alive = false;\r\n      window.removeEventListener("ktc:auth-ready", reloadAfterAuthRecovery);\r\n      window.removeEventListener(AUTH_EPOCH_CHANGED_EVENT, reloadAfterAuthRecovery);\r\n      window.removeEventListener(CONNECTION_RESTORED_EVENT, reloadAfterAuthRecovery);\r\n    };\r\n  }, [load]);\r\n\r\n  return {\r\n    machineOptions,\r\n    productOptions,\r\n    activeNgOptions,\r\n    activeDeductionOptions,\r\n    loadingMasterData,\r\n  };\r\n}',
    expected: /getCachedDeductions\(processId\)/,
    operator: 'match',
    diff: 'simple'
  }

test at backend\tests\process-machine-policy.test.js:6:1
✖ machine policies match real KTC factory rules 2026-08-10 (2.8809ms)
  AssertionError [ERR_ASSERTION]: Expected values to be strictly equal:
  + actual - expected
  
  + 'SINGLE_MACHINE_REQUIRED'
  - 'MANUAL_OR_SINGLE_MACHINE'
  
      at TestContext.<anonymous> (F:\VSCode\worker-management-system\backend\tests\process-machine-policy.test.js:11:10)
      at Test.runInAsyncScope (node:async_hooks:227:14)
      at Test.run (node:internal/test_runner/test:1382:25)
      at Test.start (node:internal/test_runner/test:1242:17)
      at startSubtestAfterBootstrap (node:internal/test_runner/harness:387:17) {
    generatedMessage: true,
    code: 'ERR_ASSERTION',
    actual: 'SINGLE_MACHINE_REQUIRED',
    expected: 'MANUAL_OR_SINGLE_MACHINE',
    operator: 'strictEqual',
    diff: 'simple'
  }

test at backend\tests\production-calculation-contract.test.js:6:1
✖ desktop fallback calculation engine is byte-identical to backend canonical engine (5.8161ms)
  AssertionError [ERR_ASSERTION]: Desktop engine mirror must be copied from backend canonical engine
  + actual - expected
  ... Skipped lines
  
    "'use strict';\r\n" +
      '\r\n' +
      "const { isKqdDefect } = require('../../shared/kqdPolicy.cjs');\r\n" +
      '\r\n' +
      'const DEFAULT_SETTINGS = Object.freeze({\r\n' +
  ...
      'function defectCode(item) {\r\n' +
  -   '  // F04: only an explicitly configured defect CODE can carry KQD semantics.\r\n' +
  -   '  // Human-readable names are never business authority.\r\n' +
      '  return normalizeCode(item?.defect_type_code || item?.defect_code || item?.code);\r\n' +
      '}\r\n' +
      '\r\n' +
      'function calculateNg(report = {}) {\r\n' +
      '  const details = Array.isArray(report.defects) ? report.defects : [];\r\n' +
  ...
      '\r\n' +
  +   '  // production_reports.tt_ng is the database snapshot used by the approved\r\n' +
  +   '  // report. When details are present, keep the detail totals available for\r\n' +
  +   '  // diagnostics, but do not replace the DB value during Excel export.\r\n' +
  +   '  const databaseNg = asInteger(report.tt_ng);\r\n' +
      '  if (!details.length) {\r\n' +
  -   '    const total = asInteger(report.tt_ng);\r\n' +
      '    return {\r\n' +
  +   '      allNg: databaseNg,\r\n' +
  +   '      countedNg: databaseNg,\r\n' +
  -   '      allNg: total,\r\n' +
  -   '      countedNg: total,\r\n' +
      '      excludedKqd: 0,\r\n' +
      '      excludeKqd\r\n' +
      '    };\r\n' +
      '  }\r\n' +
      '\r\n' +
  +   '  let detailNg = 0;\r\n' +
  -   '  let allNg = 0;\r\n' +
  -   '  let countedNg = 0;\r\n' +
      '  let excludedKqd = 0;\r\n' +
      '  for (const item of details) {\r\n' +
      '    const quantity = defectQuantity(item);\r\n' +
  +   '    detailNg += quantity;\r\n' +
  -   '    allNg += quantity;\r\n' +
      '    if (excludeKqd && isKqdDefect({ defect_code: defectCode(item) })) excludedKqd += quantity;\r\n' +
  -   '    else countedNg += quantity;\r\n' +
      '  }\r\n' +
      '\r\n' +
  +   '  return {\r\n' +
  +   '    allNg: databaseNg,\r\n' +
  +   '    countedNg: databaseNg,\r\n' +
  +   '    excludedKqd,\r\n' +
  +   '    detailNg,\r\n' +
  +   '    excludeKqd\r\n' +
  +   '  };\r\n' +
  -   '  return { allNg, countedNg, excludedKqd, excludeKqd };\r\n' +
      '}\r\n' +
      '\r\n' +
      'function machineLineHours(report = {}) {\r\n' +
      '  const lines = Array.isArray(report.machineLines) ? report.machineLines : [];\r\n' +
      '  return lines.reduce((sum, line) => (\r\n' +
  ...
      'function calculateActualTime(report = {}, settings = {}, workingTime = null, deductionTime = null) {\r\n' +
  +   '  // For approved database reports, actual_time is an immutable DB snapshot.\r\n' +
  +   '  // Never recompute it from working/deduction hours for Excel export.\r\n' +
  +   '  const databaseActualTime = asNumber(report.actual_time);\r\n' +
  +   '  if (databaseActualTime !== null) return databaseActualTime;\r\n' +
  +   '\r\n' +
      '  const resolved = resolveSettings(settings);\r\n' +
      '  const working = workingTime === null ? asNumber(report.total_time) : asNumber(workingTime);\r\n' +
      '  const deduction = deductionTime === null ? asNumber(report.deduction_time) : asNumber(deductionTime);\r\n' +
      '\r\n' +
      "  if (resolved.actual_time_formula === 'WORKING_MINUS_DEDUCTION') {\r\n" +
  ...
      '  }\r\n' +
  +   '  return databaseActualTime;\r\n' +
  -   '  return asNumber(report.actual_time);\r\n' +
      '}\r\n' +
      '\r\n' +
  +   'function calculateAdjustedOutput({ enteredOutput, ok, countedNg, factor, settings = {}, databaseOutput = null }) {\r\n' +
  +   '  // actual_output is stored by the report and must be preserved in Excel.\r\n' +
  +   '  if (databaseOutput !== null && databaseOutput !== undefined) return asInteger(databaseOutput);\r\n' +
  +   '\r\n' +
  -   'function calculateAdjustedOutput({ enteredOutput, ok, countedNg, factor, settings = {} }) {\r\n' +
      '  const resolved = resolveSettings(settings);\r\n' +
      '  let output = null;\r\n' +
      "  if (resolved.output_formula === 'ENTERED_OUTPUT') output = enteredOutput;\r\n" +
      "  else if (resolved.output_formula === 'OK_PLUS_NG') {\r\n" +
      '    output = ok !== null && countedNg !== null ? ok + countedNg : null;\r\n' +
  ...
      '  const resolved = resolveSettings(settings);\r\n' +
  +   '\r\n' +
  +   '  // These values are database columns. They are deliberately read directly\r\n' +
  +   '  // and are not recalculated for Excel. This keeps Desktop output identical to\r\n' +
  +   '  // the approved production_reports record.\r\n' +
      '  const workingTime = asNumber(report.total_time);\r\n' +
      '  const deductionTime = asNumber(report.deduction_time);\r\n' +
  +   '  const actualTime = asNumber(report.actual_time);\r\n' +
  -   '  const actualTime = calculateActualTime(report, resolved, workingTime, deductionTime);\r\n' +
      '  const ok = asInteger(report.tt_ok);\r\n' +
      '  const ng = calculateNg(report);\r\n' +
  +   '  const enteredOutput = asInteger(report.actual_output);\r\n' +
  +   "  const trainingPercent = Object.prototype.hasOwnProperty.call(report, 'training_percent_snapshot')\r\n" +
  +   "    && (report.training_percent_snapshot === null || report.training_percent_snapshot === undefined || String(report.training_percent_snapshot).trim() === '')\r\n" +
  -   '  const fallbackEnteredOutput = ok !== null && ng.countedNg !== null ? ok + ng.countedNg : null;\r\n' +
  -   '  const enteredOutput = asInteger(report.actual_output ?? fallbackEnteredOutput);\r\n' +
  -   "  const hasSnapshotField = Object.prototype.hasOwnProperty.call(report, 'training_percent_snapshot');\r\n" +
  -   "  const snapshotMissing = hasSnapshotField && (report.training_percent_snapshot === null || report.training_percent_snapshot === undefined || String(report.training_percent_snapshot).trim() === '');\r\n" +
  -   '  const trainingPercent = snapshotMissing\r\n' +
      '    ? null\r\n' +
  +   '    : normalizeTrainingPercent(\r\n' +
  +   "      Object.prototype.hasOwnProperty.call(report, 'training_percent_snapshot')\r\n" +
  +   '        ? report.training_percent_snapshot\r\n' +
  +   '        : report.training_percent\r\n' +
  +   '    );\r\n' +
  -   '    : normalizeTrainingPercent(hasSnapshotField ? report.training_percent_snapshot : report.training_percent);\r\n' +
      '  const factor = trainingPercent === null ? null : trainingPercent / 100;\r\n' +
      '  const standard = asNumber(report.standard_output);\r\n' +
      '  const machinePerformance = report.machinePerformance || report.machine_performance || null;\r\n' +
      '  const hasMachinePerformance = Number(machinePerformance?.machine_count || 0) > 0;\r\n' +
      '\r\n' +
  +   '  const adjustedOutput = calculateAdjustedOutput({\r\n' +
  -   '  let adjustedOutput = calculateAdjustedOutput({\r\n' +
      '    enteredOutput,\r\n' +
      '    ok,\r\n' +
      '    countedNg: ng.countedNg,\r\n' +
      '    factor,\r\n' +
  +   '    settings: resolved,\r\n' +
  +   '    databaseOutput: enteredOutput\r\n' +
  -   '    settings: resolved\r\n' +
      '  });\r\n' +
  +   '\r\n' +
      '  let outputPerHour = null;\r\n' +
      '  let achievement = null;\r\n' +
  +   '  let plannedOutput = null;\r\n' +
  -   '  let plannedOutput = standard !== null && actualTime !== null && (!resolved.apply_training_percent || factor !== null)\r\n' +
  -   '    ? standard * actualTime * (resolved.apply_training_percent ? factor : 1)\r\n' +
  -   '    : null;\r\n' +
      '\r\n' +
  -   '  // Multi-machine reports already carry a validated aggregate snapshot from the backend.\r\n' +
  -   '  // Preserve that physical machine result while exposing it through the same metrics contract.\r\n' +
      '  if (hasMachinePerformance) {\r\n' +
  +   '    // Machine performance is itself a backend snapshot. Preserve it when it\r\n' +
  +   '    // exists, otherwise use the DB report fields above.\r\n' +
  +   '    outputPerHour = actualTime && adjustedOutput !== null ? adjustedOutput / actualTime : null;\r\n' +
  -   '    adjustedOutput = asNumber(machinePerformance.counted_output);\r\n' +
      '    plannedOutput = asNumber(machinePerformance.maximum_output);\r\n' +
  -   '    outputPerHour = actualTime && adjustedOutput !== null ? adjustedOutput / actualTime : null;\r\n' +
      '    achievement = plannedOutput ? adjustedOutput / plannedOutput : null;\r\n' +
      '  } else {\r\n' +
  +   '    outputPerHour = actualTime && adjustedOutput !== null ? adjustedOutput / actualTime : null;\r\n' +
  +   '    achievement = outputPerHour !== null && standard ? outputPerHour / standard : null;\r\n' +
  +   '    plannedOutput = standard !== null && actualTime !== null && factor !== null\r\n' +
  +   '      ? standard * actualTime * factor\r\n' +
  -   "    const perHourNumerator = resolved.output_per_hour_formula === 'ENTERED_OUTPUT_DIV_ACTUAL_TIME'\r\n" +
  -   '      ? enteredOutput\r\n' +
  -   '      : adjustedOutput;\r\n' +
  -   '    outputPerHour = actualTime && perHourNumerator !== null ? perHourNumerator / actualTime : null;\r\n' +
  -   "    achievement = resolved.achievement_formula === 'OUTPUT_PER_HOUR_DIV_STANDARD' && outputPerHour !== null && standard\r\n" +
  -   '      ? outputPerHour / standard\r\n' +
      '      : null;\r\n' +
      '  }\r\n' +
      '\r\n' +
      '  let ngRate = null;\r\n' +
      "  if (resolved.ng_rate_formula === 'NG_DIV_ENTERED_OUTPUT') {\r\n" +
  ...
      '    trainingFactor: factor,\r\n' +
  +   '    trainingSnapshotAvailable: !(\r\n' +
  +   "      Object.prototype.hasOwnProperty.call(report, 'training_percent_snapshot')\r\n" +
  +   "      && (report.training_percent_snapshot === null || report.training_percent_snapshot === undefined || String(report.training_percent_snapshot).trim() === '')\r\n" +
  +   '    ),\r\n' +
  -   '    trainingSnapshotAvailable: !snapshotMissing,\r\n' +
      '    workingTime,\r\n' +
      '    deductionTime,\r\n' +
      '    actualTime,\r\n' +
      '    ok,\r\n' +
      '    allNg: ng.allNg,\r\n' +
      '    countedNg: ng.countedNg,\r\n' +
      '    excludedKqd: ng.excludedKqd,\r\n' +
  +   '    detailNg: ng.detailNg,\r\n' +
      '    enteredOutput,\r\n' +
      '    adjustedOutput,\r\n' +
      '    standard,\r\n' +
      '    plannedOutput,\r\n' +
      '    outputPerHour,\r\n' +
  
      at TestContext.<anonymous> (F:\VSCode\worker-management-system\backend\tests\production-calculation-contract.test.js:9:10)
      at Test.runInAsyncScope (node:async_hooks:227:14)
      at Test.run (node:internal/test_runner/test:1382:25)
      at Test.start (node:internal/test_runner/test:1242:17)
      at startSubtestAfterBootstrap (node:internal/test_runner/harness:387:17) {
    generatedMessage: false,
    code: 'ERR_ASSERTION',
    actual: "'use strict';\r\n\r\nconst { isKqdDefect } = require('../../shared/kqdPolicy.cjs');\r\n\r\nconst DEFAULT_SETTINGS = Object.freeze({\r\n  apply_training_percent: 1,\r\n  output_formula: 'ENTERED_X_TRAINING',\r\n  output_per_hour_formula: 'ADJUSTED_OUTPUT_DIV_ACTUAL_TIME',\r\n  achievement_formula: 'OUTPUT_PER_HOUR_DIV_STANDARD',\r\n  ng_rate_formula: 'NG_DIV_OK_PLUS_NG',\r\n  actual_time_formula: 'DATABASE_SNAPSHOT'\r\n});\r\n\r\nfunction asNumber(value) {\r\n  if (value === null || value === undefined || value === '') return null;\r\n  const number = Number(String(value).replace(/,/g, '').trim());\r\n  return Number.isFinite(number) ? number : null;\r\n}\r\n\r\nfunction asInteger(value) {\r\n  const number = asNumber(value);\r\n  return number === null ? null : Math.round(number);\r\n}\r\n\r\nfunction normalizeTrainingPercent(value, defaultPercent = 100) {\r\n  if (value === null || value === undefined) return defaultPercent;\r\n  if (typeof value === 'string' && value.trim() === '') return defaultPercent;\r\n  const number = asNumber(value);\r\n  if (number === null) return defaultPercent;\r\n  return Math.min(100, Math.max(0, number));\r\n}\r\n\r\nfunction trainingFactor(value, defaultPercent = 100) {\r\n  return normalizeTrainingPercent(value, defaultPercent) / 100;\r\n}\r\n\r\nfunction normalizeCode(value) {\r\n  return String(value ?? '').trim().toUpperCase();\r\n}\r\n\r\nfunction defectQuantity(item) {\r\n  return asInteger(item?.quantity) || 0;\r\n}\r\n\r\nfunction defectCode(item) {\r\n  return normalizeCode(item?.defect_type_code || item?.defect_code || item?.code);\r\n}\r\n\r\nfunction calculateNg(report = {}) {\r\n  const details = Array.isArray(report.defects) ? report.defects : [];\r\n  const hasKqdSnapshot = Object.prototype.hasOwnProperty.call(report, 'exclude_kqd_from_tt_snapshot');\r\n  const kqdPolicyValue = hasKqdSnapshot ? report.exclude_kqd_from_tt_snapshot : report.exclude_kqd_from_tt;\r\n  const excludeKqd = Number(kqdPolicyValue || 0) === 1;\r\n\r\n  // production_reports.tt_ng is the database snapshot used by the approved\r\n  // report. When details are present, keep the detail totals available for\r\n  // diagnostics, but do not replace the DB value during Excel export.\r\n  const databaseNg = asInteger(report.tt_ng);\r\n  if (!details.length) {\r\n    return {\r\n      allNg: databaseNg,\r\n      countedNg: databaseNg,\r\n      excludedKqd: 0,\r\n      excludeKqd\r\n    };\r\n  }\r\n\r\n  let detailNg = 0;\r\n  let excludedKqd = 0;\r\n  for (const item of details) {\r\n    const quantity = defectQuantity(item);\r\n    detailNg += quantity;\r\n    if (excludeKqd && isKqdDefect({ defect_code: defectCode(item) })) excludedKqd += quantity;\r\n  }\r\n\r\n  return {\r\n    allNg: databaseNg,\r\n    countedNg: databaseNg,\r\n    excludedKqd,\r\n    detailNg,\r\n    excludeKqd\r\n  };\r\n}\r\n\r\nfunction machineLineHours(report = {}) {\r\n  const lines = Array.isArray(report.machineLines) ? report.machineLines : [];\r\n  return lines.reduce((sum, line) => (\r\n    sum + (asNumber(line?.hours ?? line?.actual_time ?? line?.machine_time) || 0)\r\n  ), 0);\r\n}\r\n\r\nfunction resolveSettings(settings = {}) {\r\n  return { ...DEFAULT_SETTINGS, ...(settings || {}) };\r\n}\r\n\r\nfunction calculateActualTime(report = {}, settings = {}, workingTime = null, deductionTime = null) {\r\n  // For approved database reports, actual_time is an immutable DB snapshot.\r\n  // Never recompute it from working/deduction hours for Excel export.\r\n  const databaseActualTime = asNumber(report.actual_time);\r\n  if (databaseActualTime !== null) return databaseActualTime;\r\n\r\n  const resolved = resolveSettings(settings);\r\n  const working = workingTime === null ? asNumber(report.total_time) : asNumber(workingTime);\r\n  const deduction = deductionTime === null ? asNumber(report.deduction_time) : asNumber(deductionTime);\r\n\r\n  if (resolved.actual_time_formula === 'WORKING_MINUS_DEDUCTION') {\r\n    return working === null ? null : Math.max(0, working - (deduction || 0));\r\n  }\r\n  if (resolved.actual_time_formula === 'MACHINE_LINES_SUM') {\r\n    const sum = machineLineHours(report);\r\n    return sum > 0 ? sum : asNumber(report.actual_time);\r\n  }\r\n  return databaseActualTime;\r\n}\r\n\r\nfunction calculateAdjustedOutput({ enteredOutput, ok, countedNg, factor, settings = {}, databaseOutput = null }) {\r\n  // actual_output is stored by the report and must be preserved in Excel.\r\n  if (databaseOutput !== null && databaseOutput !== undefined) return asInteger(databaseOutput);\r\n\r\n  const resolved = resolveSettings(settings);\r\n  let output = null;\r\n  if (resolved.output_formula === 'ENTERED_OUTPUT') output = enteredOutput;\r\n  else if (resolved.output_formula === 'OK_PLUS_NG') {\r\n    output = ok !== null && countedNg !== null ? ok + countedNg : null;\r\n  } else if (resolved.output_formula === 'OK_X_TRAINING') {\r\n    output = ok === null || (resolved.apply_training_percent && factor === null) ? null : ok * (resolved.apply_training_percent ? factor : 1);\r\n  } else {\r\n    output = enteredOutput === null || (resolved.apply_training_percent && factor === null) ? null : enteredOutput * (resolved.apply_training_percent ? factor : 1);\r\n  }\r\n  return output === null ? null : Math.round(output);\r\n}\r\n\r\nfunction calculateProductionMetrics(report = {}, settings = {}) {\r\n  const resolved = resolveSettings(settings);\r\n\r\n  // These values are database columns. They are deliberately read directly\r\n  // and are not recalculated for Excel. This keeps Desktop output identical to\r\n  // the approved production_reports record.\r\n  const workingTime = asNumber(report.total_time);\r\n  const deductionTime = asNumber(report.deduction_time);\r\n  const actualTime = asNumber(report.actual_time);\r\n  const ok = asInteger(report.tt_ok);\r\n  const ng = calculateNg(report);\r\n  const enteredOutput = asInteger(report.actual_output);\r\n  const trainingPercent = Object.prototype.hasOwnProperty.call(report, 'training_percent_snapshot')\r\n    && (report.training_percent_snapshot === null || report.training_percent_snapshot === undefined || String(report.training_percent_snapshot).trim() === '')\r\n    ? null\r\n    : normalizeTrainingPercent(\r\n      Object.prototype.hasOwnProperty.call(report, 'training_percent_snapshot')\r\n        ? report.training_percent_snapshot\r\n        : report.training_percent\r\n    );\r\n  const factor = trainingPercent === null ? null : trainingPercent / 100;\r\n  const standard = asNumber(report.standard_output);\r\n  const machinePerformance = report.machinePerformance || report.machine_performance || null;\r\n  const hasMachinePerformance = Number(machinePerformance?.machine_count || 0) > 0;\r\n\r\n  const adjustedOutput = calculateAdjustedOutput({\r\n    enteredOutput,\r\n    ok,\r\n    countedNg: ng.countedNg,\r\n    factor,\r\n    settings: resolved,\r\n    databaseOutput: enteredOutput\r\n  });\r\n\r\n  let outputPerHour = null;\r\n  let achievement = null;\r\n  let plannedOutput = null;\r\n\r\n  if (hasMachinePerformance) {\r\n    // Machine performance is itself a backend snapshot. Preserve it when it\r\n    // exists, otherwise use the DB report fields above.\r\n    outputPerHour = actualTime && adjustedOutput !== null ? adjustedOutput / actualTime : null;\r\n    plannedOutput = asNumber(machinePerformance.maximum_output);\r\n    achievement = plannedOutput ? adjustedOutput / plannedOutput : null;\r\n  } else {\r\n    outputPerHour = actualTime && adjustedOutput !== null ? adjustedOutput / actualTime : null;\r\n    achievement = outputPerHour !== null && standard ? outputPerHour / standard : null;\r\n    plannedOutput = standard !== null && actualTime !== null && factor !== null\r\n      ? standard * actualTime * factor\r\n      : null;\r\n  }\r\n\r\n  let ngRate = null;\r\n  if (resolved.ng_rate_formula === 'NG_DIV_ENTERED_OUTPUT') {\r\n    ngRate = enteredOutput ? ng.allNg / enteredOutput : null;\r\n  } else {\r\n    const denominator = ok !== null && ng.allNg !== null ? ok + ng.allNg : null;\r\n    ngRate = denominator ? ng.allNg / denominator : null;\r\n  }\r\n\r\n  return {\r\n    trainingPercent,\r\n    trainingFactor: factor,\r\n    trainingSnapshotAvailable: !(\r\n      Object.prototype.hasOwnProperty.call(report, 'training_percent_snapshot')\r\n      && (report.training_percent_snapshot === null || report.training_percent_snapshot === undefined || String(report.training_percent_snapshot).trim() === '')\r\n    ),\r\n    workingTime,\r\n    deductionTime,\r\n    actualTime,\r\n    ok,\r\n    allNg: ng.allNg,\r\n    countedNg: ng.countedNg,\r\n    excludedKqd: ng.excludedKqd,\r\n    detailNg: ng.detailNg,\r\n    enteredOutput,\r\n    adjustedOutput,\r\n    standard,\r\n    plannedOutput,\r\n    outputPerHour,\r\n    achievement,\r\n    ngRate,\r\n    hasMachinePerformance\r\n  };\r\n}\r\n\r\nmodule.exports = {\r\n  DEFAULT_SETTINGS,\r\n  asNumber,\r\n  asInteger,\r\n  normalizeTrainingPercent,\r\n  trainingFactor,\r\n  calculateNg,\r\n  machineLineHours,\r\n  resolveSettings,\r\n  calculateActualTime,\r\n  calculateAdjustedOutput,\r\n  calculateProductionMetrics\r\n};\r\n",
    expected: "'use strict';\r\n\r\nconst { isKqdDefect } = require('../../shared/kqdPolicy.cjs');\r\n\r\nconst DEFAULT_SETTINGS = Object.freeze({\r\n  apply_training_percent: 1,\r\n  output_formula: 'ENTERED_X_TRAINING',\r\n  output_per_hour_formula: 'ADJUSTED_OUTPUT_DIV_ACTUAL_TIME',\r\n  achievement_formula: 'OUTPUT_PER_HOUR_DIV_STANDARD',\r\n  ng_rate_formula: 'NG_DIV_OK_PLUS_NG',\r\n  actual_time_formula: 'DATABASE_SNAPSHOT'\r\n});\r\n\r\nfunction asNumber(value) {\r\n  if (value === null || value === undefined || value === '') return null;\r\n  const number = Number(String(value).replace(/,/g, '').trim());\r\n  return Number.isFinite(number) ? number : null;\r\n}\r\n\r\nfunction asInteger(value) {\r\n  const number = asNumber(value);\r\n  return number === null ? null : Math.round(number);\r\n}\r\n\r\nfunction normalizeTrainingPercent(value, defaultPercent = 100) {\r\n  if (value === null || value === undefined) return defaultPercent;\r\n  if (typeof value === 'string' && value.trim() === '') return defaultPercent;\r\n  const number = asNumber(value);\r\n  if (number === null) return defaultPercent;\r\n  return Math.min(100, Math.max(0, number));\r\n}\r\n\r\nfunction trainingFactor(value, defaultPercent = 100) {\r\n  return normalizeTrainingPercent(value, defaultPercent) / 100;\r\n}\r\n\r\nfunction normalizeCode(value) {\r\n  return String(value ?? '').trim().toUpperCase();\r\n}\r\n\r\nfunction defectQuantity(item) {\r\n  return asInteger(item?.quantity) || 0;\r\n}\r\n\r\nfunction defectCode(item) {\r\n  // F04: only an explicitly configured defect CODE can carry KQD semantics.\r\n  // Human-readable names are never business authority.\r\n  return normalizeCode(item?.defect_type_code || item?.defect_code || item?.code);\r\n}\r\n\r\nfunction calculateNg(report = {}) {\r\n  const details = Array.isArray(report.defects) ? report.defects : [];\r\n  const hasKqdSnapshot = Object.prototype.hasOwnProperty.call(report, 'exclude_kqd_from_tt_snapshot');\r\n  const kqdPolicyValue = hasKqdSnapshot ? report.exclude_kqd_from_tt_snapshot : report.exclude_kqd_from_tt;\r\n  const excludeKqd = Number(kqdPolicyValue || 0) === 1;\r\n\r\n  if (!details.length) {\r\n    const total = asInteger(report.tt_ng);\r\n    return {\r\n      allNg: total,\r\n      countedNg: total,\r\n      excludedKqd: 0,\r\n      excludeKqd\r\n    };\r\n  }\r\n\r\n  let allNg = 0;\r\n  let countedNg = 0;\r\n  let excludedKqd = 0;\r\n  for (const item of details) {\r\n    const quantity = defectQuantity(item);\r\n    allNg += quantity;\r\n    if (excludeKqd && isKqdDefect({ defect_code: defectCode(item) })) excludedKqd += quantity;\r\n    else countedNg += quantity;\r\n  }\r\n\r\n  return { allNg, countedNg, excludedKqd, excludeKqd };\r\n}\r\n\r\nfunction machineLineHours(report = {}) {\r\n  const lines = Array.isArray(report.machineLines) ? report.machineLines : [];\r\n  return lines.reduce((sum, line) => (\r\n    sum + (asNumber(line?.hours ?? line?.actual_time ?? line?.machine_time) || 0)\r\n  ), 0);\r\n}\r\n\r\nfunction resolveSettings(settings = {}) {\r\n  return { ...DEFAULT_SETTINGS, ...(settings || {}) };\r\n}\r\n\r\nfunction calculateActualTime(report = {}, settings = {}, workingTime = null, deductionTime = null) {\r\n  const resolved = resolveSettings(settings);\r\n  const working = workingTime === null ? asNumber(report.total_time) : asNumber(workingTime);\r\n  const deduction = deductionTime === null ? asNumber(report.deduction_time) : asNumber(deductionTime);\r\n\r\n  if (resolved.actual_time_formula === 'WORKING_MINUS_DEDUCTION') {\r\n    return working === null ? null : Math.max(0, working - (deduction || 0));\r\n  }\r\n  if (resolved.actual_time_formula === 'MACHINE_LINES_SUM') {\r\n    const sum = machineLineHours(report);\r\n    return sum > 0 ? sum : asNumber(report.actual_time);\r\n  }\r\n  return asNumber(report.actual_time);\r\n}\r\n\r\nfunction calculateAdjustedOutput({ enteredOutput, ok, countedNg, factor, settings = {} }) {\r\n  const resolved = resolveSettings(settings);\r\n  let output = null;\r\n  if (resolved.output_formula === 'ENTERED_OUTPUT') output = enteredOutput;\r\n  else if (resolved.output_formula === 'OK_PLUS_NG') {\r\n    output = ok !== null && countedNg !== null ? ok + countedNg : null;\r\n  } else if (resolved.output_formula === 'OK_X_TRAINING') {\r\n    output = ok === null || (resolved.apply_training_percent && factor === null) ? null : ok * (resolved.apply_training_percent ? factor : 1);\r\n  } else {\r\n    output = enteredOutput === null || (resolved.apply_training_percent && factor === null) ? null : enteredOutput * (resolved.apply_training_percent ? factor : 1);\r\n  }\r\n  return output === null ? null : Math.round(output);\r\n}\r\n\r\nfunction calculateProductionMetrics(report = {}, settings = {}) {\r\n  const resolved = resolveSettings(settings);\r\n  const workingTime = asNumber(report.total_time);\r\n  const deductionTime = asNumber(report.deduction_time);\r\n  const actualTime = calculateActualTime(report, resolved, workingTime, deductionTime);\r\n  const ok = asInteger(report.tt_ok);\r\n  const ng = calculateNg(report);\r\n  const fallbackEnteredOutput = ok !== null && ng.countedNg !== null ? ok + ng.countedNg : null;\r\n  const enteredOutput = asInteger(report.actual_output ?? fallbackEnteredOutput);\r\n  const hasSnapshotField = Object.prototype.hasOwnProperty.call(report, 'training_percent_snapshot');\r\n  const snapshotMissing = hasSnapshotField && (report.training_percent_snapshot === null || report.training_percent_snapshot === undefined || String(report.training_percent_snapshot).trim() === '');\r\n  const trainingPercent = snapshotMissing\r\n    ? null\r\n    : normalizeTrainingPercent(hasSnapshotField ? report.training_percent_snapshot : report.training_percent);\r\n  const factor = trainingPercent === null ? null : trainingPercent / 100;\r\n  const standard = asNumber(report.standard_output);\r\n  const machinePerformance = report.machinePerformance || report.machine_performance || null;\r\n  const hasMachinePerformance = Number(machinePerformance?.machine_count || 0) > 0;\r\n\r\n  let adjustedOutput = calculateAdjustedOutput({\r\n    enteredOutput,\r\n    ok,\r\n    countedNg: ng.countedNg,\r\n    factor,\r\n    settings: resolved\r\n  });\r\n  let outputPerHour = null;\r\n  let achievement = null;\r\n  let plannedOutput = standard !== null && actualTime !== null && (!resolved.apply_training_percent || factor !== null)\r\n    ? standard * actualTime * (resolved.apply_training_percent ? factor : 1)\r\n    : null;\r\n\r\n  // Multi-machine reports already carry a validated aggregate snapshot from the backend.\r\n  // Preserve that physical machine result while exposing it through the same metrics contract.\r\n  if (hasMachinePerformance) {\r\n    adjustedOutput = asNumber(machinePerformance.counted_output);\r\n    plannedOutput = asNumber(machinePerformance.maximum_output);\r\n    outputPerHour = actualTime && adjustedOutput !== null ? adjustedOutput / actualTime : null;\r\n    achievement = plannedOutput ? adjustedOutput / plannedOutput : null;\r\n  } else {\r\n    const perHourNumerator = resolved.output_per_hour_formula === 'ENTERED_OUTPUT_DIV_ACTUAL_TIME'\r\n      ? enteredOutput\r\n      : adjustedOutput;\r\n    outputPerHour = actualTime && perHourNumerator !== null ? perHourNumerator / actualTime : null;\r\n    achievement = resolved.achievement_formula === 'OUTPUT_PER_HOUR_DIV_STANDARD' && outputPerHour !== null && standard\r\n      ? outputPerHour / standard\r\n      : null;\r\n  }\r\n\r\n  let ngRate = null;\r\n  if (resolved.ng_rate_formula === 'NG_DIV_ENTERED_OUTPUT') {\r\n    ngRate = enteredOutput ? ng.allNg / enteredOutput : null;\r\n  } else {\r\n    const denominator = ok !== null && ng.allNg !== null ? ok + ng.allNg : null;\r\n    ngRate = denominator ? ng.allNg / denominator : null;\r\n  }\r\n\r\n  return {\r\n    trainingPercent,\r\n    trainingFactor: factor,\r\n    trainingSnapshotAvailable: !snapshotMissing,\r\n    workingTime,\r\n    deductionTime,\r\n    actualTime,\r\n    ok,\r\n    allNg: ng.allNg,\r\n    countedNg: ng.countedNg,\r\n    excludedKqd: ng.excludedKqd,\r\n    enteredOutput,\r\n    adjustedOutput,\r\n    standard,\r\n    plannedOutput,\r\n    outputPerHour,\r\n    achievement,\r\n    ngRate,\r\n    hasMachinePerformance\r\n  };\r\n}\r\n\r\nmodule.exports = {\r\n  DEFAULT_SETTINGS,\r\n  asNumber,\r\n  asInteger,\r\n  normalizeTrainingPercent,\r\n  trainingFactor,\r\n  calculateNg,\r\n  machineLineHours,\r\n  resolveSettings,\r\n  calculateActualTime,\r\n  calculateAdjustedOutput,\r\n  calculateProductionMetrics\r\n};\r\n",
    operator: 'strictEqual',
    diff: 'simple'
  }

test at backend\tests\production-calculation-contract.test.js:12:1
✖ company-data API attaches backend calculationSnapshot and desktop prefers it (1.7294ms)
  AssertionError [ERR_ASSERTION]: The input did not match the regular expression /calculationSnapshot:\s*calculateProductionMetrics\(report, settings\)/. Input:
  
  "const db = require('../config/db');\r\n" +
    "const { loadBulkCompanyReports, PROCESS_CODES } = require('../services/bulkCompanyExcelDataService');\r\n" +
    "const { getSettingsMap } = require('../services/formulaSettingsService');\r\n" +
    "const { assertProcessesScope, getActorProcessScope } = require('../services/processAuthorizationService');\r\n" +
    '\r\n' +
    'const inFlightByScope = new Map();\r\n' +
    'const cacheByScope = new Map();\r\n' +
    'const CACHE_TTL_MS = Math.max(0, Math.min(10_000, Number(process.env.COMPANY_DATA_CACHE_TTL_MS || 5_000)));\r\n' +
    'const MAX_CACHE_ENTRIES = 8;\r\n' +
    '\r\n' +
    'function normalizeRole(actor) {\r\n' +
    "  return String(actor?.role || '').trim().toLowerCase();\r\n" +
    '}\r\n' +
    '\r\n' +
    'async function getCompanyProcessIds() {\r\n' +
    "  const placeholders = PROCESS_CODES.map(() => '?').join(',');\r\n" +
    '  const [rows] = await db.promise().query(\r\n' +
    '    `SELECT id\r\n' +
    '       FROM processes\r\n' +
    '      WHERE UPPER(process_code) IN (${placeholders})\r\n' +
    '      ORDER BY id`,\r\n' +
    '    PROCESS_CODES\r\n' +
    '  );\r\n' +
    '  return rows.map((row) => Number(row.id)).filter((id) => Number.isInteger(id) && id > 0);\r\n' +
    '}\r\n' +
    '\r\n' +
    'async function assertCompanyDataScope(actor) {\r\n' +
    '  if (!actor) return true;\r\n' +
    '  const scope = await getActorProcessScope(actor);\r\n' +
    "  if (scope.type === 'ALL') return true;\r\n" +
    '  const companyProcessIds = await getCompanyProcessIds();\r\n' +
    '  await assertProcessesScope(actor, companyProcessIds, {\r\n' +
    "    action: 'COMPANY_DATA_READ'\r\n" +
    '  });\r\n' +
    '  return true;\r\n' +
    '}\r\n' +
    '\r\n' +
    'function scopeCacheKey(yearMonth, actor, scope) {\r\n' +
    "  if (!actor || scope.type === 'ALL') return `${yearMonth}:ALL`;\r\n" +
    "  const ids = [...scope.processIds].sort((a, b) => a - b).join(',');\r\n" +
    "  return `${yearMonth}:LIMITED:${Number(actor?.id) || 'unknown'}:${ids}`;\r\n" +
    '}\r\n' +
    '\r\n' +
    'async function attachSubmissionTimestamps(processData) {\r\n' +
    '  const sourceTempIds = [...new Set(\r\n' +
    '    PROCESS_CODES.flatMap((code) => (processData[code]?.reports || [])\r\n' +
    '      .map((report) => Number(report.source_temp_id))\r\n' +
    '      .filter((id) => Number.isInteger(id) && id > 0))\r\n' +
    '  )];\r\n' +
    '  if (!sourceTempIds.length) return;\r\n' +
    '\r\n' +
    "  const placeholders = sourceTempIds.map(() => '?').join(',');\r\n" +
    '  const [rows] = await db.promise().query(\r\n' +
    "    `SELECT id, DATE_FORMAT(created_at, '%Y-%m-%d %H:%i:%s') AS submitted_at\r\n" +
    '       FROM production_reports_temp\r\n' +
    '      WHERE id IN (${placeholders})`,\r\n' +
    '    sourceTempIds,\r\n' +
    '  );\r\n' +
    '  const byId = new Map((rows || []).map((row) => [Number(row.id), row.submitted_at]));\r\n' +
    '\r\n' +
    '  for (const code of PROCESS_CODES) {\r\n' +
    '    for (const report of processData[code]?.reports || []) {\r\n' +
    '      const sourceTempId = Number(report.source_temp_id);\r\n' +
    '      report.submitted_at = byId.has(sourceTempId) ? byId.get(sourceTempId) : null;\r\n' +
    '    }\r\n' +
    '  }\r\n' +
    '}\r\n' +
    '\r\n' +
    'async function buildCompanyData(yearMonth, actor) {\r\n' +
    '  await assertCompanyDataScope(actor);\r\n' +
    '  const { processData, processIds, scope } = await loadBulkCompanyReports(yearMonth, actor);\r\n' +
    '  await attachSubmissionTimestamps(processData);\r\n' +
    '\r\n' +
    '  const diagnostics = Object.fromEntries(PROCESS_CODES.map((code) => {\r\n' +
    '    const data = processData[code] || {};\r\n' +
    '    return [code, {\r\n' +
    '      reports: Array.isArray(data.reports) ? data.reports.length : 0,\r\n' +
    '      deductionTypes: Array.isArray(data.deductionTypes) ? data.deductionTypes.length : 0,\r\n' +
    '      defectTypes: Array.isArray(data.defectTypes) ? data.defectTypes.length : 0,\r\n' +
    '      physicalMachineEvents: Array.isArray(data.physicalMachineEvents) ? data.physicalMachineEvents.length : 0\r\n' +
    '    }];\r\n' +
    '  }));\r\n' +
    '\r\n' +
    '  const reportDates = [...new Set(\r\n' +
    '    PROCESS_CODES.flatMap((code) => (processData[code]?.reports || [])\r\n' +
    "      .map((report) => String(report.work_date || '').slice(0, 10))\r\n" +
    '      .filter((date) => /^\\d{4}-\\d{2}-\\d{2}$/.test(date)))\r\n' +
    '  )].sort();\r\n' +
    '\r\n' +
    '  const mapsByDate = new Map();\r\n' +
    '  // Load formula settings once per date. The bulk report query above is the\r\n' +
    '  // important subrequest reduction; sequential loading also prevents a burst\r\n' +
    '  // of duplicate cache misses inside one Cloudflare Worker invocation.\r\n' +
    '  for (const date of reportDates) {\r\n' +
    '    mapsByDate.set(date, await getSettingsMap(date));\r\n' +
    '  }\r\n' +
    '\r\n' +
    '  // Keep the formula settings in the response, but do NOT calculate a\r\n' +
    '  // production snapshot for every report inside the Cloudflare Worker.\r\n' +
    '  // Desktop export already owns the calculation step and can perform it\r\n' +
    '  // locally without consuming the Worker CPU budget.\r\n' +
    '  for (const code of PROCESS_CODES) {\r\n' +
    '    const data = processData[code];\r\n' +
    '    data.formulaSettingsByDate = Object.fromEntries(\r\n' +
    '      reportDates.map((date) => {\r\n' +
    '        const map = mapsByDate.get(date) || {};\r\n' +
    '        return [date, map[code] || map.GLOBAL || null];\r\n' +
    '      }).filter(([, settings]) => Boolean(settings))\r\n' +
    '    );\r\n' +
    '  }\r\n' +
    '\r\n' +
    '  const formulaSettings = await getSettingsMap(`${yearMonth}-01`);\r\n' +
    '\r\n' +
    "  if (process.env.KTC_DEBUG_EXPORTS === 'true') console.log('[KTC] Company Excel data loaded', {\r\n" +
    '    yearMonth,\r\n' +
    '    scope: scope.type,\r\n' +
    '    processIds,\r\n' +
    '    diagnostics,\r\n' +
    '    formulaSettingDates: reportDates.length\r\n' +
    '  });\r\n' +
    '\r\n' +
    '  return {\r\n' +
    '    yearMonth,\r\n' +
    "    mode: 'SPLIT_MONTHLY_WORKBOOKS',\r\n" +
    '    expectedFileCount: PROCESS_CODES.length + 1,\r\n' +
    '    calculationContractVersion: 2,\r\n' +
    "    dataSource: 'tidb.production_reports.approved',\r\n" +
    '    sourceTables: [\r\n' +
    "      'production_reports',\r\n" +
    "      'production_report_deductions',\r\n" +
    "      'production_report_defects',\r\n" +
    "      'production_report_machine_lines',\r\n" +
    "      'machine_production_events',\r\n" +
    "      'machine_production_event_defects'\r\n" +
    '    ],\r\n' +
    '    processes: processData,\r\n' +
    '    formulaSettings,\r\n' +
    '    diagnostics,\r\n' +
    '    exportScope: scope.type\r\n' +
    '  };\r\n' +
    '}\r\n' +
    '\r\n' +
    'async function getCompanyData(yearMonth, actor) {\r\n' +
    '  const scope = actor\r\n' +
    '    ? await getActorProcessScope(actor)\r\n' +
    "    : { type: 'ALL', processIds: null };\r\n" +
    '  await assertCompanyDataScope(actor);\r\n' +
    '  const key = scopeCacheKey(yearMonth, actor, scope);\r\n' +
    '\r\n' +
    '  const cached = cacheByScope.get(key);\r\n' +
    '  if (cached && Date.now() - cached.createdAt < CACHE_TTL_MS) return cached.data;\r\n' +
    '\r\n' +
    '  const running = inFlightByScope.get(key);\r\n' +
    '  if (running) return running;\r\n' +
    '\r\n' +
    '  const task = buildCompanyData(yearMonth, actor)\r\n' +
    '    .then((data) => {\r\n' +
    '      if (CACHE_TTL_MS > 0) {\r\n' +
    '        cacheByScope.set(key, { createdAt: Date.now(), data });\r\n' +
    '        while (cacheByScope.size > MAX_CACHE_ENTRIES) {\r\n' +
    '          const oldestKey = cacheByScope.keys().next().value;\r\n' +
    '          if (oldestKey === undefined) break;\r\n' +
    '          cacheByScope.delete(oldestKey);\r\n' +
    '        }\r\n' +
    '      }\r\n' +
    '      return data;\r\n' +
    '    })\r\n' +
    '    .finally(() => inFlightByScope.delete(key));\r\n' +
    '\r\n' +
    '  inFlightByScope.set(key, task);\r\n' +
    '  return task;\r\n' +
    '}\r\n' +
    '\r\n' +
    'exports.get = async (req, res) => {\r\n' +
    "  const selectedDate = String(req.query?.date || '').trim();\r\n" +
    '  if (!/^\\d{4}-\\d{2}-\\d{2}$/.test(selectedDate)) {\r\n' +
    "    return res.status(400).json({ success: false, message: 'Ngày xuất Excel không hợp lệ' });\r\n" +
    '  }\r\n' +
    '\r\n' +
    '  try {\r\n' +
    '    const data = await getCompanyData(selectedDate.slice(0, 7), req.user);\r\n' +
    '    return res.status(200).json({ success: true, data });\r\n' +
    '  } catch (error) {\r\n' +
    "    console.error('[KTC] COMPANY_DATA_FAILED', {\r\n" +
    '      requestId: req.requestId || req.id || null,\r\n' +
    '      selectedDate,\r\n' +
    '      role: normalizeRole(req.user),\r\n' +
    '      code: error.code || null,\r\n' +
    '      message: error.message,\r\n' +
    "      stack: process.env.NODE_ENV === 'production' ? undefined : error.stack\r\n" +
    '    });\r\n' +
    '    return res.status(error.statusCode || error.status || 500).json({\r\n' +
    '      success: false,\r\n' +
    "      code: error.code || 'COMPANY_DATA_FAILED',\r\n" +
    "      message: error.message || 'Không thể tải dữ liệu Excel tháng'\r\n" +
    '    });\r\n' +
    '  }\r\n' +
    '};\r\n' +
    '\r\n' +
    'exports._buildCompanyData = buildCompanyData;\r\n' +
    'exports._assertCompanyDataScope = assertCompanyDataScope;\r\n' +
    'exports._clearCompanyDataCache = () => {\r\n' +
    '  cacheByScope.clear();\r\n' +
    '  inFlightByScope.clear();\r\n' +
    '};\r\n'
  
      at TestContext.<anonymous> (F:\VSCode\worker-management-system\backend\tests\production-calculation-contract.test.js:15:10)
      at Test.runInAsyncScope (node:async_hooks:227:14)
      at Test.run (node:internal/test_runner/test:1382:25)
      at Test.processPendingSubtests (node:internal/test_runner/test:960:18)
      at Test.postRun (node:internal/test_runner/test:1522:19)
      at Test.run (node:internal/test_runner/test:1447:12)
      at async startSubtestAfterBootstrap (node:internal/test_runner/harness:387:3) {
    generatedMessage: true,
    code: 'ERR_ASSERTION',
    actual: "const db = require('../config/db');\r\nconst { loadBulkCompanyReports, PROCESS_CODES } = require('../services/bulkCompanyExcelDataService');\r\nconst { getSettingsMap } = require('../services/formulaSettingsService');\r\nconst { assertProcessesScope, getActorProcessScope } = require('../services/processAuthorizationService');\r\n\r\nconst inFlightByScope = new Map();\r\nconst cacheByScope = new Map();\r\nconst CACHE_TTL_MS = Math.max(0, Math.min(10_000, Number(process.env.COMPANY_DATA_CACHE_TTL_MS || 5_000)));\r\nconst MAX_CACHE_ENTRIES = 8;\r\n\r\nfunction normalizeRole(actor) {\r\n  return String(actor?.role || '').trim().toLowerCase();\r\n}\r\n\r\nasync function getCompanyProcessIds() {\r\n  const placeholders = PROCESS_CODES.map(() => '?').join(',');\r\n  const [rows] = await db.promise().query(\r\n    `SELECT id\r\n       FROM processes\r\n      WHERE UPPER(process_code) IN (${placeholders})\r\n      ORDER BY id`,\r\n    PROCESS_CODES\r\n  );\r\n  return rows.map((row) => Number(row.id)).filter((id) => Number.isInteger(id) && id > 0);\r\n}\r\n\r\nasync function assertCompanyDataScope(actor) {\r\n  if (!actor) return true;\r\n  const scope = await getActorProcessScope(actor);\r\n  if (scope.type === 'ALL') return true;\r\n  const companyProcessIds = await getCompanyProcessIds();\r\n  await assertProcessesScope(actor, companyProcessIds, {\r\n    action: 'COMPANY_DATA_READ'\r\n  });\r\n  return true;\r\n}\r\n\r\nfunction scopeCacheKey(yearMonth, actor, scope) {\r\n  if (!actor || scope.type === 'ALL') return `${yearMonth}:ALL`;\r\n  const ids = [...scope.processIds].sort((a, b) => a - b).join(',');\r\n  return `${yearMonth}:LIMITED:${Number(actor?.id) || 'unknown'}:${ids}`;\r\n}\r\n\r\nasync function attachSubmissionTimestamps(processData) {\r\n  const sourceTempIds = [...new Set(\r\n    PROCESS_CODES.flatMap((code) => (processData[code]?.reports || [])\r\n      .map((report) => Number(report.source_temp_id))\r\n      .filter((id) => Number.isInteger(id) && id > 0))\r\n  )];\r\n  if (!sourceTempIds.length) return;\r\n\r\n  const placeholders = sourceTempIds.map(() => '?').join(',');\r\n  const [rows] = await db.promise().query(\r\n    `SELECT id, DATE_FORMAT(created_at, '%Y-%m-%d %H:%i:%s') AS submitted_at\r\n       FROM production_reports_temp\r\n      WHERE id IN (${placeholders})`,\r\n    sourceTempIds,\r\n  );\r\n  const byId = new Map((rows || []).map((row) => [Number(row.id), row.submitted_at]));\r\n\r\n  for (const code of PROCESS_CODES) {\r\n    for (const report of processData[code]?.reports || []) {\r\n      const sourceTempId = Number(report.source_temp_id);\r\n      report.submitted_at = byId.has(sourceTempId) ? byId.get(sourceTempId) : null;\r\n    }\r\n  }\r\n}\r\n\r\nasync function buildCompanyData(yearMonth, actor) {\r\n  await assertCompanyDataScope(actor);\r\n  const { processData, processIds, scope } = await loadBulkCompanyReports(yearMonth, actor);\r\n  await attachSubmissionTimestamps(processData);\r\n\r\n  const diagnostics = Object.fromEntries(PROCESS_CODES.map((code) => {\r\n    const data = processData[code] || {};\r\n    return [code, {\r\n      reports: Array.isArray(data.reports) ? data.reports.length : 0,\r\n      deductionTypes: Array.isArray(data.deductionTypes) ? data.deductionTypes.length : 0,\r\n      defectTypes: Array.isArray(data.defectTypes) ? data.defectTypes.length : 0,\r\n      physicalMachineEvents: Array.isArray(data.physicalMachineEvents) ? data.physicalMachineEvents.length : 0\r\n    }];\r\n  }));\r\n\r\n  const reportDates = [...new Set(\r\n    PROCESS_CODES.flatMap((code) => (processData[code]?.reports || [])\r\n      .map((report) => String(report.work_date || '').slice(0, 10))\r\n      .filter((date) => /^\\d{4}-\\d{2}-\\d{2}$/.test(date)))\r\n  )].sort();\r\n\r\n  const mapsByDate = new Map();\r\n  // Load formula settings once per date. The bulk report query above is the\r\n  // important subrequest reduction; sequential loading also prevents a burst\r\n  // of duplicate cache misses inside one Cloudflare Worker invocation.\r\n  for (const date of reportDates) {\r\n    mapsByDate.set(date, await getSettingsMap(date));\r\n  }\r\n\r\n  // Keep the formula settings in the response, but do NOT calculate a\r\n  // production snapshot for every report inside the Cloudflare Worker.\r\n  // Desktop export already owns the calculation step and can perform it\r\n  // locally without consuming the Worker CPU budget.\r\n  for (const code of PROCESS_CODES) {\r\n    const data = processData[code];\r\n    data.formulaSettingsByDate = Object.fromEntries(\r\n      reportDates.map((date) => {\r\n        const map = mapsByDate.get(date) || {};\r\n        return [date, map[code] || map.GLOBAL || null];\r\n      }).filter(([, settings]) => Boolean(settings))\r\n    );\r\n  }\r\n\r\n  const formulaSettings = await getSettingsMap(`${yearMonth}-01`);\r\n\r\n  if (process.env.KTC_DEBUG_EXPORTS === 'true') console.log('[KTC] Company Excel data loaded', {\r\n    yearMonth,\r\n    scope: scope.type,\r\n    processIds,\r\n    diagnostics,\r\n    formulaSettingDates: reportDates.length\r\n  });\r\n\r\n  return {\r\n    yearMonth,\r\n    mode: 'SPLIT_MONTHLY_WORKBOOKS',\r\n    expectedFileCount: PROCESS_CODES.length + 1,\r\n    calculationContractVersion: 2,\r\n    dataSource: 'tidb.production_reports.approved',\r\n    sourceTables: [\r\n      'production_reports',\r\n      'production_report_deductions',\r\n      'production_report_defects',\r\n      'production_report_machine_lines',\r\n      'machine_production_events',\r\n      'machine_production_event_defects'\r\n    ],\r\n    processes: processData,\r\n    formulaSettings,\r\n    diagnostics,\r\n    exportScope: scope.type\r\n  };\r\n}\r\n\r\nasync function getCompanyData(yearMonth, actor) {\r\n  const scope = actor\r\n    ? await getActorProcessScope(actor)\r\n    : { type: 'ALL', processIds: null };\r\n  await assertCompanyDataScope(actor);\r\n  const key = scopeCacheKey(yearMonth, actor, scope);\r\n\r\n  const cached = cacheByScope.get(key);\r\n  if (cached && Date.now() - cached.createdAt < CACHE_TTL_MS) return cached.data;\r\n\r\n  const running = inFlightByScope.get(key);\r\n  if (running) return running;\r\n\r\n  const task = buildCompanyData(yearMonth, actor)\r\n    .then((data) => {\r\n      if (CACHE_TTL_MS > 0) {\r\n        cacheByScope.set(key, { createdAt: Date.now(), data });\r\n        while (cacheByScope.size > MAX_CACHE_ENTRIES) {\r\n          const oldestKey = cacheByScope.keys().next().value;\r\n          if (oldestKey === undefined) break;\r\n          cacheByScope.delete(oldestKey);\r\n        }\r\n      }\r\n      return data;\r\n    })\r\n    .finally(() => inFlightByScope.delete(key));\r\n\r\n  inFlightByScope.set(key, task);\r\n  return task;\r\n}\r\n\r\nexports.get = async (req, res) => {\r\n  const selectedDate = String(req.query?.date || '').trim();\r\n  if (!/^\\d{4}-\\d{2}-\\d{2}$/.test(selectedDate)) {\r\n    return res.status(400).json({ success: false, message: 'Ngày xuất Excel không hợp lệ' });\r\n  }\r\n\r\n  try {\r\n    const data = await getCompanyData(selectedDate.slice(0, 7), req.user);\r\n    return res.status(200).json({ success: true, data });\r\n  } catch (error) {\r\n    console.error('[KTC] COMPANY_DATA_FAILED', {\r\n      requestId: req.requestId || req.id || null,\r\n      selectedDate,\r\n      role: normalizeRole(req.user),\r\n      code: error.code || null,\r\n      message: error.message,\r\n      stack: process.env.NODE_ENV === 'production' ? undefined : error.stack\r\n    });\r\n    return res.status(error.statusCode || error.status || 500).json({\r\n      success: false,\r\n      code: error.code || 'COMPANY_DATA_FAILED',\r\n      message: error.message || 'Không thể tải dữ liệu Excel tháng'\r\n    });\r\n  }\r\n};\r\n\r\nexports._buildCompanyData = buildCompanyData;\r\nexports._assertCompanyDataScope = assertCompanyDataScope;\r\nexports._clearCompanyDataCache = () => {\r\n  cacheByScope.clear();\r\n  inFlightByScope.clear();\r\n};\r\n",
    expected: /calculationSnapshot:\s*calculateProductionMetrics\(report, settings\)/,
    operator: 'match',
    diff: 'simple'
  }

test at backend\tests\production-calculation-contract.test.js:19:1
✖ company-data loader carries product KQD policy and multi-machine aggregate into canonical snapshot (2.2042ms)
  AssertionError [ERR_ASSERTION]: The input did not match the regular expression /pr\.exclude_kqd_from_tt_snapshot AS exclude_kqd_from_tt/. Input:
  
  "const path = require('node:path');\r\n" +
    "const fs = require('node:fs/promises');\r\n" +
    "const db = require('../config/db');\r\n" +
    "const { getActorProcessScope, assertProcessScope, scopeSql } = require('./processAuthorizationService');\r\n" +
    "const { assertReportVolume, chunkArray } = require('./excelExportGuards');\r\n" +
    "const { hasColumn } = require('./schemaCompatibilityService');\r\n" +
    "const { calculateReportPerformance } = require('./machinePerformanceService');\r\n" +
    "const { assertTrainingSnapshotAvailable } = require('./trainingSnapshotService');\r\n" +
    "const { buildTemplateDrivenProcessWorkbook } = require('./templateDrivenProcessExcelExportService');\r\n" +
    '\r\n' +
    'const query = (sql, params = []) => new Promise((resolve, reject) => {\r\n' +
    '  db.query(sql, params, (error, rows) => error ? reject(error) : resolve(rows));\r\n' +
    '});\r\n' +
    '\r\n' +
    'const normalizeYearMonth = (value) => {\r\n' +
    "  const yearMonth = String(value || '').slice(0, 7);\r\n" +
    '  if (!/^\\d{4}-(0[1-9]|1[0-2])$/.test(yearMonth)) {\r\n' +
    "    throw new Error('Tháng xuất Excel không hợp lệ');\r\n" +
    '  }\r\n' +
    '  return yearMonth;\r\n' +
    '};\r\n' +
    '\r\n' +
    'const monthRange = (yearMonth) => {\r\n' +
    "  const [year, month] = yearMonth.split('-').map(Number);\r\n" +
    '  const start = `${yearMonth}-01`;\r\n' +
    '  const nextDate = new Date(year, month, 1);\r\n' +
    "  const next = `${nextDate.getFullYear()}-${String(nextDate.getMonth() + 1).padStart(2, '0')}-01`;\r\n" +
    '  return { start, next };\r\n' +
    '};\r\n' +
    '\r\n' +
    "const safeName = (value, fallback = 'Cong doan') => String(value || fallback)\r\n" +
    `  .replace(/[<>:"/\\\\|?*\\u0000-\\u001F]/g, '-')\r\n` +
    "  .replace(/\\s+/g, ' ')\r\n" +
    '  .trim() || fallback;\r\n' +
    '\r\n' +
    'const slugName = (value) => safeName(value)\r\n' +
    "  .normalize('NFD')\r\n" +
    "  .replace(/[\\u0300-\\u036f]/g, '')\r\n" +
    "  .replace(/đ/g, 'd')\r\n" +
    "  .replace(/Đ/g, 'D')\r\n" +
    "  .replace(/[^a-zA-Z0-9]+/g, '-')\r\n" +
    "  .replace(/^-+|-+$/g, '') || 'cong-doan';\r\n" +
    '\r\n' +
    'const mapDetails = (rows, reportIds, mapper) => {\r\n' +
    '  const result = new Map(reportIds.map((id) => [Number(id), []]));\r\n' +
    '  rows.forEach((row) => {\r\n' +
    '    const id = Number(row.report_id);\r\n' +
    '    if (!result.has(id)) result.set(id, []);\r\n' +
    '    result.get(id).push(mapper(row));\r\n' +
    '  });\r\n' +
    '  return result;\r\n' +
    '};\r\n' +
    '\r\n' +
    'async function listProcessesForMonth(value, options = {}) {\r\n' +
    '  const yearMonth = normalizeYearMonth(value);\r\n' +
    '  const { start, next } = monthRange(yearMonth);\r\n' +
    "  const scope = options.actor ? await getActorProcessScope(options.actor) : { type:'ALL', processIds:null };\r\n" +
    "  const scoped = scopeSql(scope, 'p.id', [start, next]);\r\n" +
    '  const rows = await query(\r\n' +
    '    `SELECT p.id, p.process_code, p.process_name, COUNT(pr.id) AS report_count\r\n' +
    '       FROM processes p\r\n' +
    '       LEFT JOIN production_reports pr\r\n' +
    '         ON pr.process_id = p.id\r\n' +
    "        AND LOWER(TRIM(COALESCE(pr.status, ''))) = 'approved'\r\n" +
    '        AND pr.work_date >= ?\r\n' +
    '        AND pr.work_date < ?\r\n' +
    "      WHERE LOWER(COALESCE(p.status, 'active')) IN ('active', 'enabled', '1') ${scoped.clause}\r\n" +
    '      GROUP BY p.id, p.process_code, p.process_name\r\n' +
    "      ORDER BY CASE WHEN UPPER(p.process_code) = 'GC' THEN 0 ELSE 1 END, p.id`,\r\n" +
    '    scoped.params\r\n' +
    '  );\r\n' +
    '\r\n' +
    '  return rows.map((row) => ({\r\n' +
    '    ...row,\r\n' +
    '    id: Number(row.id),\r\n' +
    '    report_count: Number(row.report_count || 0)\r\n' +
    '  }));\r\n' +
    '}\r\n' +
    '\r\n' +
    'async function loadProcessMonthReports(value, processId, options = {}) {\r\n' +
    "  if (options.actor) await assertProcessScope(options.actor, processId, { action:'PROCESS_EXPORT' });\r\n" +
    '  const yearMonth = normalizeYearMonth(value);\r\n' +
    '  const { start, next } = monthRange(yearMonth);\r\n' +
    '  const [supportsEntryDate, supportsExtraData] = await Promise.all([\r\n' +
    "    hasColumn('production_reports', 'entry_date'),\r\n" +
    "    hasColumn('production_reports', 'extra_data')\r\n" +
    '  ]);\r\n' +
    '  const entryDateSelect = supportsEntryDate\r\n' +
    "    ? 'COALESCE(pr.entry_date, DATE(pr.created_at), pr.work_date) AS entry_date'\r\n" +
    "    : 'COALESCE(DATE(pr.created_at), pr.work_date) AS entry_date';\r\n" +
    '  const extraDataSelect = supportsExtraData\r\n' +
    "    ? 'pr.extra_data AS extra_data'\r\n" +
    "    : 'NULL AS extra_data';\r\n" +
    '\r\n' +
    '  const reports = await query(\r\n' +
    '    `SELECT\r\n' +
    '        pr.id, pr.source_temp_id, pr.worker_id, pr.process_id,\r\n' +
    '        pr.work_date, ${entryDateSelect}, pr.shift, pr.operation_type,\r\n' +
    '        pr.operation_mode, pr.machine_no, pr.product_name,\r\n' +
    '        pr.total_time, pr.actual_time, pr.deduction_time,\r\n' +
    '        pr.standard_output, pr.actual_output, pr.tt_ok, pr.tt_ng,\r\n' +
    '        pr.note, ${extraDataSelect}, pr.status, pr.review_note,\r\n' +
    '        pr.reviewed_by, pr.approved_at, pr.created_at, pr.updated_at,\r\n' +
    '        w.worker_code, w.training_percent AS worker_training_percent,\r\n' +
    '        pr.training_percent_snapshot,\r\n' +
    '        COALESCE(pr.training_percent_snapshot, w.training_percent, 100) AS training_percent,\r\n' +
    '        w.position, w.department,\r\n' +
    '        u.full_name, p.process_name, p.process_code,\r\n' +
    '        pr.exclude_kqd_from_tt_snapshot,\r\n' +
    '        COALESCE(pr.exclude_kqd_from_tt_snapshot, 0) AS exclude_kqd_from_tt\r\n' +
    '       FROM production_reports AS pr\r\n' +
    '       INNER JOIN workers AS w ON w.id = pr.worker_id\r\n' +
    '       INNER JOIN users AS u ON u.id = w.user_id\r\n' +
    '       INNER JOIN processes AS p ON p.id = pr.process_id\r\n' +
    "      WHERE LOWER(TRIM(COALESCE(pr.status, ''))) = 'approved'\r\n" +
    '        AND pr.work_date >= ?\r\n' +
    '        AND pr.work_date < ?\r\n' +
    '        AND pr.process_id = ?\r\n' +
    '      ORDER BY pr.work_date, w.worker_code, pr.machine_no, pr.created_at, pr.id`,\r\n' +
    '    [start, next, Number(processId)]\r\n' +
    '  );\r\n' +
    '\r\n' +
    '  reports.physicalMachineEvents = await query(\r\n' +
    '    `SELECT e.id,e.process_id,e.machine_id,e.machine_code,e.product_code,e.work_date,e.shift,\r\n' +
    '            e.physical_ok_quantity,e.physical_ng_quantity,e.physical_counted_output,e.physical_total_output,\r\n' +
    '            e.machine_time_hours,e.maximum_output,e.standard_output,e.standard_version_id,e.machine_standard_id,\r\n' +
    '            e.exclude_kqd_from_tt_snapshot,e.status\r\n' +
    '       FROM machine_production_events e\r\n' +
    "      WHERE e.status='approved' AND e.process_id=? AND e.work_date>=? AND e.work_date<?\r\n" +
    '      ORDER BY e.work_date,e.shift,e.machine_code,e.id`,\r\n' +
    '    [Number(processId), start, next]\r\n' +
    '  );\r\n' +
    '\r\n' +
    '  for (const report of reports) {\r\n' +
    '    const hasTrainingSnapshot = report.training_percent_snapshot !== null\r\n' +
    '      && report.training_percent_snapshot !== undefined\r\n' +
    "      && String(report.training_percent_snapshot).trim() !== '';\r\n" +
    '    if (!hasTrainingSnapshot) {\r\n' +
    '      // Legacy approved reports did not persist the immutable snapshot. Keep\r\n' +
    '      // them exportable, but prefer the worker master % currently shown in the\r\n' +
    '      // worker list instead of silently replacing it with 100%.\r\n' +
    '      report.training_percent = Number.isFinite(Number(report.worker_training_percent))\r\n' +
    '        ? Number(report.worker_training_percent)\r\n' +
    '        : 100;\r\n' +
    '      report.trainingSnapshotSource = report.worker_training_percent !== null\r\n' +
    '        && report.worker_training_percent !== undefined\r\n' +
    "        ? 'LEGACY_WORKER_MASTER'\r\n" +
    "        : 'LEGACY_DEFAULT_100';\r\n" +
    '      delete report.training_percent_snapshot;\r\n' +
    '    } else {\r\n' +
    '      assertTrainingSnapshotAvailable(report);\r\n' +
    "      report.trainingSnapshotSource = 'IMMUTABLE_SNAPSHOT';\r\n" +
    '    }\r\n' +
    '\r\n' +
    "    const isMachineReport = String(report.operation_mode || '').toUpperCase() === 'MACHINE';\r\n" +
    '    if (!isMachineReport && (report.exclude_kqd_from_tt === null || report.exclude_kqd_from_tt === undefined)) {\r\n' +
    '      report.exclude_kqd_from_tt = 0;\r\n' +
    "      report.excludeKqdSnapshotSource = 'LEGACY_DEFAULT_0';\r\n" +
    '    }\r\n' +
    '  }\r\n' +
    '\r\n' +
    '  const reportIds = reports.map((report) => Number(report.id));\r\n' +
    '  const [deductionTypes, defectTypes] = await Promise.all([\r\n' +
    "    query(`SELECT id, process_id, deduction_code AS code, deduction_name AS name, deduction_code, deduction_name, sort_order FROM deduction_types WHERE process_id=? AND status='active' ORDER BY sort_order,id`, [Number(processId)]),\r\n" +
    "    query(`SELECT id, process_id, defect_code AS code, defect_name AS name, defect_code, defect_name, sort_order FROM defect_types WHERE process_id=? AND status='active' ORDER BY sort_order,id`, [Number(processId)]),\r\n" +
    '  ]);\r\n' +
    '\r\n' +
    '  reports.deductionTypes = deductionTypes;\r\n' +
    '  reports.defectTypes = defectTypes;\r\n' +
    '  if (!reportIds.length) return reports;\r\n' +
    '\r\n' +
    '  const deductionRows = [];\r\n' +
    '  const defectRows = [];\r\n' +
    '  const machineLineRows = [];\r\n' +
    '  for (const ids of chunkArray(reportIds, Number(process.env.EXCEL_DETAIL_BATCH_SIZE || 400))) {\r\n' +
    "    const placeholders = ids.map(() => '?').join(',');\r\n" +
    '    const [deductionsBatch, defectsBatch, machineBatch] = await Promise.all([\r\n' +
    '      query(`SELECT prd.report_id, prd.deduction_type_id, dt.deduction_code, dt.deduction_name, prd.hours FROM production_report_deductions prd LEFT JOIN deduction_types dt ON dt.id=prd.deduction_type_id WHERE prd.report_id IN (${placeholders}) ORDER BY prd.report_id,COALESCE(dt.sort_order,999999),prd.deduction_type_id`, ids),\r\n' +
    '      query(`SELECT prd.report_id, prd.defect_type_id, dt.defect_code, dt.defect_name, prd.quantity FROM production_report_defects prd LEFT JOIN defect_types dt ON dt.id=prd.defect_type_id WHERE prd.report_id IN (${placeholders}) ORDER BY prd.report_id,COALESCE(dt.sort_order,999999),prd.defect_type_id`, ids),\r\n' +
    '      query(`SELECT * FROM production_report_machine_lines WHERE report_id IN (${placeholders}) ORDER BY report_id,sort_order,id`, ids)\r\n' +
    '    ]);\r\n' +
    '    deductionRows.push(...deductionsBatch); defectRows.push(...defectsBatch); machineLineRows.push(...machineBatch);\r\n' +
    '  }\r\n' +
    '  const deductions = mapDetails(deductionRows, reportIds, (row) => ({\r\n' +
    '    id: Number(row.id ?? row.deduction_type_id),\r\n' +
    '    deduction_type_id: Number(row.deduction_type_id),\r\n' +
    "    code: row.code || row.deduction_code || '',\r\n" +
    "    name: row.name || row.deduction_name || '',\r\n" +
    "    deduction_code: row.code || row.deduction_code || '',\r\n" +
    "    deduction_name: row.name || row.deduction_name || '',\r\n" +
    '    hours: Number(row.hours) || 0\r\n' +
    '  }));\r\n' +
    '  const defects = mapDetails(defectRows, reportIds, (row) => ({\r\n' +
    '    defect_type_id: Number(row.defect_type_id),\r\n' +
    "    defect_code: row.defect_code || '',\r\n" +
    "    defect_name: row.defect_name || '',\r\n" +
    '    quantity: Number(row.quantity) || 0\r\n' +
    '  }));\r\n' +
    '\r\n' +
    '  const machineLines = mapDetails(machineLineRows, reportIds, (row) => ({ ...row }));\r\n' +
    '  reports.forEach((report) => {\r'... 2386 more characters
  
      at TestContext.<anonymous> (F:\VSCode\worker-management-system\backend\tests\production-calculation-contract.test.js:22:10)
      at Test.runInAsyncScope (node:async_hooks:227:14)
      at Test.run (node:internal/test_runner/test:1382:25)
      at Test.processPendingSubtests (node:internal/test_runner/test:960:18)
      at Test.postRun (node:internal/test_runner/test:1522:19)
      at Test.run (node:internal/test_runner/test:1447:12)
      at async Test.processPendingSubtests (node:internal/test_runner/test:960:7) {
    generatedMessage: true,
    code: 'ERR_ASSERTION',
    actual: 'const path = require(\'node:path\');\r\nconst fs = require(\'node:fs/promises\');\r\nconst db = require(\'../config/db\');\r\nconst { getActorProcessScope, assertProcessScope, scopeSql } = require(\'./processAuthorizationService\');\r\nconst { assertReportVolume, chunkArray } = require(\'./excelExportGuards\');\r\nconst { hasColumn } = require(\'./schemaCompatibilityService\');\r\nconst { calculateReportPerformance } = require(\'./machinePerformanceService\');\r\nconst { assertTrainingSnapshotAvailable } = require(\'./trainingSnapshotService\');\r\nconst { buildTemplateDrivenProcessWorkbook } = require(\'./templateDrivenProcessExcelExportService\');\r\n\r\nconst query = (sql, params = []) => new Promise((resolve, reject) => {\r\n  db.query(sql, params, (error, rows) => error ? reject(error) : resolve(rows));\r\n});\r\n\r\nconst normalizeYearMonth = (value) => {\r\n  const yearMonth = String(value || \'\').slice(0, 7);\r\n  if (!/^\\d{4}-(0[1-9]|1[0-2])$/.test(yearMonth)) {\r\n    throw new Error(\'Tháng xuất Excel không hợp lệ\');\r\n  }\r\n  return yearMonth;\r\n};\r\n\r\nconst monthRange = (yearMonth) => {\r\n  const [year, month] = yearMonth.split(\'-\').map(Number);\r\n  const start = `${yearMonth}-01`;\r\n  const nextDate = new Date(year, month, 1);\r\n  const next = `${nextDate.getFullYear()}-${String(nextDate.getMonth() + 1).padStart(2, \'0\')}-01`;\r\n  return { start, next };\r\n};\r\n\r\nconst safeName = (value, fallback = \'Cong doan\') => String(value || fallback)\r\n  .replace(/[<>:"/\\\\|?*\\u0000-\\u001F]/g, \'-\')\r\n  .replace(/\\s+/g, \' \')\r\n  .trim() || fallback;\r\n\r\nconst slugName = (value) => safeName(value)\r\n  .normalize(\'NFD\')\r\n  .replace(/[\\u0300-\\u036f]/g, \'\')\r\n  .replace(/đ/g, \'d\')\r\n  .replace(/Đ/g, \'D\')\r\n  .replace(/[^a-zA-Z0-9]+/g, \'-\')\r\n  .replace(/^-+|-+$/g, \'\') || \'cong-doan\';\r\n\r\nconst mapDetails = (rows, reportIds, mapper) => {\r\n  const result = new Map(reportIds.map((id) => [Number(id), []]));\r\n  rows.forEach((row) => {\r\n    const id = Number(row.report_id);\r\n    if (!result.has(id)) result.set(id, []);\r\n    result.get(id).push(mapper(row));\r\n  });\r\n  return result;\r\n};\r\n\r\nasync function listProcessesForMonth(value, options = {}) {\r\n  const yearMonth = normalizeYearMonth(value);\r\n  const { start, next } = monthRange(yearMonth);\r\n  const scope = options.actor ? await getActorProcessScope(options.actor) : { type:\'ALL\', processIds:null };\r\n  const scoped = scopeSql(scope, \'p.id\', [start, next]);\r\n  const rows = await query(\r\n    `SELECT p.id, p.process_code, p.process_name, COUNT(pr.id) AS report_count\r\n       FROM processes p\r\n       LEFT JOIN production_reports pr\r\n         ON pr.process_id = p.id\r\n        AND LOWER(TRIM(COALESCE(pr.status, \'\'))) = \'approved\'\r\n        AND pr.work_date >= ?\r\n        AND pr.work_date < ?\r\n      WHERE LOWER(COALESCE(p.status, \'active\')) IN (\'active\', \'enabled\', \'1\') ${scoped.clause}\r\n      GROUP BY p.id, p.process_code, p.process_name\r\n      ORDER BY CASE WHEN UPPER(p.process_code) = \'GC\' THEN 0 ELSE 1 END, p.id`,\r\n    scoped.params\r\n  );\r\n\r\n  return rows.map((row) => ({\r\n    ...row,\r\n    id: Number(row.id),\r\n    report_count: Number(row.report_count || 0)\r\n  }));\r\n}\r\n\r\nasync function loadProcessMonthReports(value, processId, options = {}) {\r\n  if (options.actor) await assertProcessScope(options.actor, processId, { action:\'PROCESS_EXPORT\' });\r\n  const yearMonth = normalizeYearMonth(value);\r\n  const { start, next } = monthRange(yearMonth);\r\n  const [supportsEntryDate, supportsExtraData] = await Promise.all([\r\n    hasColumn(\'production_reports\', \'entry_date\'),\r\n    hasColumn(\'production_reports\', \'extra_data\')\r\n  ]);\r\n  const entryDateSelect = supportsEntryDate\r\n    ? \'COALESCE(pr.entry_date, DATE(pr.created_at), pr.work_date) AS entry_date\'\r\n    : \'COALESCE(DATE(pr.created_at), pr.work_date) AS entry_date\';\r\n  const extraDataSelect = supportsExtraData\r\n    ? \'pr.extra_data AS extra_data\'\r\n    : \'NULL AS extra_data\';\r\n\r\n  const reports = await query(\r\n    `SELECT\r\n        pr.id, pr.source_temp_id, pr.worker_id, pr.process_id,\r\n        pr.work_date, ${entryDateSelect}, pr.shift, pr.operation_type,\r\n        pr.operation_mode, pr.machine_no, pr.product_name,\r\n        pr.total_time, pr.actual_time, pr.deduction_time,\r\n        pr.standard_output, pr.actual_output, pr.tt_ok, pr.tt_ng,\r\n        pr.note, ${extraDataSelect}, pr.status, pr.review_note,\r\n        pr.reviewed_by, pr.approved_at, pr.created_at, pr.updated_at,\r\n        w.worker_code, w.training_percent AS worker_training_percent,\r\n        pr.training_percent_snapshot,\r\n        COALESCE(pr.training_percent_snapshot, w.training_percent, 100) AS training_percent,\r\n        w.position, w.department,\r\n        u.full_name, p.process_name, p.process_code,\r\n        pr.exclude_kqd_from_tt_snapshot,\r\n        COALESCE(pr.exclude_kqd_from_tt_snapshot, 0) AS exclude_kqd_from_tt\r\n       FROM production_reports AS pr\r\n       INNER JOIN workers AS w ON w.id = pr.worker_id\r\n       INNER JOIN users AS u ON u.id = w.user_id\r\n       INNER JOIN processes AS p ON p.id = pr.process_id\r\n      WHERE LOWER(TRIM(COALESCE(pr.status, \'\'))) = \'approved\'\r\n        AND pr.work_date >= ?\r\n        AND pr.work_date < ?\r\n        AND pr.process_id = ?\r\n      ORDER BY pr.work_date, w.worker_code, pr.machine_no, pr.created_at, pr.id`,\r\n    [start, next, Number(processId)]\r\n  );\r\n\r\n  reports.physicalMachineEvents = await query(\r\n    `SELECT e.id,e.process_id,e.machine_id,e.machine_code,e.product_code,e.work_date,e.shift,\r\n            e.physical_ok_quantity,e.physical_ng_quantity,e.physical_counted_output,e.physical_total_output,\r\n            e.machine_time_hours,e.maximum_output,e.standard_output,e.standard_version_id,e.machine_standard_id,\r\n            e.exclude_kqd_from_tt_snapshot,e.status\r\n       FROM machine_production_events e\r\n      WHERE e.status=\'approved\' AND e.process_id=? AND e.work_date>=? AND e.work_date<?\r\n      ORDER BY e.work_date,e.shift,e.machine_code,e.id`,\r\n    [Number(processId), start, next]\r\n  );\r\n\r\n  for (const report of reports) {\r\n    const hasTrainingSnapshot = report.training_percent_snapshot !== null\r\n      && report.training_percent_snapshot !== undefined\r\n      && String(report.training_percent_snapshot).trim() !== \'\';\r\n    if (!hasTrainingSnapshot) {\r\n      // Legacy approved reports did not persist the immutable snapshot. Keep\r\n      // them exportable, but prefer the worker master % currently shown in the\r\n      // worker list instead of silently replacing it with 100%.\r\n      report.training_percent = Number.isFinite(Number(report.worker_training_percent))\r\n        ? Number(report.worker_training_percent)\r\n        : 100;\r\n      report.trainingSnapshotSource = report.worker_training_percent !== null\r\n        && report.worker_training_percent !== undefined\r\n        ? \'LEGACY_WORKER_MASTER\'\r\n        : \'LEGACY_DEFAULT_100\';\r\n      delete report.training_percent_snapshot;\r\n    } else {\r\n      assertTrainingSnapshotAvailable(report);\r\n      report.trainingSnapshotSource = \'IMMUTABLE_SNAPSHOT\';\r\n    }\r\n\r\n    const isMachineReport = String(report.operation_mode || \'\').toUpperCase() === \'MACHINE\';\r\n    if (!isMachineReport && (report.exclude_kqd_from_tt === null || report.exclude_kqd_from_tt === undefined)) {\r\n      report.exclude_kqd_from_tt = 0;\r\n      report.excludeKqdSnapshotSource = \'LEGACY_DEFAULT_0\';\r\n    }\r\n  }\r\n\r\n  const reportIds = reports.map((report) => Number(report.id));\r\n  const [deductionTypes, defectTypes] = await Promise.all([\r\n    query(`SELECT id, process_id, deduction_code AS code, deduction_name AS name, deduction_code, deduction_name, sort_order FROM deduction_types WHERE process_id=? AND status=\'active\' ORDER BY sort_order,id`, [Number(processId)]),\r\n    query(`SELECT id, process_id, defect_code AS code, defect_name AS name, defect_code, defect_name, sort_order FROM defect_types WHERE process_id=? AND status=\'active\' ORDER BY sort_order,id`, [Number(processId)]),\r\n  ]);\r\n\r\n  reports.deductionTypes = deductionTypes;\r\n  reports.defectTypes = defectTypes;\r\n  if (!reportIds.length) return reports;\r\n\r\n  const deductionRows = [];\r\n  const defectRows = [];\r\n  const machineLineRows = [];\r\n  for (const ids of chunkArray(reportIds, Number(process.env.EXCEL_DETAIL_BATCH_SIZE || 400))) {\r\n    const placeholders = ids.map(() => \'?\').join(\',\');\r\n    const [deductionsBatch, defectsBatch, machineBatch] = await Promise.all([\r\n      query(`SELECT prd.report_id, prd.deduction_type_id, dt.deduction_code, dt.deduction_name, prd.hours FROM production_report_deductions prd LEFT JOIN deduction_types dt ON dt.id=prd.deduction_type_id WHERE prd.report_id IN (${placeholders}) ORDER BY prd.report_id,COALESCE(dt.sort_order,999999),prd.deduction_type_id`, ids),\r\n      query(`SELECT prd.report_id, prd.defect_type_id, dt.defect_code, dt.defect_name, prd.quantity FROM production_report_defects prd LEFT JOIN defect_types dt ON dt.id=prd.defect_type_id WHERE prd.report_id IN (${placeholders}) ORDER BY prd.report_id,COALESCE(dt.sort_order,999999),prd.defect_type_id`, ids),\r\n      query(`SELECT * FROM production_report_machine_lines WHERE report_id IN (${placeholders}) ORDER BY report_id,sort_order,id`, ids)\r\n    ]);\r\n    deductionRows.push(...deductionsBatch); defectRows.push(...defectsBatch); machineLineRows.push(...machineBatch);\r\n  }\r\n  const deductions = mapDetails(deductionRows, reportIds, (row) => ({\r\n    id: Number(row.id ?? row.deduction_type_id),\r\n    deduction_type_id: Number(row.deduction_type_id),\r\n    code: row.code || row.deduction_code || \'\',\r\n    name: row.name || row.deduction_name || \'\',\r\n    deduction_code: row.code || row.deduction_code || \'\',\r\n    deduction_name: row.name || row.deduction_name || \'\',\r\n    hours: Number(row.hours) || 0\r\n  }));\r\n  const defects = mapDetails(defectRows, reportIds, (row) => ({\r\n    defect_type_id: Number(row.defect_type_id),\r\n    defect_code: row.defect_code || \'\',\r\n    defect_name: row.defect_name || \'\',\r\n    quantity: Number(row.quantity) || 0\r\n  }));\r\n\r\n  const machineLines = mapDetails(machineLineRows, reportIds, (row) => ({ ...row }));\r\n  reports.forEach((report) => {\r'... 2386 more characters,
    expected: /pr\.exclude_kqd_from_tt_snapshot AS exclude_kqd_from_tt/,
    operator: 'match',
    diff: 'simple'
  }

test at backend\tests\production-temp-lock-retry.contract.test.js:11:1
✖ production temp create serializes submissions and retries TiDB lock wait timeouts (1.72ms)
  AssertionError [ERR_ASSERTION]: The input did not match the regular expression /LOCK_RETRY_ATTEMPTS\s*=\s*3/. Input:
  
  'const db = require("../config/db");\r\n' +
    'const createModel = require("./productionTempCreateModel");\r\n' +
    'const nonProductWorkModel = require("./nonProductWorkCreateModel");\r\n' +
    'const readModel = require("./productionTempReadModel");\r\n' +
    'const reviewModel = require("./productionTempReviewModel");\r\n' +
    'const historyModel = require("./productionTempHistoryModel");\r\n' +
    'const AuditService = require("../services/auditService");\r\n' +
    'const { query, getConnection, beginTransaction, commit, rollback } = require("./productionTempModelShared");\r\n' +
    'const { resolveInitialTrainingSnapshot } = require("../services/trainingSnapshotService");\r\n' +
    'const { validateMachineWorkerCapacityLocked } = require("../services/factoryMachineRuleService");\r\n' +
    'const { buildLogicalDuplicateKey } = require("../services/logicalDuplicateReportService");\r\n' +
    'const { verifyDuplicateConfirmation } = require("../services/duplicateConfirmationService");\r\n' +
    '\r\n' +
    'const DAILY_HOURS_LIMIT = 12;\r\n' +
    'const submissionQueues = new Map();\r\n' +
    'const sleep = (ms) => new Promise((resolve) => setTimeout(resolve, ms));\r\n' +
    '\r\n' +
    'const runSerialized = async (key, task) => {\r\n' +
    '    const previous = submissionQueues.get(key) || Promise.resolve();\r\n' +
    '    let release;\r\n' +
    '    const current = new Promise((resolve) => { release = resolve; });\r\n' +
    '    submissionQueues.set(key, current);\r\n' +
    '    await previous;\r\n' +
    '    try { return await task(); }\r\n' +
    '    finally {\r\n' +
    '        release();\r\n' +
    '        if (submissionQueues.get(key) === current) submissionQueues.delete(key);\r\n' +
    '    }\r\n' +
    '};\r\n' +
    '\r\n' +
    'const queueKey = (data, machineLines = []) => {\r\n' +
    '    const workerId = Number(data?.worker_id || data?.workerId || 0);\r\n' +
    '    const client = String(data?.client_request_id || "").trim();\r\n' +
    '    if (client) return `client:${workerId}:${client}`;\r\n' +
    '    const logical = String(data?.logical_duplicate_key || "").trim();\r\n' +
    '    if (logical) return `logical:${workerId}:${logical}`;\r\n' +
    '    const machines = [...new Set((Array.isArray(machineLines) ? machineLines : [])\r\n' +
    '        .map((x) => String(x?.machine_code || "").trim().toUpperCase()).filter(Boolean))].sort().join(",");\r\n' +
    '    return `capacity:${workerId}:${Number(data?.process_id || 0)}:${String(data?.work_date || "").slice(0,10)}:${String(data?.shift || "").trim().toUpperCase()}:${machines}`;\r\n' +
    '};\r\n' +
    '\r\n' +
    'const findExistingClientRequest = async (data, executor = db) => {\r\n' +
    '    const workerId = Number(data?.worker_id);\r\n' +
    '    const requestId = String(data?.client_request_id || "").trim();\r\n' +
    '    if (!Number.isInteger(workerId) || workerId <= 0 || !requestId) return null;\r\n' +
    '    const rows = await query(executor,\r\n' +
    '        `SELECT id, status FROM production_reports_temp WHERE worker_id=? AND client_request_id=? LIMIT 1`,\r\n' +
    '        [workerId, requestId]);\r\n' +
    '    return rows?.[0] || null;\r\n' +
    '};\r\n' +
    '\r\n' +
    'const idempotent = (row) => ({ id: Number(row.id), duplicate: true, duplicate_reason: "request_id", existing_report: row });\r\n' +
    'const is1205 = (error) => Number(error?.errno) === 1205 || /lock wait timeout exceeded|error 1205/i.test(String(error?.message || ""));\r\n' +
    '\r\n' +
    'const recoverAfter1205 = async (data) => {\r\n' +
    '    for (const delay of [0, 150, 500, 1000]) {\r\n' +
    '        if (delay) await sleep(delay);\r\n' +
    '        const existing = await findExistingClientRequest(data);\r\n' +
    '        if (existing) return idempotent(existing);\r\n' +
    '    }\r\n' +
    '    const error = new Error("Yêu cầu gửi báo cáo đang bị một yêu cầu khác xử lý. Vui lòng bấm gửi lại.");\r\n' +
    '    error.status = 409; error.code = "PRODUCTION_SUBMISSION_CONFLICT"; error.isPublic = true;\r\n' +
    '    throw error;\r\n' +
    '};\r\n' +
    '\r\n' +
    'const enforceDailyWorkerHours = async (data, executor = db) => {\r\n' +
    '    const workerId = Number(data?.worker_id);\r\n' +
    '    const workDate = String(data?.work_date || "").slice(0, 10);\r\n' +
    '    const incoming = Number(data?.actual_time) || 0;\r\n' +
    '    if (!Number.isInteger(workerId) || workerId <= 0 || !/^\\d{4}-\\d{2}-\\d{2}$/.test(workDate)) return null;\r\n' +
    '    const rows = await query(executor, `\r\n' +
    '        SELECT COALESCE(SUM(actual_time),0) AS counted_hours FROM production_reports\r\n' +
    "        WHERE worker_id=? AND work_date=? AND status='approved'\r\n" +
    '        UNION ALL\r\n' +
    '        SELECT COALESCE(SUM(actual_time),0) AS counted_hours FROM production_reports_temp\r\n' +
    "        WHERE worker_id=? AND work_date=? AND status IN ('pending','need_fix')`,\r\n" +
    '        [workerId, workDate, workerId, workDate]);\r\n' +
    '    const existing = (rows || []).reduce((sum, row) => sum + Number(row?.counted_hours || 0), 0);\r\n' +
    '    if (existing + incoming > DAILY_HOURS_LIMIT + 0.000001) {\r\n' +
    '        const error = new Error(`Tổng giờ làm trong ngày không được vượt quá 12 giờ. Hiện đã có ${existing.toFixed(2)} giờ, báo cáo này thêm ${incoming.toFixed(2)} giờ.`);\r\n' +
    '        error.status = 422; error.code = "DAILY_WORKING_HOURS_LIMIT_EXCEEDED"; error.isPublic = true; throw error;\r\n' +
    '    }\r\n' +
    '    return { existingHours: existing, incomingActualHours: incoming, projectedHours: existing + incoming, limitHours: DAILY_HOURS_LIMIT };\r\n' +
    '};\r\n' +
    '\r\n' +
    'createModel.findSimilarApprovedReport = async ({ workerId, processId, workDate, shift, logicalDuplicateKey }, executor = db) => {\r\n' +
    '    if (!logicalDuplicateKey) return null;\r\n' +
    '    const rows = await query(executor,\r\n' +
    '        `SELECT id, worker_id, process_id, work_date, shift, operation_mode, machine_no, product_name, status, created_at, updated_at\r\n' +
    "         FROM production_reports WHERE worker_id=? AND process_id=? AND work_date=? AND shift=? AND status <> 'deleted' ORDER BY id DESC`,\r\n" +
    '        [workerId, processId, workDate, shift]);\r\n' +
    '    if (!rows.length) return null;\r\n' +
    '    const ids = rows.map((r) => Number(r.id)).filter(Boolean);\r\n' +
    '    const machineRows = await query(executor,\r\n' +
    '        `SELECT report_id,machine_code,product_code,sort_order,id FROM production_report_machine_lines\r\n' +
    "         WHERE report_id IN (${ids.map(() => '?').join(',')}) ORDER BY report_id,sort_order,id`, ids);\r\n" +
    '    const byReport = new Map();\r\n' +
    '    for (const line of machineRows) {\r\n' +
    '        const id = Number(line.report_id);\r\n' +
    '        if (!byReport.has(id)) byReport.set(id, []);\r\n' +
    '        byReport.get(id).push(line);\r\n' +
    '    }\r\n' +
    '    for (const row of rows) {\r\n' +
    '        const key = buildLogicalDuplicateKey({\r\n' +
    '            workerId: row.worker_id, processId: row.process_id, workDate: row.work_date,\r\n' +
    '            shift: row.shift, operationMode: row.operation_mode, machineNo: row.machine_no,\r\n' +
    '            productName: row.product_name, machineLines: byReport.get(Number(row.id)) || []\r\n' +
    '        });\r\n' +
    '        if (key === logicalDuplicateKey) return { ...row, report_type: "approved" };\r\n' +
    '    }\r\n' +
    '    return null;\r\n' +
    '};\r\n' +
    '\r\n' +
    'const resolveMasterDetails = async (processId, defects, deductions, executor) => {\r\n' +
    '    const defectItems = (Array.isArray(defects) ? defects : []).map((item) => ({\r\n' +
    '        id: Number(item?.defect_type_id || item?.id || 0) || null,\r\n' +
    '        code: String(item?.defect_code || item?.defect_type_code || item?.code || "").trim(),\r\n' +
    '        name: String(item?.defect_name || item?.name || item?.label || "").trim(),\r\n' +
    '        quantity: Math.trunc(Number(item?.quantity ?? item?.qty ?? item?.ng_quantity ?? 0) || 0)\r\n' +
    '    })).filter((x) => x.quantity > 0);\r\n' +
    '\r\n' +
    '    const deductionItems = (Array.isArray(deductions) ? deductions : []).map((item) => ({\r\n' +
    '        id: Number(item?.deduction_type_id || item?.id || 0) || null,\r\n' +
    '        code: String(item?.deduction_code || item?.code || "").trim(),\r\n' +
    '        name: String(item?.deduction_name || item?.name || item?.label || "").trim(),\r\n' +
    '        hours: Number(item?.hours ?? item?.deduction_hours ?? 0) || 0\r\n' +
    '    })).filter((x) => x.hours > 0);\r\n' +
    '\r\n' +
    '    const resolve = async (table, items, label) => {\r\n' +
    '        if (!items.length) return [];\r\n' +
    '        const ids = [...new Set(items.map((x) => x.id).filter(Boolean))];\r\n' +
    '        const codes = [...new Set(items.map((x) => x.code).filter(Boolean))];\r\n' +
    '        const names = [...new Set(items.map((x) => x.name).filter(Boolean))];\r\n' +
    '        const clauses = [];\r\n' +
    '        const params = [Number(processId)];\r\n' +
    '        if (ids.length) { clauses.push(`id IN (${ids.map(() => "?").join(",")})`); params.push(...ids); }\r\n' +
    '        if (codes.length) { clauses.push(`${table === "defect_types" ? "defect_code" : "deduction_code"} IN (${codes.map(() => "?").join(",")})`); params.push(...codes); }\r\n' +
    '        if (names.length) { clauses.push(`${table === "defect_types" ? "defect_name" : "deduction_name"} IN (${names.map(() => "?").join(",")})`); params.push(...names); }\r\n' +
    '        const rows = await query(executor,\r\n' +
    '            `SELECT id, ${table === "defect_types" ? "defect_code, defect_name" : "deduction_code, deduction_name"}\r\n' +
    '             FROM ${table} WHERE process_id=? AND status=\'active\' AND (${clauses.join(" OR ")})`, params);\r\n' +
    '        const byId = new Map(rows.map((r) => [Number(r.id), r]));\r\n' +
    '        const codeField = table === "defect_types" ? "defect_code" : "deduction_code";\r\n' +
    '        const nameField = table === "defect_types" ? "defect_name" : "deduction_name";\r\n' +
    '        const byCode = new Map(rows.map((r) => [String(r[codeField] || "").trim().toUpperCase(), r]));\r\n' +
    '        const byName = new Map(rows.map((r) => [String(r[nameField] || "").trim(), r]));\r\n' +
    '        return items.map((item) => {\r\n' +
    '            const master = (item.id && byId.get(item.id)) || (item.code && byCode.get(item.code.toUpperCase())) || (item.name && byName.get(item.name));\r\n' +
    '            if (!master) {\r\n' +
    '                const error = new Error(`Không xác định được ${label}: ${item.code || item.name || item.id}`);\r\n' +
    '                error.status = 422; error.code = label === "loại lỗi NG" ? "DEFECT_TYPE_NOT_FOUND" : "DEDUCTION_TYPE_NOT_FOUND";\r\n' +
    '                error.isPublic = true; error.details = { process_id: processId, item }; throw error;\r\n' +
    '            }\r\n' +
    '            if (table === "defect_types") return { defect_type_id: Number(master.id), defect_code: master.defect_code || "", defect_name: master.defect_name || "", quantity: item.quantity };\r\n' +
    '            return { deduction_type_id: Number(master.id), deduction_code: master.deduction_code || "", deduction_name: master.deduction_name || "", hours: item.hours };\r\n' +
    '        });\r\n' +
    '    };\r\n' +
    '\r\n' +
    '    const resolvedDefects = await resolve("defect_types", defectI'... 13236 more characters
  
      at TestContext.<anonymous> (F:\VSCode\worker-management-system\backend\tests\production-temp-lock-retry.contract.test.js:14:10)
      at Test.runInAsyncScope (node:async_hooks:227:14)
      at Test.run (node:internal/test_runner/test:1382:25)
      at Test.start (node:internal/test_runner/test:1242:17)
      at startSubtestAfterBootstrap (node:internal/test_runner/harness:387:17) {
    generatedMessage: true,
    code: 'ERR_ASSERTION',
    actual: 'const db = require("../config/db");\r\nconst createModel = require("./productionTempCreateModel");\r\nconst nonProductWorkModel = require("./nonProductWorkCreateModel");\r\nconst readModel = require("./productionTempReadModel");\r\nconst reviewModel = require("./productionTempReviewModel");\r\nconst historyModel = require("./productionTempHistoryModel");\r\nconst AuditService = require("../services/auditService");\r\nconst { query, getConnection, beginTransaction, commit, rollback } = require("./productionTempModelShared");\r\nconst { resolveInitialTrainingSnapshot } = require("../services/trainingSnapshotService");\r\nconst { validateMachineWorkerCapacityLocked } = require("../services/factoryMachineRuleService");\r\nconst { buildLogicalDuplicateKey } = require("../services/logicalDuplicateReportService");\r\nconst { verifyDuplicateConfirmation } = require("../services/duplicateConfirmationService");\r\n\r\nconst DAILY_HOURS_LIMIT = 12;\r\nconst submissionQueues = new Map();\r\nconst sleep = (ms) => new Promise((resolve) => setTimeout(resolve, ms));\r\n\r\nconst runSerialized = async (key, task) => {\r\n    const previous = submissionQueues.get(key) || Promise.resolve();\r\n    let release;\r\n    const current = new Promise((resolve) => { release = resolve; });\r\n    submissionQueues.set(key, current);\r\n    await previous;\r\n    try { return await task(); }\r\n    finally {\r\n        release();\r\n        if (submissionQueues.get(key) === current) submissionQueues.delete(key);\r\n    }\r\n};\r\n\r\nconst queueKey = (data, machineLines = []) => {\r\n    const workerId = Number(data?.worker_id || data?.workerId || 0);\r\n    const client = String(data?.client_request_id || "").trim();\r\n    if (client) return `client:${workerId}:${client}`;\r\n    const logical = String(data?.logical_duplicate_key || "").trim();\r\n    if (logical) return `logical:${workerId}:${logical}`;\r\n    const machines = [...new Set((Array.isArray(machineLines) ? machineLines : [])\r\n        .map((x) => String(x?.machine_code || "").trim().toUpperCase()).filter(Boolean))].sort().join(",");\r\n    return `capacity:${workerId}:${Number(data?.process_id || 0)}:${String(data?.work_date || "").slice(0,10)}:${String(data?.shift || "").trim().toUpperCase()}:${machines}`;\r\n};\r\n\r\nconst findExistingClientRequest = async (data, executor = db) => {\r\n    const workerId = Number(data?.worker_id);\r\n    const requestId = String(data?.client_request_id || "").trim();\r\n    if (!Number.isInteger(workerId) || workerId <= 0 || !requestId) return null;\r\n    const rows = await query(executor,\r\n        `SELECT id, status FROM production_reports_temp WHERE worker_id=? AND client_request_id=? LIMIT 1`,\r\n        [workerId, requestId]);\r\n    return rows?.[0] || null;\r\n};\r\n\r\nconst idempotent = (row) => ({ id: Number(row.id), duplicate: true, duplicate_reason: "request_id", existing_report: row });\r\nconst is1205 = (error) => Number(error?.errno) === 1205 || /lock wait timeout exceeded|error 1205/i.test(String(error?.message || ""));\r\n\r\nconst recoverAfter1205 = async (data) => {\r\n    for (const delay of [0, 150, 500, 1000]) {\r\n        if (delay) await sleep(delay);\r\n        const existing = await findExistingClientRequest(data);\r\n        if (existing) return idempotent(existing);\r\n    }\r\n    const error = new Error("Yêu cầu gửi báo cáo đang bị một yêu cầu khác xử lý. Vui lòng bấm gửi lại.");\r\n    error.status = 409; error.code = "PRODUCTION_SUBMISSION_CONFLICT"; error.isPublic = true;\r\n    throw error;\r\n};\r\n\r\nconst enforceDailyWorkerHours = async (data, executor = db) => {\r\n    const workerId = Number(data?.worker_id);\r\n    const workDate = String(data?.work_date || "").slice(0, 10);\r\n    const incoming = Number(data?.actual_time) || 0;\r\n    if (!Number.isInteger(workerId) || workerId <= 0 || !/^\\d{4}-\\d{2}-\\d{2}$/.test(workDate)) return null;\r\n    const rows = await query(executor, `\r\n        SELECT COALESCE(SUM(actual_time),0) AS counted_hours FROM production_reports\r\n        WHERE worker_id=? AND work_date=? AND status=\'approved\'\r\n        UNION ALL\r\n        SELECT COALESCE(SUM(actual_time),0) AS counted_hours FROM production_reports_temp\r\n        WHERE worker_id=? AND work_date=? AND status IN (\'pending\',\'need_fix\')`,\r\n        [workerId, workDate, workerId, workDate]);\r\n    const existing = (rows || []).reduce((sum, row) => sum + Number(row?.counted_hours || 0), 0);\r\n    if (existing + incoming > DAILY_HOURS_LIMIT + 0.000001) {\r\n        const error = new Error(`Tổng giờ làm trong ngày không được vượt quá 12 giờ. Hiện đã có ${existing.toFixed(2)} giờ, báo cáo này thêm ${incoming.toFixed(2)} giờ.`);\r\n        error.status = 422; error.code = "DAILY_WORKING_HOURS_LIMIT_EXCEEDED"; error.isPublic = true; throw error;\r\n    }\r\n    return { existingHours: existing, incomingActualHours: incoming, projectedHours: existing + incoming, limitHours: DAILY_HOURS_LIMIT };\r\n};\r\n\r\ncreateModel.findSimilarApprovedReport = async ({ workerId, processId, workDate, shift, logicalDuplicateKey }, executor = db) => {\r\n    if (!logicalDuplicateKey) return null;\r\n    const rows = await query(executor,\r\n        `SELECT id, worker_id, process_id, work_date, shift, operation_mode, machine_no, product_name, status, created_at, updated_at\r\n         FROM production_reports WHERE worker_id=? AND process_id=? AND work_date=? AND shift=? AND status <> \'deleted\' ORDER BY id DESC`,\r\n        [workerId, processId, workDate, shift]);\r\n    if (!rows.length) return null;\r\n    const ids = rows.map((r) => Number(r.id)).filter(Boolean);\r\n    const machineRows = await query(executor,\r\n        `SELECT report_id,machine_code,product_code,sort_order,id FROM production_report_machine_lines\r\n         WHERE report_id IN (${ids.map(() => \'?\').join(\',\')}) ORDER BY report_id,sort_order,id`, ids);\r\n    const byReport = new Map();\r\n    for (const line of machineRows) {\r\n        const id = Number(line.report_id);\r\n        if (!byReport.has(id)) byReport.set(id, []);\r\n        byReport.get(id).push(line);\r\n    }\r\n    for (const row of rows) {\r\n        const key = buildLogicalDuplicateKey({\r\n            workerId: row.worker_id, processId: row.process_id, workDate: row.work_date,\r\n            shift: row.shift, operationMode: row.operation_mode, machineNo: row.machine_no,\r\n            productName: row.product_name, machineLines: byReport.get(Number(row.id)) || []\r\n        });\r\n        if (key === logicalDuplicateKey) return { ...row, report_type: "approved" };\r\n    }\r\n    return null;\r\n};\r\n\r\nconst resolveMasterDetails = async (processId, defects, deductions, executor) => {\r\n    const defectItems = (Array.isArray(defects) ? defects : []).map((item) => ({\r\n        id: Number(item?.defect_type_id || item?.id || 0) || null,\r\n        code: String(item?.defect_code || item?.defect_type_code || item?.code || "").trim(),\r\n        name: String(item?.defect_name || item?.name || item?.label || "").trim(),\r\n        quantity: Math.trunc(Number(item?.quantity ?? item?.qty ?? item?.ng_quantity ?? 0) || 0)\r\n    })).filter((x) => x.quantity > 0);\r\n\r\n    const deductionItems = (Array.isArray(deductions) ? deductions : []).map((item) => ({\r\n        id: Number(item?.deduction_type_id || item?.id || 0) || null,\r\n        code: String(item?.deduction_code || item?.code || "").trim(),\r\n        name: String(item?.deduction_name || item?.name || item?.label || "").trim(),\r\n        hours: Number(item?.hours ?? item?.deduction_hours ?? 0) || 0\r\n    })).filter((x) => x.hours > 0);\r\n\r\n    const resolve = async (table, items, label) => {\r\n        if (!items.length) return [];\r\n        const ids = [...new Set(items.map((x) => x.id).filter(Boolean))];\r\n        const codes = [...new Set(items.map((x) => x.code).filter(Boolean))];\r\n        const names = [...new Set(items.map((x) => x.name).filter(Boolean))];\r\n        const clauses = [];\r\n        const params = [Number(processId)];\r\n        if (ids.length) { clauses.push(`id IN (${ids.map(() => "?").join(",")})`); params.push(...ids); }\r\n        if (codes.length) { clauses.push(`${table === "defect_types" ? "defect_code" : "deduction_code"} IN (${codes.map(() => "?").join(",")})`); params.push(...codes); }\r\n        if (names.length) { clauses.push(`${table === "defect_types" ? "defect_name" : "deduction_name"} IN (${names.map(() => "?").join(",")})`); params.push(...names); }\r\n        const rows = await query(executor,\r\n            `SELECT id, ${table === "defect_types" ? "defect_code, defect_name" : "deduction_code, deduction_name"}\r\n             FROM ${table} WHERE process_id=? AND status=\'active\' AND (${clauses.join(" OR ")})`, params);\r\n        const byId = new Map(rows.map((r) => [Number(r.id), r]));\r\n        const codeField = table === "defect_types" ? "defect_code" : "deduction_code";\r\n        const nameField = table === "defect_types" ? "defect_name" : "deduction_name";\r\n        const byCode = new Map(rows.map((r) => [String(r[codeField] || "").trim().toUpperCase(), r]));\r\n        const byName = new Map(rows.map((r) => [String(r[nameField] || "").trim(), r]));\r\n        return items.map((item) => {\r\n            const master = (item.id && byId.get(item.id)) || (item.code && byCode.get(item.code.toUpperCase())) || (item.name && byName.get(item.name));\r\n            if (!master) {\r\n                const error = new Error(`Không xác định được ${label}: ${item.code || item.name || item.id}`);\r\n                error.status = 422; error.code = label === "loại lỗi NG" ? "DEFECT_TYPE_NOT_FOUND" : "DEDUCTION_TYPE_NOT_FOUND";\r\n                error.isPublic = true; error.details = { process_id: processId, item }; throw error;\r\n            }\r\n            if (table === "defect_types") return { defect_type_id: Number(master.id), defect_code: master.defect_code || "", defect_name: master.defect_name || "", quantity: item.quantity };\r\n            return { deduction_type_id: Number(master.id), deduction_code: master.deduction_code || "", deduction_name: master.deduction_name || "", hours: item.hours };\r\n        });\r\n    };\r\n\r\n    const resolvedDefects = await resolve("defect_types", defectI'... 13236 more characters,
    expected: /LOCK_RETRY_ATTEMPTS\s*=\s*3/,
    operator: 'match',
    diff: 'simple'
  }

test at backend\tests\query-result-contract.test.js:19:1
✖ backend query() consumers do not destructure direct query results (316.4026ms)
  AssertionError [ERR_ASSERTION]: Expected values to be strictly deep-equal:
  + actual - expected
  
  + [
  +   '.wrangler\\tmp\\deploy-2f94xS\\cloudflare-entrypoint.js',
  +   '.wrangler\\tmp\\deploy-7ZSmCV\\cloudflare-entrypoint.js',
  +   'controllers\\productStandardController.js',
  +   'services\\rollbackVersionAuditService.js'
  + ]
  - []
  
      at TestContext.<anonymous> (F:\VSCode\worker-management-system\backend\tests\query-result-contract.test.js:27:10)
      at Test.runInAsyncScope (node:async_hooks:227:14)
      at Test.run (node:internal/test_runner/test:1382:25)
      at Test.start (node:internal/test_runner/test:1242:17)
      at startSubtestAfterBootstrap (node:internal/test_runner/harness:387:17) {
    generatedMessage: true,
    code: 'ERR_ASSERTION',
    actual: [ '.wrangler\\tmp\\deploy-2f94xS\\cloudflare-entrypoint.js', '.wrangler\\tmp\\deploy-7ZSmCV\\cloudflare-entrypoint.js', 'controllers\\productStandardController.js', 'services\\rollbackVersionAuditService.js' ],
    expected: [],
    operator: 'deepStrictEqual',
    diff: 'simple'
  }

test at backend\tests\report-validation-deduction-minutes.test.js:5:1
✖ deduction detail minutes matches deduction_time in hours (2.6802ms)
  AssertionError [ERR_ASSERTION]: Expected values to be strictly equal:
  
  false !== true
  
      at TestContext.<anonymous> (F:\VSCode\worker-management-system\backend\tests\report-validation-deduction-minutes.test.js:23:10)
      at Test.runInAsyncScope (node:async_hooks:227:14)
      at Test.run (node:internal/test_runner/test:1382:25)
      at Test.start (node:internal/test_runner/test:1242:17)
      at startSubtestAfterBootstrap (node:internal/test_runner/harness:387:17) {
    generatedMessage: true,
    code: 'ERR_ASSERTION',
    actual: false,
    expected: true,
    operator: 'strictEqual',
    diff: 'simple'
  }

test at backend\tests\report-validation-deduction-minutes.test.js:28:1
✖ canonical deduction hours still works (0.7512ms)
  AssertionError [ERR_ASSERTION]: Expected values to be strictly equal:
  
  false !== true
  
      at TestContext.<anonymous> (F:\VSCode\worker-management-system\backend\tests\report-validation-deduction-minutes.test.js:46:10)
      at Test.runInAsyncScope (node:async_hooks:227:14)
      at Test.run (node:internal/test_runner/test:1382:25)
      at Test.processPendingSubtests (node:internal/test_runner/test:960:18)
      at Test.postRun (node:internal/test_runner/test:1522:19)
      at Test.run (node:internal/test_runner/test:1447:12)
      at async startSubtestAfterBootstrap (node:internal/test_runner/harness:387:3) {
    generatedMessage: true,
    code: 'ERR_ASSERTION',
    actual: false,
    expected: true,
    operator: 'strictEqual',
    diff: 'simple'
  }

test at backend\tests\rollback-full-restore.test.js:1:1
✖ backend\tests\rollback-full-restore.test.js (4938.9734ms)
  'Promise resolution is still pending but the event loop has already resolved'

test at backend\tests\source-integrity.test.js:64:1
✖ frontend rejects skipped Desktop sync results (3.4625ms)
  AssertionError [ERR_ASSERTION]: The input did not match the regular expression /if \(result\?\.skipped\)/. Input:
  
  'import { getAccessToken } from "../utils/authStorage";\r\n' +
    'import api from "./api";\r\n' +
    'import { clearSessionCache, getSessionCached } from "./sessionCache";\r\n' +
    'import type { ProductionDeduction, ProductionDefect, ProductionReport } from "../types/production";\r\n' +
    '\r\n' +
    'export interface CompanyNetworkAccess { allowed:boolean; restricted:boolean; enforced:boolean; configured:boolean; client_ip:string; message:string; }\r\n' +
    'export const getCompanyNetworkAccess=async(forceRefresh=false):Promise<CompanyNetworkAccess>=>{const loader=async()=>{const res=await api.get("/network/access");return res.data?.data||res.data;};if(forceRefresh)return loader();return getSessionCached("network-access",5*60*1000,loader);};\r\n' +
    'export const createTempReport=async(data:ProductionReport)=>{const res=await api.post("/production-temp",data,{timeout:30000});return res.data;};\r\n' +
    'export interface SimilarReportCheckResponse{success:boolean;duplicate:boolean;data:{id:number;status:string;work_date:string;shift:string;machine_no:string;product_name:string}|null;message:string;}\r\n' +
    'export const checkSimilarTempReport=async(data:Pick<ProductionReport,"process_id"|"work_date"|"shift"|"machine_no"|"product_name">):Promise<SimilarReportCheckResponse>=>{const res=await api.post("/production-temp/check-similar",data);return res.data;};\r\n' +
    'export const getTempDates=async()=>{const res=await api.get("/production-temp/dates");return res.data.data||res.data||[];};\r\n' +
    'export const getTempReportsByDate=async(date:string):Promise<ProductionReport[]>=>{const res=await api.get(`/production-temp/by-date?date=${date}`);return res.data.data||res.data||[];};\r\n' +
    'export const getTempReportById=async(id:number):Promise<ProductionReport>=>{const res=await api.get(`/production-temp/${id}`,{params:{_t:Date.now()},headers:{"Cache-Control":"no-cache"}});return res.data.data||res.data;};\r\n' +
    'export const getTempReportDetail=async(id:number):Promise<ProductionReport>=>getTempReportById(id);\r\n' +
    'export const getMyTempReports=async()=>{const res=await api.get("/production-temp/my",{params:{_t:Date.now()},headers:{"Cache-Control":"no-cache","Pragma":"no-cache"}});return res.data.data||res.data||[];};\r\n' +
    'export interface DailyWorkingHours{work_date:string;counted_hours:number;limit_hours:number;}\r\n' +
    'export const getMyDailyWorkingHours=async(date:string):Promise<DailyWorkingHours>=>{const res=await api.get("/production-temp/daily-hours",{params:{date}});return res.data?.data||res.data;};\r\n' +
    'export interface ManagerReportPagination{page:number;page_size:number;total:number;total_pages:number;}\r\n' +
    'export interface ManagerReportPage{data:ProductionReport[];pagination:ManagerReportPagination;processes?:string[];previous_count?:number;}\r\n' +
    'export interface PendingReportFilters{dateFrom?:string;dateTo?:string;shift?:string;processId?:number|string;processName?:string;search?:string;page?:number;pageSize?:number;}\r\n' +
    'const normalizeManagerReportPage=(payload:any):ManagerReportPage=>({data:Array.isArray(payload?.data)?payload.data:Array.isArray(payload)?payload:[],pagination:{page:Number(payload?.pagination?.page||1),page_size:Number(payload?.pagination?.page_size||20),total:Number(payload?.pagination?.total||(Array.isArray(payload?.data)?payload.data.length:0)),total_pages:Math.max(1,Number(payload?.pagination?.total_pages||1))},processes:Array.isArray(payload?.processes)?payload.processes:undefined,previous_count:Number(payload?.previous_count||0)});\r\n' +
    'const approvedTrainingPercentCache=new Map<number,number>();\r\n' +
    'const rememberApprovedTrainingPercents=(page:ManagerReportPage)=>{for(const item of page.data){const id=Number(item.id);const value=Number((item as any).training_percent);if(Number.isInteger(id)&&id>0&&Number.isFinite(value))approvedTrainingPercentCache.set(id,value);}return page;};\r\n' +
    'export const getPendingReports=async(filters:PendingReportFilters={}):Promise<ManagerReportPage>=>{const key=["manager-pending",filters.dateFrom||"",filters.dateTo||"",filters.shift||"",filters.processId||"",filters.processName||"",filters.search?.trim()||"",filters.page||1,filters.pageSize||20].join(":");const res=await api.get("/production-temp/pending",{params:{date_from:filters.dateFrom||undefined,date_to:filters.dateTo||undefined,shift:filters.shift,process_id:filters.processId||undefined,process_name:filters.processName,search:filters.search?.trim(),page:filters.page||1,page_size:filters.pageSize||20,include_meta:1}});return normalizeManagerReportPage(res.data);};\r\n' +
    'export interface ApprovedReportFilters extends PendingReportFilters{}\r\n' +
    'export const getApprovedReports=async(filters:ApprovedReportFilters={}):Promise<ManagerReportPage>=>{const key=["manager-approved-v3",filters.dateFrom||"",filters.dateTo||"",filters.shift||"",filters.processId||"",filters.processName||"",filters.search?.trim()||"",filters.page||1,filters.pageSize||20].join(":");return getSessionCached(key,15000,async()=>{const res=await api.get("/production/",{params:{date_from:filters.dateFrom||undefined,date_to:filters.dateTo||undefined,shift:filters.shift||undefined,process_id:filters.processId||undefined,process_name:filters.processName||undefined,search:filters.search?.trim()||undefined,page:filters.page||1,page_size:filters.pageSize||20}});return rememberApprovedTrainingPercents(normalizeManagerReportPage(res.data));});};\r\n' +
    'export const invalidatePendingReportCache=()=>clearSessionCache("manager-pending");\r\n' +
    'export const invalidateApprovedReportCache=()=>{approvedTrainingPercentCache.clear();clearSessionCache("manager-approved-v3");};\r\n' +
    'export const invalidateManagerReportCaches=()=>{approvedTrainingPercentCache.clear();clearSessionCache("manager-pending");clearSessionCache("manager-approved");clearSessionCache("manager-approved-v2");clearSessionCache("manager-approved-v3");};\r\n' +
    'export const getReports=async():Promise<ProductionReport[]> =>(await getApprovedReports()).data;\r\n' +
    'export const getReportById=async(id:number,source?:string|null)=>{const normalizedSource=String(source||"").toLowerCase();const url=normalizedSource==="pending"||normalizedSource==="temp"?`/production-temp/${id}`:`/production/${id}`;const res=await api.get(url,{params:{_t:Date.now()},headers:{"Cache-Control":"no-cache","Pragma":"no-cache"}});const data=res.data.data||res.data;if(normalizedSource!=="pending"&&normalizedSource!=="temp"){const remembered=approvedTrainingPercentCache.get(Number(id));if(Number.isFinite(remembered))return{...data,training_percent:remembered};}return data;};\r\n' +
    'export const updateReport=async(id:number,data:ProductionReport,source:"pending"|"approved"="approved",expectedUpdatedAt:string|null=null)=>{const endpoint=source==="pending"?`/production-temp/${id}`:`/production/${id}`;const payload=source==="approved"?{...data,expected_updated_at:expectedUpdatedAt||undefined}:data;const res=await api.put(endpoint,payload);return res.data;};\r\n' +
    'export const updateTempReport=async(id:number,data:ProductionReport)=>{const res=await api.put(`/production-temp/${id}`,{...data,expected_updated_at:data.updated_at||undefined});return res.data;};\r\n' +
    'export const deleteReport=async(id:number,reason:string)=>{const res=await api.delete(`/production/${id}`,{data:{reason:String(reason||"").trim()}});return res.data;};\r\n' +
    'export const createApprovedReportFromExcel=async(data:ProductionReport)=>{const res=await api.post("/production/excel-sync",{changes:[{create:true,data,source:{file:"Manager Web",sheet:"Quản lý báo cáo"}}]});const result=res.data?.results?.[0];if(!result?.success)throw new Error(result?.message||res.data?.message||"Không thể thêm báo cáo");return result;};\r\n' +
    'const downloadExcel=(data:BlobPart,filename:string)=>{const blob=new Blob([data],{type:"application/vnd.openxmlformats-officedocument.spreadsheetml.sheet"});const url=window.URL.createObjectURL(blob);const link=document.createElement("a");link.href=url;link.download=filename;document.body.appendChild(link);link.click();link.remove();window.URL.revokeObjectURL(url);};\r\n' +
    'export const exportProductionExcel=async(date:string)=>{const res=await api.get(`/reports/export-excel?date=${date}&type=pending`,{responseType:"blob"});downloadExcel(res.data,`BaoCaoChoDuyet_${date}.xlsx`);};\r\n' +
    'export const getApprovedDates=async()=>{const res=await api.get("/production/dates");return res.data.data||res.data||[];};\r\n' +
    'export const getApprovedReportsByDate=async(date:string):Promise<ProductionReport[]> =>(await getApprovedReports({dateFrom:date,dateTo:date})).data;\r\n' +
    'export const exportApprovedExcel=async(date:string)=>{const res=await api.get(`/reports/export-excel?date=${date}&type=approved`,{responseType:"blob"});downloadExcel(res.data,`BaoCaoDaDuyet_${date}.xlsx`);};\r\n' +
    'export type TempReviewTarget={id:number;expected_updated_at?:string|null};\r\n' +
    'const normalizeTempReviewTargets=(items:Array<number|TempReviewTarget>)=>items.map(item=>typeof item==="number"?{id:item}:{id:Number(item.id)});\r\n' +
    'export const approveSelectedTempReports=async(items:Array<number|TempReviewTarget>)=>{const targets=normalizeTempReviewTargets(items);const res=await api.post("/production-temp/approve-selected",{ids:targets.map(item=>item.id),targets});invalidateManagerReportCaches();return res.data;};\r\n' +
    'export const rejectSelectedTempReports=async(items:Array<number|TempReviewTarget>,reason:string)=>{const ids=items.map(item=>typeof item==="number"?item:Number(item.id));const res=await api.post("/production-temp/reject-selected",{ids,reason});invalidateManagerReportCaches();invalidatePendingReportCache();return res.data;};\r\n' +
    'export interface MachineProductionEventDefectInput{defect_type_id?:number;defect_code?:string;quantity:number;responsible_worker_id:number;}\r\n' +
    'export interface MachineProductionEvent{ id:number;process_id:number;machine_id:number;machine_code:string;product_code:string;work_date:string;shift:string;physical_ok_quantity:number;physical_ng_quantity?:number;physical_counted_output:number;physical_total_output?:number;credited_output?:number;machine_time_hours:number;maximum_output?:number;standard_output?:number;standard_source?:string|null;exclude_kqd_from_tt_snapsh'... 5249 more characters
  
      at TestContext.<anonymous> (F:\VSCode\worker-management-system\backend\tests\source-integrity.test.js:65:10)
      at Test.runInAsyncScope (node:async_hooks:227:14)
      at Test.run (node:internal/test_runner/test:1382:25)
      at Test.processPendingSubtests (node:internal/test_runner/test:960:18)
      at Test.postRun (node:internal/test_runner/test:1522:19)
      at Test.run (node:internal/test_runner/test:1447:12)
      at async Test.processPendingSubtests (node:internal/test_runner/test:960:7) {
    generatedMessage: true,
    code: 'ERR_ASSERTION',
    actual: 'import { getAccessToken } from "../utils/authStorage";\r\nimport api from "./api";\r\nimport { clearSessionCache, getSessionCached } from "./sessionCache";\r\nimport type { ProductionDeduction, ProductionDefect, ProductionReport } from "../types/production";\r\n\r\nexport interface CompanyNetworkAccess { allowed:boolean; restricted:boolean; enforced:boolean; configured:boolean; client_ip:string; message:string; }\r\nexport const getCompanyNetworkAccess=async(forceRefresh=false):Promise<CompanyNetworkAccess>=>{const loader=async()=>{const res=await api.get("/network/access");return res.data?.data||res.data;};if(forceRefresh)return loader();return getSessionCached("network-access",5*60*1000,loader);};\r\nexport const createTempReport=async(data:ProductionReport)=>{const res=await api.post("/production-temp",data,{timeout:30000});return res.data;};\r\nexport interface SimilarReportCheckResponse{success:boolean;duplicate:boolean;data:{id:number;status:string;work_date:string;shift:string;machine_no:string;product_name:string}|null;message:string;}\r\nexport const checkSimilarTempReport=async(data:Pick<ProductionReport,"process_id"|"work_date"|"shift"|"machine_no"|"product_name">):Promise<SimilarReportCheckResponse>=>{const res=await api.post("/production-temp/check-similar",data);return res.data;};\r\nexport const getTempDates=async()=>{const res=await api.get("/production-temp/dates");return res.data.data||res.data||[];};\r\nexport const getTempReportsByDate=async(date:string):Promise<ProductionReport[]>=>{const res=await api.get(`/production-temp/by-date?date=${date}`);return res.data.data||res.data||[];};\r\nexport const getTempReportById=async(id:number):Promise<ProductionReport>=>{const res=await api.get(`/production-temp/${id}`,{params:{_t:Date.now()},headers:{"Cache-Control":"no-cache"}});return res.data.data||res.data;};\r\nexport const getTempReportDetail=async(id:number):Promise<ProductionReport>=>getTempReportById(id);\r\nexport const getMyTempReports=async()=>{const res=await api.get("/production-temp/my",{params:{_t:Date.now()},headers:{"Cache-Control":"no-cache","Pragma":"no-cache"}});return res.data.data||res.data||[];};\r\nexport interface DailyWorkingHours{work_date:string;counted_hours:number;limit_hours:number;}\r\nexport const getMyDailyWorkingHours=async(date:string):Promise<DailyWorkingHours>=>{const res=await api.get("/production-temp/daily-hours",{params:{date}});return res.data?.data||res.data;};\r\nexport interface ManagerReportPagination{page:number;page_size:number;total:number;total_pages:number;}\r\nexport interface ManagerReportPage{data:ProductionReport[];pagination:ManagerReportPagination;processes?:string[];previous_count?:number;}\r\nexport interface PendingReportFilters{dateFrom?:string;dateTo?:string;shift?:string;processId?:number|string;processName?:string;search?:string;page?:number;pageSize?:number;}\r\nconst normalizeManagerReportPage=(payload:any):ManagerReportPage=>({data:Array.isArray(payload?.data)?payload.data:Array.isArray(payload)?payload:[],pagination:{page:Number(payload?.pagination?.page||1),page_size:Number(payload?.pagination?.page_size||20),total:Number(payload?.pagination?.total||(Array.isArray(payload?.data)?payload.data.length:0)),total_pages:Math.max(1,Number(payload?.pagination?.total_pages||1))},processes:Array.isArray(payload?.processes)?payload.processes:undefined,previous_count:Number(payload?.previous_count||0)});\r\nconst approvedTrainingPercentCache=new Map<number,number>();\r\nconst rememberApprovedTrainingPercents=(page:ManagerReportPage)=>{for(const item of page.data){const id=Number(item.id);const value=Number((item as any).training_percent);if(Number.isInteger(id)&&id>0&&Number.isFinite(value))approvedTrainingPercentCache.set(id,value);}return page;};\r\nexport const getPendingReports=async(filters:PendingReportFilters={}):Promise<ManagerReportPage>=>{const key=["manager-pending",filters.dateFrom||"",filters.dateTo||"",filters.shift||"",filters.processId||"",filters.processName||"",filters.search?.trim()||"",filters.page||1,filters.pageSize||20].join(":");const res=await api.get("/production-temp/pending",{params:{date_from:filters.dateFrom||undefined,date_to:filters.dateTo||undefined,shift:filters.shift,process_id:filters.processId||undefined,process_name:filters.processName,search:filters.search?.trim(),page:filters.page||1,page_size:filters.pageSize||20,include_meta:1}});return normalizeManagerReportPage(res.data);};\r\nexport interface ApprovedReportFilters extends PendingReportFilters{}\r\nexport const getApprovedReports=async(filters:ApprovedReportFilters={}):Promise<ManagerReportPage>=>{const key=["manager-approved-v3",filters.dateFrom||"",filters.dateTo||"",filters.shift||"",filters.processId||"",filters.processName||"",filters.search?.trim()||"",filters.page||1,filters.pageSize||20].join(":");return getSessionCached(key,15000,async()=>{const res=await api.get("/production/",{params:{date_from:filters.dateFrom||undefined,date_to:filters.dateTo||undefined,shift:filters.shift||undefined,process_id:filters.processId||undefined,process_name:filters.processName||undefined,search:filters.search?.trim()||undefined,page:filters.page||1,page_size:filters.pageSize||20}});return rememberApprovedTrainingPercents(normalizeManagerReportPage(res.data));});};\r\nexport const invalidatePendingReportCache=()=>clearSessionCache("manager-pending");\r\nexport const invalidateApprovedReportCache=()=>{approvedTrainingPercentCache.clear();clearSessionCache("manager-approved-v3");};\r\nexport const invalidateManagerReportCaches=()=>{approvedTrainingPercentCache.clear();clearSessionCache("manager-pending");clearSessionCache("manager-approved");clearSessionCache("manager-approved-v2");clearSessionCache("manager-approved-v3");};\r\nexport const getReports=async():Promise<ProductionReport[]> =>(await getApprovedReports()).data;\r\nexport const getReportById=async(id:number,source?:string|null)=>{const normalizedSource=String(source||"").toLowerCase();const url=normalizedSource==="pending"||normalizedSource==="temp"?`/production-temp/${id}`:`/production/${id}`;const res=await api.get(url,{params:{_t:Date.now()},headers:{"Cache-Control":"no-cache","Pragma":"no-cache"}});const data=res.data.data||res.data;if(normalizedSource!=="pending"&&normalizedSource!=="temp"){const remembered=approvedTrainingPercentCache.get(Number(id));if(Number.isFinite(remembered))return{...data,training_percent:remembered};}return data;};\r\nexport const updateReport=async(id:number,data:ProductionReport,source:"pending"|"approved"="approved",expectedUpdatedAt:string|null=null)=>{const endpoint=source==="pending"?`/production-temp/${id}`:`/production/${id}`;const payload=source==="approved"?{...data,expected_updated_at:expectedUpdatedAt||undefined}:data;const res=await api.put(endpoint,payload);return res.data;};\r\nexport const updateTempReport=async(id:number,data:ProductionReport)=>{const res=await api.put(`/production-temp/${id}`,{...data,expected_updated_at:data.updated_at||undefined});return res.data;};\r\nexport const deleteReport=async(id:number,reason:string)=>{const res=await api.delete(`/production/${id}`,{data:{reason:String(reason||"").trim()}});return res.data;};\r\nexport const createApprovedReportFromExcel=async(data:ProductionReport)=>{const res=await api.post("/production/excel-sync",{changes:[{create:true,data,source:{file:"Manager Web",sheet:"Quản lý báo cáo"}}]});const result=res.data?.results?.[0];if(!result?.success)throw new Error(result?.message||res.data?.message||"Không thể thêm báo cáo");return result;};\r\nconst downloadExcel=(data:BlobPart,filename:string)=>{const blob=new Blob([data],{type:"application/vnd.openxmlformats-officedocument.spreadsheetml.sheet"});const url=window.URL.createObjectURL(blob);const link=document.createElement("a");link.href=url;link.download=filename;document.body.appendChild(link);link.click();link.remove();window.URL.revokeObjectURL(url);};\r\nexport const exportProductionExcel=async(date:string)=>{const res=await api.get(`/reports/export-excel?date=${date}&type=pending`,{responseType:"blob"});downloadExcel(res.data,`BaoCaoChoDuyet_${date}.xlsx`);};\r\nexport const getApprovedDates=async()=>{const res=await api.get("/production/dates");return res.data.data||res.data||[];};\r\nexport const getApprovedReportsByDate=async(date:string):Promise<ProductionReport[]> =>(await getApprovedReports({dateFrom:date,dateTo:date})).data;\r\nexport const exportApprovedExcel=async(date:string)=>{const res=await api.get(`/reports/export-excel?date=${date}&type=approved`,{responseType:"blob"});downloadExcel(res.data,`BaoCaoDaDuyet_${date}.xlsx`);};\r\nexport type TempReviewTarget={id:number;expected_updated_at?:string|null};\r\nconst normalizeTempReviewTargets=(items:Array<number|TempReviewTarget>)=>items.map(item=>typeof item==="number"?{id:item}:{id:Number(item.id)});\r\nexport const approveSelectedTempReports=async(items:Array<number|TempReviewTarget>)=>{const targets=normalizeTempReviewTargets(items);const res=await api.post("/production-temp/approve-selected",{ids:targets.map(item=>item.id),targets});invalidateManagerReportCaches();return res.data;};\r\nexport const rejectSelectedTempReports=async(items:Array<number|TempReviewTarget>,reason:string)=>{const ids=items.map(item=>typeof item==="number"?item:Number(item.id));const res=await api.post("/production-temp/reject-selected",{ids,reason});invalidateManagerReportCaches();invalidatePendingReportCache();return res.data;};\r\nexport interface MachineProductionEventDefectInput{defect_type_id?:number;defect_code?:string;quantity:number;responsible_worker_id:number;}\r\nexport interface MachineProductionEvent{ id:number;process_id:number;machine_id:number;machine_code:string;product_code:string;work_date:string;shift:string;physical_ok_quantity:number;physical_ng_quantity?:number;physical_counted_output:number;physical_total_output?:number;credited_output?:number;machine_time_hours:number;maximum_output?:number;standard_output?:number;standard_source?:string|null;exclude_kqd_from_tt_snapsh'... 5249 more characters,
    expected: /if \(result\?\.skipped\)/,
    operator: 'match',
    diff: 'simple'
  }

test at backend\tests\source-integrity.test.js:68:1
✖ monthly workbook contains all nine production processes (1.5659ms)
  AssertionError [ERR_ASSERTION]: The input did not match the regular expression /PROCESS_CODES = \['CAN','EP','XLBV','GC','MAI','DO','K1','K2','SX3'\]/. Input:
  
  "const db = require('../config/db');\r\n" +
    "const { loadBulkCompanyReports, PROCESS_CODES } = require('../services/bulkCompanyExcelDataService');\r\n" +
    "const { getSettingsMap } = require('../services/formulaSettingsService');\r\n" +
    "const { assertProcessesScope, getActorProcessScope } = require('../services/processAuthorizationService');\r\n" +
    '\r\n' +
    'const inFlightByScope = new Map();\r\n' +
    'const cacheByScope = new Map();\r\n' +
    'const CACHE_TTL_MS = Math.max(0, Math.min(10_000, Number(process.env.COMPANY_DATA_CACHE_TTL_MS || 5_000)));\r\n' +
    'const MAX_CACHE_ENTRIES = 8;\r\n' +
    '\r\n' +
    'function normalizeRole(actor) {\r\n' +
    "  return String(actor?.role || '').trim().toLowerCase();\r\n" +
    '}\r\n' +
    '\r\n' +
    'async function getCompanyProcessIds() {\r\n' +
    "  const placeholders = PROCESS_CODES.map(() => '?').join(',');\r\n" +
    '  const [rows] = await db.promise().query(\r\n' +
    '    `SELECT id\r\n' +
    '       FROM processes\r\n' +
    '      WHERE UPPER(process_code) IN (${placeholders})\r\n' +
    '      ORDER BY id`,\r\n' +
    '    PROCESS_CODES\r\n' +
    '  );\r\n' +
    '  return rows.map((row) => Number(row.id)).filter((id) => Number.isInteger(id) && id > 0);\r\n' +
    '}\r\n' +
    '\r\n' +
    'async function assertCompanyDataScope(actor) {\r\n' +
    '  if (!actor) return true;\r\n' +
    '  const scope = await getActorProcessScope(actor);\r\n' +
    "  if (scope.type === 'ALL') return true;\r\n" +
    '  const companyProcessIds = await getCompanyProcessIds();\r\n' +
    '  await assertProcessesScope(actor, companyProcessIds, {\r\n' +
    "    action: 'COMPANY_DATA_READ'\r\n" +
    '  });\r\n' +
    '  return true;\r\n' +
    '}\r\n' +
    '\r\n' +
    'function scopeCacheKey(yearMonth, actor, scope) {\r\n' +
    "  if (!actor || scope.type === 'ALL') return `${yearMonth}:ALL`;\r\n" +
    "  const ids = [...scope.processIds].sort((a, b) => a - b).join(',');\r\n" +
    "  return `${yearMonth}:LIMITED:${Number(actor?.id) || 'unknown'}:${ids}`;\r\n" +
    '}\r\n' +
    '\r\n' +
    'async function attachSubmissionTimestamps(processData) {\r\n' +
    '  const sourceTempIds = [...new Set(\r\n' +
    '    PROCESS_CODES.flatMap((code) => (processData[code]?.reports || [])\r\n' +
    '      .map((report) => Number(report.source_temp_id))\r\n' +
    '      .filter((id) => Number.isInteger(id) && id > 0))\r\n' +
    '  )];\r\n' +
    '  if (!sourceTempIds.length) return;\r\n' +
    '\r\n' +
    "  const placeholders = sourceTempIds.map(() => '?').join(',');\r\n" +
    '  const [rows] = await db.promise().query(\r\n' +
    "    `SELECT id, DATE_FORMAT(created_at, '%Y-%m-%d %H:%i:%s') AS submitted_at\r\n" +
    '       FROM production_reports_temp\r\n' +
    '      WHERE id IN (${placeholders})`,\r\n' +
    '    sourceTempIds,\r\n' +
    '  );\r\n' +
    '  const byId = new Map((rows || []).map((row) => [Number(row.id), row.submitted_at]));\r\n' +
    '\r\n' +
    '  for (const code of PROCESS_CODES) {\r\n' +
    '    for (const report of processData[code]?.reports || []) {\r\n' +
    '      const sourceTempId = Number(report.source_temp_id);\r\n' +
    '      report.submitted_at = byId.has(sourceTempId) ? byId.get(sourceTempId) : null;\r\n' +
    '    }\r\n' +
    '  }\r\n' +
    '}\r\n' +
    '\r\n' +
    'async function buildCompanyData(yearMonth, actor) {\r\n' +
    '  await assertCompanyDataScope(actor);\r\n' +
    '  const { processData, processIds, scope } = await loadBulkCompanyReports(yearMonth, actor);\r\n' +
    '  await attachSubmissionTimestamps(processData);\r\n' +
    '\r\n' +
    '  const diagnostics = Object.fromEntries(PROCESS_CODES.map((code) => {\r\n' +
    '    const data = processData[code] || {};\r\n' +
    '    return [code, {\r\n' +
    '      reports: Array.isArray(data.reports) ? data.reports.length : 0,\r\n' +
    '      deductionTypes: Array.isArray(data.deductionTypes) ? data.deductionTypes.length : 0,\r\n' +
    '      defectTypes: Array.isArray(data.defectTypes) ? data.defectTypes.length : 0,\r\n' +
    '      physicalMachineEvents: Array.isArray(data.physicalMachineEvents) ? data.physicalMachineEvents.length : 0\r\n' +
    '    }];\r\n' +
    '  }));\r\n' +
    '\r\n' +
    '  const reportDates = [...new Set(\r\n' +
    '    PROCESS_CODES.flatMap((code) => (processData[code]?.reports || [])\r\n' +
    "      .map((report) => String(report.work_date || '').slice(0, 10))\r\n" +
    '      .filter((date) => /^\\d{4}-\\d{2}-\\d{2}$/.test(date)))\r\n' +
    '  )].sort();\r\n' +
    '\r\n' +
    '  const mapsByDate = new Map();\r\n' +
    '  // Load formula settings once per date. The bulk report query above is the\r\n' +
    '  // important subrequest reduction; sequential loading also prevents a burst\r\n' +
    '  // of duplicate cache misses inside one Cloudflare Worker invocation.\r\n' +
    '  for (const date of reportDates) {\r\n' +
    '    mapsByDate.set(date, await getSettingsMap(date));\r\n' +
    '  }\r\n' +
    '\r\n' +
    '  // Keep the formula settings in the response, but do NOT calculate a\r\n' +
    '  // production snapshot for every report inside the Cloudflare Worker.\r\n' +
    '  // Desktop export already owns the calculation step and can perform it\r\n' +
    '  // locally without consuming the Worker CPU budget.\r\n' +
    '  for (const code of PROCESS_CODES) {\r\n' +
    '    const data = processData[code];\r\n' +
    '    data.formulaSettingsByDate = Object.fromEntries(\r\n' +
    '      reportDates.map((date) => {\r\n' +
    '        const map = mapsByDate.get(date) || {};\r\n' +
    '        return [date, map[code] || map.GLOBAL || null];\r\n' +
    '      }).filter(([, settings]) => Boolean(settings))\r\n' +
    '    );\r\n' +
    '  }\r\n' +
    '\r\n' +
    '  const formulaSettings = await getSettingsMap(`${yearMonth}-01`);\r\n' +
    '\r\n' +
    "  if (process.env.KTC_DEBUG_EXPORTS === 'true') console.log('[KTC] Company Excel data loaded', {\r\n" +
    '    yearMonth,\r\n' +
    '    scope: scope.type,\r\n' +
    '    processIds,\r\n' +
    '    diagnostics,\r\n' +
    '    formulaSettingDates: reportDates.length\r\n' +
    '  });\r\n' +
    '\r\n' +
    '  return {\r\n' +
    '    yearMonth,\r\n' +
    "    mode: 'SPLIT_MONTHLY_WORKBOOKS',\r\n" +
    '    expectedFileCount: PROCESS_CODES.length + 1,\r\n' +
    '    calculationContractVersion: 2,\r\n' +
    "    dataSource: 'tidb.production_reports.approved',\r\n" +
    '    sourceTables: [\r\n' +
    "      'production_reports',\r\n" +
    "      'production_report_deductions',\r\n" +
    "      'production_report_defects',\r\n" +
    "      'production_report_machine_lines',\r\n" +
    "      'machine_production_events',\r\n" +
    "      'machine_production_event_defects'\r\n" +
    '    ],\r\n' +
    '    processes: processData,\r\n' +
    '    formulaSettings,\r\n' +
    '    diagnostics,\r\n' +
    '    exportScope: scope.type\r\n' +
    '  };\r\n' +
    '}\r\n' +
    '\r\n' +
    'async function getCompanyData(yearMonth, actor) {\r\n' +
    '  const scope = actor\r\n' +
    '    ? await getActorProcessScope(actor)\r\n' +
    "    : { type: 'ALL', processIds: null };\r\n" +
    '  await assertCompanyDataScope(actor);\r\n' +
    '  const key = scopeCacheKey(yearMonth, actor, scope);\r\n' +
    '\r\n' +
    '  const cached = cacheByScope.get(key);\r\n' +
    '  if (cached && Date.now() - cached.createdAt < CACHE_TTL_MS) return cached.data;\r\n' +
    '\r\n' +
    '  const running = inFlightByScope.get(key);\r\n' +
    '  if (running) return running;\r\n' +
    '\r\n' +
    '  const task = buildCompanyData(yearMonth, actor)\r\n' +
    '    .then((data) => {\r\n' +
    '      if (CACHE_TTL_MS > 0) {\r\n' +
    '        cacheByScope.set(key, { createdAt: Date.now(), data });\r\n' +
    '        while (cacheByScope.size > MAX_CACHE_ENTRIES) {\r\n' +
    '          const oldestKey = cacheByScope.keys().next().value;\r\n' +
    '          if (oldestKey === undefined) break;\r\n' +
    '          cacheByScope.delete(oldestKey);\r\n' +
    '        }\r\n' +
    '      }\r\n' +
    '      return data;\r\n' +
    '    })\r\n' +
    '    .finally(() => inFlightByScope.delete(key));\r\n' +
    '\r\n' +
    '  inFlightByScope.set(key, task);\r\n' +
    '  return task;\r\n' +
    '}\r\n' +
    '\r\n' +
    'exports.get = async (req, res) => {\r\n' +
    "  const selectedDate = String(req.query?.date || '').trim();\r\n" +
    '  if (!/^\\d{4}-\\d{2}-\\d{2}$/.test(selectedDate)) {\r\n' +
    "    return res.status(400).json({ success: false, message: 'Ngày xuất Excel không hợp lệ' });\r\n" +
    '  }\r\n' +
    '\r\n' +
    '  try {\r\n' +
    '    const data = await getCompanyData(selectedDate.slice(0, 7), req.user);\r\n' +
    '    return res.status(200).json({ success: true, data });\r\n' +
    '  } catch (error) {\r\n' +
    "    console.error('[KTC] COMPANY_DATA_FAILED', {\r\n" +
    '      requestId: req.requestId || req.id || null,\r\n' +
    '      selectedDate,\r\n' +
    '      role: normalizeRole(req.user),\r\n' +
    '      code: error.code || null,\r\n' +
    '      message: error.message,\r\n' +
    "      stack: process.env.NODE_ENV === 'production' ? undefined : error.stack\r\n" +
    '    });\r\n' +
    '    return res.status(error.statusCode || error.status || 500).json({\r\n' +
    '      success: false,\r\n' +
    "      code: error.code || 'COMPANY_DATA_FAILED',\r\n" +
    "      message: error.message || 'Không thể tải dữ liệu Excel tháng'\r\n" +
    '    });\r\n' +
    '  }\r\n' +
    '};\r\n' +
    '\r\n' +
    'exports._buildCompanyData = buildCompanyData;\r\n' +
    'exports._assertCompanyDataScope = assertCompanyDataScope;\r\n' +
    'exports._clearCompanyDataCache = () => {\r\n' +
    '  cacheByScope.clear();\r\n' +
    '  inFlightByScope.clear();\r\n' +
    '};\r\n'
  
      at TestContext.<anonymous> (F:\VSCode\worker-management-system\backend\tests\source-integrity.test.js:77:10)
      at Test.runInAsyncScope (node:async_hooks:227:14)
      at Test.run (node:internal/test_runner/test:1382:25)
      at Test.processPendingSubtests (node:internal/test_runner/test:960:18)
      at Test.postRun (node:internal/test_runner/test:1522:19)
      at Test.run (node:internal/test_runner/test:1447:12)
      at async Test.processPendingSubtests (node:internal/test_runner/test:960:7) {
    generatedMessage: true,
    code: 'ERR_ASSERTION',
    actual: "const db = require('../config/db');\r\nconst { loadBulkCompanyReports, PROCESS_CODES } = require('../services/bulkCompanyExcelDataService');\r\nconst { getSettingsMap } = require('../services/formulaSettingsService');\r\nconst { assertProcessesScope, getActorProcessScope } = require('../services/processAuthorizationService');\r\n\r\nconst inFlightByScope = new Map();\r\nconst cacheByScope = new Map();\r\nconst CACHE_TTL_MS = Math.max(0, Math.min(10_000, Number(process.env.COMPANY_DATA_CACHE_TTL_MS || 5_000)));\r\nconst MAX_CACHE_ENTRIES = 8;\r\n\r\nfunction normalizeRole(actor) {\r\n  return String(actor?.role || '').trim().toLowerCase();\r\n}\r\n\r\nasync function getCompanyProcessIds() {\r\n  const placeholders = PROCESS_CODES.map(() => '?').join(',');\r\n  const [rows] = await db.promise().query(\r\n    `SELECT id\r\n       FROM processes\r\n      WHERE UPPER(process_code) IN (${placeholders})\r\n      ORDER BY id`,\r\n    PROCESS_CODES\r\n  );\r\n  return rows.map((row) => Number(row.id)).filter((id) => Number.isInteger(id) && id > 0);\r\n}\r\n\r\nasync function assertCompanyDataScope(actor) {\r\n  if (!actor) return true;\r\n  const scope = await getActorProcessScope(actor);\r\n  if (scope.type === 'ALL') return true;\r\n  const companyProcessIds = await getCompanyProcessIds();\r\n  await assertProcessesScope(actor, companyProcessIds, {\r\n    action: 'COMPANY_DATA_READ'\r\n  });\r\n  return true;\r\n}\r\n\r\nfunction scopeCacheKey(yearMonth, actor, scope) {\r\n  if (!actor || scope.type === 'ALL') return `${yearMonth}:ALL`;\r\n  const ids = [...scope.processIds].sort((a, b) => a - b).join(',');\r\n  return `${yearMonth}:LIMITED:${Number(actor?.id) || 'unknown'}:${ids}`;\r\n}\r\n\r\nasync function attachSubmissionTimestamps(processData) {\r\n  const sourceTempIds = [...new Set(\r\n    PROCESS_CODES.flatMap((code) => (processData[code]?.reports || [])\r\n      .map((report) => Number(report.source_temp_id))\r\n      .filter((id) => Number.isInteger(id) && id > 0))\r\n  )];\r\n  if (!sourceTempIds.length) return;\r\n\r\n  const placeholders = sourceTempIds.map(() => '?').join(',');\r\n  const [rows] = await db.promise().query(\r\n    `SELECT id, DATE_FORMAT(created_at, '%Y-%m-%d %H:%i:%s') AS submitted_at\r\n       FROM production_reports_temp\r\n      WHERE id IN (${placeholders})`,\r\n    sourceTempIds,\r\n  );\r\n  const byId = new Map((rows || []).map((row) => [Number(row.id), row.submitted_at]));\r\n\r\n  for (const code of PROCESS_CODES) {\r\n    for (const report of processData[code]?.reports || []) {\r\n      const sourceTempId = Number(report.source_temp_id);\r\n      report.submitted_at = byId.has(sourceTempId) ? byId.get(sourceTempId) : null;\r\n    }\r\n  }\r\n}\r\n\r\nasync function buildCompanyData(yearMonth, actor) {\r\n  await assertCompanyDataScope(actor);\r\n  const { processData, processIds, scope } = await loadBulkCompanyReports(yearMonth, actor);\r\n  await attachSubmissionTimestamps(processData);\r\n\r\n  const diagnostics = Object.fromEntries(PROCESS_CODES.map((code) => {\r\n    const data = processData[code] || {};\r\n    return [code, {\r\n      reports: Array.isArray(data.reports) ? data.reports.length : 0,\r\n      deductionTypes: Array.isArray(data.deductionTypes) ? data.deductionTypes.length : 0,\r\n      defectTypes: Array.isArray(data.defectTypes) ? data.defectTypes.length : 0,\r\n      physicalMachineEvents: Array.isArray(data.physicalMachineEvents) ? data.physicalMachineEvents.length : 0\r\n    }];\r\n  }));\r\n\r\n  const reportDates = [...new Set(\r\n    PROCESS_CODES.flatMap((code) => (processData[code]?.reports || [])\r\n      .map((report) => String(report.work_date || '').slice(0, 10))\r\n      .filter((date) => /^\\d{4}-\\d{2}-\\d{2}$/.test(date)))\r\n  )].sort();\r\n\r\n  const mapsByDate = new Map();\r\n  // Load formula settings once per date. The bulk report query above is the\r\n  // important subrequest reduction; sequential loading also prevents a burst\r\n  // of duplicate cache misses inside one Cloudflare Worker invocation.\r\n  for (const date of reportDates) {\r\n    mapsByDate.set(date, await getSettingsMap(date));\r\n  }\r\n\r\n  // Keep the formula settings in the response, but do NOT calculate a\r\n  // production snapshot for every report inside the Cloudflare Worker.\r\n  // Desktop export already owns the calculation step and can perform it\r\n  // locally without consuming the Worker CPU budget.\r\n  for (const code of PROCESS_CODES) {\r\n    const data = processData[code];\r\n    data.formulaSettingsByDate = Object.fromEntries(\r\n      reportDates.map((date) => {\r\n        const map = mapsByDate.get(date) || {};\r\n        return [date, map[code] || map.GLOBAL || null];\r\n      }).filter(([, settings]) => Boolean(settings))\r\n    );\r\n  }\r\n\r\n  const formulaSettings = await getSettingsMap(`${yearMonth}-01`);\r\n\r\n  if (process.env.KTC_DEBUG_EXPORTS === 'true') console.log('[KTC] Company Excel data loaded', {\r\n    yearMonth,\r\n    scope: scope.type,\r\n    processIds,\r\n    diagnostics,\r\n    formulaSettingDates: reportDates.length\r\n  });\r\n\r\n  return {\r\n    yearMonth,\r\n    mode: 'SPLIT_MONTHLY_WORKBOOKS',\r\n    expectedFileCount: PROCESS_CODES.length + 1,\r\n    calculationContractVersion: 2,\r\n    dataSource: 'tidb.production_reports.approved',\r\n    sourceTables: [\r\n      'production_reports',\r\n      'production_report_deductions',\r\n      'production_report_defects',\r\n      'production_report_machine_lines',\r\n      'machine_production_events',\r\n      'machine_production_event_defects'\r\n    ],\r\n    processes: processData,\r\n    formulaSettings,\r\n    diagnostics,\r\n    exportScope: scope.type\r\n  };\r\n}\r\n\r\nasync function getCompanyData(yearMonth, actor) {\r\n  const scope = actor\r\n    ? await getActorProcessScope(actor)\r\n    : { type: 'ALL', processIds: null };\r\n  await assertCompanyDataScope(actor);\r\n  const key = scopeCacheKey(yearMonth, actor, scope);\r\n\r\n  const cached = cacheByScope.get(key);\r\n  if (cached && Date.now() - cached.createdAt < CACHE_TTL_MS) return cached.data;\r\n\r\n  const running = inFlightByScope.get(key);\r\n  if (running) return running;\r\n\r\n  const task = buildCompanyData(yearMonth, actor)\r\n    .then((data) => {\r\n      if (CACHE_TTL_MS > 0) {\r\n        cacheByScope.set(key, { createdAt: Date.now(), data });\r\n        while (cacheByScope.size > MAX_CACHE_ENTRIES) {\r\n          const oldestKey = cacheByScope.keys().next().value;\r\n          if (oldestKey === undefined) break;\r\n          cacheByScope.delete(oldestKey);\r\n        }\r\n      }\r\n      return data;\r\n    })\r\n    .finally(() => inFlightByScope.delete(key));\r\n\r\n  inFlightByScope.set(key, task);\r\n  return task;\r\n}\r\n\r\nexports.get = async (req, res) => {\r\n  const selectedDate = String(req.query?.date || '').trim();\r\n  if (!/^\\d{4}-\\d{2}-\\d{2}$/.test(selectedDate)) {\r\n    return res.status(400).json({ success: false, message: 'Ngày xuất Excel không hợp lệ' });\r\n  }\r\n\r\n  try {\r\n    const data = await getCompanyData(selectedDate.slice(0, 7), req.user);\r\n    return res.status(200).json({ success: true, data });\r\n  } catch (error) {\r\n    console.error('[KTC] COMPANY_DATA_FAILED', {\r\n      requestId: req.requestId || req.id || null,\r\n      selectedDate,\r\n      role: normalizeRole(req.user),\r\n      code: error.code || null,\r\n      message: error.message,\r\n      stack: process.env.NODE_ENV === 'production' ? undefined : error.stack\r\n    });\r\n    return res.status(error.statusCode || error.status || 500).json({\r\n      success: false,\r\n      code: error.code || 'COMPANY_DATA_FAILED',\r\n      message: error.message || 'Không thể tải dữ liệu Excel tháng'\r\n    });\r\n  }\r\n};\r\n\r\nexports._buildCompanyData = buildCompanyData;\r\nexports._assertCompanyDataScope = assertCompanyDataScope;\r\nexports._clearCompanyDataCache = () => {\r\n  cacheByScope.clear();\r\n  inFlightByScope.clear();\r\n};\r\n",
    expected: /PROCESS_CODES = \['CAN','EP','XLBV','GC','MAI','DO','K1','K2','SX3'\]/,
    operator: 'match',
    diff: 'simple'
  }

test at backend\tests\source-integrity.test.js:183:1
✖ company Excel calculation source includes KQD product policy and multi-machine performance (1.7512ms)
  AssertionError [ERR_ASSERTION]: The input did not match the regular expression /pr\.exclude_kqd_from_tt_snapshot AS exclude_kqd_from_tt/. Input:
  
  "const path = require('node:path');\r\n" +
    "const fs = require('node:fs/promises');\r\n" +
    "const db = require('../config/db');\r\n" +
    "const { getActorProcessScope, assertProcessScope, scopeSql } = require('./processAuthorizationService');\r\n" +
    "const { assertReportVolume, chunkArray } = require('./excelExportGuards');\r\n" +
    "const { hasColumn } = require('./schemaCompatibilityService');\r\n" +
    "const { calculateReportPerformance } = require('./machinePerformanceService');\r\n" +
    "const { assertTrainingSnapshotAvailable } = require('./trainingSnapshotService');\r\n" +
    "const { buildTemplateDrivenProcessWorkbook } = require('./templateDrivenProcessExcelExportService');\r\n" +
    '\r\n' +
    'const query = (sql, params = []) => new Promise((resolve, reject) => {\r\n' +
    '  db.query(sql, params, (error, rows) => error ? reject(error) : resolve(rows));\r\n' +
    '});\r\n' +
    '\r\n' +
    'const normalizeYearMonth = (value) => {\r\n' +
    "  const yearMonth = String(value || '').slice(0, 7);\r\n" +
    '  if (!/^\\d{4}-(0[1-9]|1[0-2])$/.test(yearMonth)) {\r\n' +
    "    throw new Error('Tháng xuất Excel không hợp lệ');\r\n" +
    '  }\r\n' +
    '  return yearMonth;\r\n' +
    '};\r\n' +
    '\r\n' +
    'const monthRange = (yearMonth) => {\r\n' +
    "  const [year, month] = yearMonth.split('-').map(Number);\r\n" +
    '  const start = `${yearMonth}-01`;\r\n' +
    '  const nextDate = new Date(year, month, 1);\r\n' +
    "  const next = `${nextDate.getFullYear()}-${String(nextDate.getMonth() + 1).padStart(2, '0')}-01`;\r\n" +
    '  return { start, next };\r\n' +
    '};\r\n' +
    '\r\n' +
    "const safeName = (value, fallback = 'Cong doan') => String(value || fallback)\r\n" +
    `  .replace(/[<>:"/\\\\|?*\\u0000-\\u001F]/g, '-')\r\n` +
    "  .replace(/\\s+/g, ' ')\r\n" +
    '  .trim() || fallback;\r\n' +
    '\r\n' +
    'const slugName = (value) => safeName(value)\r\n' +
    "  .normalize('NFD')\r\n" +
    "  .replace(/[\\u0300-\\u036f]/g, '')\r\n" +
    "  .replace(/đ/g, 'd')\r\n" +
    "  .replace(/Đ/g, 'D')\r\n" +
    "  .replace(/[^a-zA-Z0-9]+/g, '-')\r\n" +
    "  .replace(/^-+|-+$/g, '') || 'cong-doan';\r\n" +
    '\r\n' +
    'const mapDetails = (rows, reportIds, mapper) => {\r\n' +
    '  const result = new Map(reportIds.map((id) => [Number(id), []]));\r\n' +
    '  rows.forEach((row) => {\r\n' +
    '    const id = Number(row.report_id);\r\n' +
    '    if (!result.has(id)) result.set(id, []);\r\n' +
    '    result.get(id).push(mapper(row));\r\n' +
    '  });\r\n' +
    '  return result;\r\n' +
    '};\r\n' +
    '\r\n' +
    'async function listProcessesForMonth(value, options = {}) {\r\n' +
    '  const yearMonth = normalizeYearMonth(value);\r\n' +
    '  const { start, next } = monthRange(yearMonth);\r\n' +
    "  const scope = options.actor ? await getActorProcessScope(options.actor) : { type:'ALL', processIds:null };\r\n" +
    "  const scoped = scopeSql(scope, 'p.id', [start, next]);\r\n" +
    '  const rows = await query(\r\n' +
    '    `SELECT p.id, p.process_code, p.process_name, COUNT(pr.id) AS report_count\r\n' +
    '       FROM processes p\r\n' +
    '       LEFT JOIN production_reports pr\r\n' +
    '         ON pr.process_id = p.id\r\n' +
    "        AND LOWER(TRIM(COALESCE(pr.status, ''))) = 'approved'\r\n" +
    '        AND pr.work_date >= ?\r\n' +
    '        AND pr.work_date < ?\r\n' +
    "      WHERE LOWER(COALESCE(p.status, 'active')) IN ('active', 'enabled', '1') ${scoped.clause}\r\n" +
    '      GROUP BY p.id, p.process_code, p.process_name\r\n' +
    "      ORDER BY CASE WHEN UPPER(p.process_code) = 'GC' THEN 0 ELSE 1 END, p.id`,\r\n" +
    '    scoped.params\r\n' +
    '  );\r\n' +
    '\r\n' +
    '  return rows.map((row) => ({\r\n' +
    '    ...row,\r\n' +
    '    id: Number(row.id),\r\n' +
    '    report_count: Number(row.report_count || 0)\r\n' +
    '  }));\r\n' +
    '}\r\n' +
    '\r\n' +
    'async function loadProcessMonthReports(value, processId, options = {}) {\r\n' +
    "  if (options.actor) await assertProcessScope(options.actor, processId, { action:'PROCESS_EXPORT' });\r\n" +
    '  const yearMonth = normalizeYearMonth(value);\r\n' +
    '  const { start, next } = monthRange(yearMonth);\r\n' +
    '  const [supportsEntryDate, supportsExtraData] = await Promise.all([\r\n' +
    "    hasColumn('production_reports', 'entry_date'),\r\n" +
    "    hasColumn('production_reports', 'extra_data')\r\n" +
    '  ]);\r\n' +
    '  const entryDateSelect = supportsEntryDate\r\n' +
    "    ? 'COALESCE(pr.entry_date, DATE(pr.created_at), pr.work_date) AS entry_date'\r\n" +
    "    : 'COALESCE(DATE(pr.created_at), pr.work_date) AS entry_date';\r\n" +
    '  const extraDataSelect = supportsExtraData\r\n' +
    "    ? 'pr.extra_data AS extra_data'\r\n" +
    "    : 'NULL AS extra_data';\r\n" +
    '\r\n' +
    '  const reports = await query(\r\n' +
    '    `SELECT\r\n' +
    '        pr.id, pr.source_temp_id, pr.worker_id, pr.process_id,\r\n' +
    '        pr.work_date, ${entryDateSelect}, pr.shift, pr.operation_type,\r\n' +
    '        pr.operation_mode, pr.machine_no, pr.product_name,\r\n' +
    '        pr.total_time, pr.actual_time, pr.deduction_time,\r\n' +
    '        pr.standard_output, pr.actual_output, pr.tt_ok, pr.tt_ng,\r\n' +
    '        pr.note, ${extraDataSelect}, pr.status, pr.review_note,\r\n' +
    '        pr.reviewed_by, pr.approved_at, pr.created_at, pr.updated_at,\r\n' +
    '        w.worker_code, w.training_percent AS worker_training_percent,\r\n' +
    '        pr.training_percent_snapshot,\r\n' +
    '        COALESCE(pr.training_percent_snapshot, w.training_percent, 100) AS training_percent,\r\n' +
    '        w.position, w.department,\r\n' +
    '        u.full_name, p.process_name, p.process_code,\r\n' +
    '        pr.exclude_kqd_from_tt_snapshot,\r\n' +
    '        COALESCE(pr.exclude_kqd_from_tt_snapshot, 0) AS exclude_kqd_from_tt\r\n' +
    '       FROM production_reports AS pr\r\n' +
    '       INNER JOIN workers AS w ON w.id = pr.worker_id\r\n' +
    '       INNER JOIN users AS u ON u.id = w.user_id\r\n' +
    '       INNER JOIN processes AS p ON p.id = pr.process_id\r\n' +
    "      WHERE LOWER(TRIM(COALESCE(pr.status, ''))) = 'approved'\r\n" +
    '        AND pr.work_date >= ?\r\n' +
    '        AND pr.work_date < ?\r\n' +
    '        AND pr.process_id = ?\r\n' +
    '      ORDER BY pr.work_date, w.worker_code, pr.machine_no, pr.created_at, pr.id`,\r\n' +
    '    [start, next, Number(processId)]\r\n' +
    '  );\r\n' +
    '\r\n' +
    '  reports.physicalMachineEvents = await query(\r\n' +
    '    `SELECT e.id,e.process_id,e.machine_id,e.machine_code,e.product_code,e.work_date,e.shift,\r\n' +
    '            e.physical_ok_quantity,e.physical_ng_quantity,e.physical_counted_output,e.physical_total_output,\r\n' +
    '            e.machine_time_hours,e.maximum_output,e.standard_output,e.standard_version_id,e.machine_standard_id,\r\n' +
    '            e.exclude_kqd_from_tt_snapshot,e.status\r\n' +
    '       FROM machine_production_events e\r\n' +
    "      WHERE e.status='approved' AND e.process_id=? AND e.work_date>=? AND e.work_date<?\r\n" +
    '      ORDER BY e.work_date,e.shift,e.machine_code,e.id`,\r\n' +
    '    [Number(processId), start, next]\r\n' +
    '  );\r\n' +
    '\r\n' +
    '  for (const report of reports) {\r\n' +
    '    const hasTrainingSnapshot = report.training_percent_snapshot !== null\r\n' +
    '      && report.training_percent_snapshot !== undefined\r\n' +
    "      && String(report.training_percent_snapshot).trim() !== '';\r\n" +
    '    if (!hasTrainingSnapshot) {\r\n' +
    '      // Legacy approved reports did not persist the immutable snapshot. Keep\r\n' +
    '      // them exportable, but prefer the worker master % currently shown in the\r\n' +
    '      // worker list instead of silently replacing it with 100%.\r\n' +
    '      report.training_percent = Number.isFinite(Number(report.worker_training_percent))\r\n' +
    '        ? Number(report.worker_training_percent)\r\n' +
    '        : 100;\r\n' +
    '      report.trainingSnapshotSource = report.worker_training_percent !== null\r\n' +
    '        && report.worker_training_percent !== undefined\r\n' +
    "        ? 'LEGACY_WORKER_MASTER'\r\n" +
    "        : 'LEGACY_DEFAULT_100';\r\n" +
    '      delete report.training_percent_snapshot;\r\n' +
    '    } else {\r\n' +
    '      assertTrainingSnapshotAvailable(report);\r\n' +
    "      report.trainingSnapshotSource = 'IMMUTABLE_SNAPSHOT';\r\n" +
    '    }\r\n' +
    '\r\n' +
    "    const isMachineReport = String(report.operation_mode || '').toUpperCase() === 'MACHINE';\r\n" +
    '    if (!isMachineReport && (report.exclude_kqd_from_tt === null || report.exclude_kqd_from_tt === undefined)) {\r\n' +
    '      report.exclude_kqd_from_tt = 0;\r\n' +
    "      report.excludeKqdSnapshotSource = 'LEGACY_DEFAULT_0';\r\n" +
    '    }\r\n' +
    '  }\r\n' +
    '\r\n' +
    '  const reportIds = reports.map((report) => Number(report.id));\r\n' +
    '  const [deductionTypes, defectTypes] = await Promise.all([\r\n' +
    "    query(`SELECT id, process_id, deduction_code AS code, deduction_name AS name, deduction_code, deduction_name, sort_order FROM deduction_types WHERE process_id=? AND status='active' ORDER BY sort_order,id`, [Number(processId)]),\r\n" +
    "    query(`SELECT id, process_id, defect_code AS code, defect_name AS name, defect_code, defect_name, sort_order FROM defect_types WHERE process_id=? AND status='active' ORDER BY sort_order,id`, [Number(processId)]),\r\n" +
    '  ]);\r\n' +
    '\r\n' +
    '  reports.deductionTypes = deductionTypes;\r\n' +
    '  reports.defectTypes = defectTypes;\r\n' +
    '  if (!reportIds.length) return reports;\r\n' +
    '\r\n' +
    '  const deductionRows = [];\r\n' +
    '  const defectRows = [];\r\n' +
    '  const machineLineRows = [];\r\n' +
    '  for (const ids of chunkArray(reportIds, Number(process.env.EXCEL_DETAIL_BATCH_SIZE || 400))) {\r\n' +
    "    const placeholders = ids.map(() => '?').join(',');\r\n" +
    '    const [deductionsBatch, defectsBatch, machineBatch] = await Promise.all([\r\n' +
    '      query(`SELECT prd.report_id, prd.deduction_type_id, dt.deduction_code, dt.deduction_name, prd.hours FROM production_report_deductions prd LEFT JOIN deduction_types dt ON dt.id=prd.deduction_type_id WHERE prd.report_id IN (${placeholders}) ORDER BY prd.report_id,COALESCE(dt.sort_order,999999),prd.deduction_type_id`, ids),\r\n' +
    '      query(`SELECT prd.report_id, prd.defect_type_id, dt.defect_code, dt.defect_name, prd.quantity FROM production_report_defects prd LEFT JOIN defect_types dt ON dt.id=prd.defect_type_id WHERE prd.report_id IN (${placeholders}) ORDER BY prd.report_id,COALESCE(dt.sort_order,999999),prd.defect_type_id`, ids),\r\n' +
    '      query(`SELECT * FROM production_report_machine_lines WHERE report_id IN (${placeholders}) ORDER BY report_id,sort_order,id`, ids)\r\n' +
    '    ]);\r\n' +
    '    deductionRows.push(...deductionsBatch); defectRows.push(...defectsBatch); machineLineRows.push(...machineBatch);\r\n' +
    '  }\r\n' +
    '  const deductions = mapDetails(deductionRows, reportIds, (row) => ({\r\n' +
    '    id: Number(row.id ?? row.deduction_type_id),\r\n' +
    '    deduction_type_id: Number(row.deduction_type_id),\r\n' +
    "    code: row.code || row.deduction_code || '',\r\n" +
    "    name: row.name || row.deduction_name || '',\r\n" +
    "    deduction_code: row.code || row.deduction_code || '',\r\n" +
    "    deduction_name: row.name || row.deduction_name || '',\r\n" +
    '    hours: Number(row.hours) || 0\r\n' +
    '  }));\r\n' +
    '  const defects = mapDetails(defectRows, reportIds, (row) => ({\r\n' +
    '    defect_type_id: Number(row.defect_type_id),\r\n' +
    "    defect_code: row.defect_code || '',\r\n" +
    "    defect_name: row.defect_name || '',\r\n" +
    '    quantity: Number(row.quantity) || 0\r\n' +
    '  }));\r\n' +
    '\r\n' +
    '  const machineLines = mapDetails(machineLineRows, reportIds, (row) => ({ ...row }));\r\n' +
    '  reports.forEach((report) => {\r'... 2386 more characters
  
      at TestContext.<anonymous> (F:\VSCode\worker-management-system\backend\tests\source-integrity.test.js:186:10)
      at Test.runInAsyncScope (node:async_hooks:227:14)
      at Test.run (node:internal/test_runner/test:1382:25)
      at Test.processPendingSubtests (node:internal/test_runner/test:960:18)
      at Test.postRun (node:internal/test_runner/test:1522:19)
      at Test.run (node:internal/test_runner/test:1447:12)
      at async Test.processPendingSubtests (node:internal/test_runner/test:960:7) {
    generatedMessage: true,
    code: 'ERR_ASSERTION',
    actual: 'const path = require(\'node:path\');\r\nconst fs = require(\'node:fs/promises\');\r\nconst db = require(\'../config/db\');\r\nconst { getActorProcessScope, assertProcessScope, scopeSql } = require(\'./processAuthorizationService\');\r\nconst { assertReportVolume, chunkArray } = require(\'./excelExportGuards\');\r\nconst { hasColumn } = require(\'./schemaCompatibilityService\');\r\nconst { calculateReportPerformance } = require(\'./machinePerformanceService\');\r\nconst { assertTrainingSnapshotAvailable } = require(\'./trainingSnapshotService\');\r\nconst { buildTemplateDrivenProcessWorkbook } = require(\'./templateDrivenProcessExcelExportService\');\r\n\r\nconst query = (sql, params = []) => new Promise((resolve, reject) => {\r\n  db.query(sql, params, (error, rows) => error ? reject(error) : resolve(rows));\r\n});\r\n\r\nconst normalizeYearMonth = (value) => {\r\n  const yearMonth = String(value || \'\').slice(0, 7);\r\n  if (!/^\\d{4}-(0[1-9]|1[0-2])$/.test(yearMonth)) {\r\n    throw new Error(\'Tháng xuất Excel không hợp lệ\');\r\n  }\r\n  return yearMonth;\r\n};\r\n\r\nconst monthRange = (yearMonth) => {\r\n  const [year, month] = yearMonth.split(\'-\').map(Number);\r\n  const start = `${yearMonth}-01`;\r\n  const nextDate = new Date(year, month, 1);\r\n  const next = `${nextDate.getFullYear()}-${String(nextDate.getMonth() + 1).padStart(2, \'0\')}-01`;\r\n  return { start, next };\r\n};\r\n\r\nconst safeName = (value, fallback = \'Cong doan\') => String(value || fallback)\r\n  .replace(/[<>:"/\\\\|?*\\u0000-\\u001F]/g, \'-\')\r\n  .replace(/\\s+/g, \' \')\r\n  .trim() || fallback;\r\n\r\nconst slugName = (value) => safeName(value)\r\n  .normalize(\'NFD\')\r\n  .replace(/[\\u0300-\\u036f]/g, \'\')\r\n  .replace(/đ/g, \'d\')\r\n  .replace(/Đ/g, \'D\')\r\n  .replace(/[^a-zA-Z0-9]+/g, \'-\')\r\n  .replace(/^-+|-+$/g, \'\') || \'cong-doan\';\r\n\r\nconst mapDetails = (rows, reportIds, mapper) => {\r\n  const result = new Map(reportIds.map((id) => [Number(id), []]));\r\n  rows.forEach((row) => {\r\n    const id = Number(row.report_id);\r\n    if (!result.has(id)) result.set(id, []);\r\n    result.get(id).push(mapper(row));\r\n  });\r\n  return result;\r\n};\r\n\r\nasync function listProcessesForMonth(value, options = {}) {\r\n  const yearMonth = normalizeYearMonth(value);\r\n  const { start, next } = monthRange(yearMonth);\r\n  const scope = options.actor ? await getActorProcessScope(options.actor) : { type:\'ALL\', processIds:null };\r\n  const scoped = scopeSql(scope, \'p.id\', [start, next]);\r\n  const rows = await query(\r\n    `SELECT p.id, p.process_code, p.process_name, COUNT(pr.id) AS report_count\r\n       FROM processes p\r\n       LEFT JOIN production_reports pr\r\n         ON pr.process_id = p.id\r\n        AND LOWER(TRIM(COALESCE(pr.status, \'\'))) = \'approved\'\r\n        AND pr.work_date >= ?\r\n        AND pr.work_date < ?\r\n      WHERE LOWER(COALESCE(p.status, \'active\')) IN (\'active\', \'enabled\', \'1\') ${scoped.clause}\r\n      GROUP BY p.id, p.process_code, p.process_name\r\n      ORDER BY CASE WHEN UPPER(p.process_code) = \'GC\' THEN 0 ELSE 1 END, p.id`,\r\n    scoped.params\r\n  );\r\n\r\n  return rows.map((row) => ({\r\n    ...row,\r\n    id: Number(row.id),\r\n    report_count: Number(row.report_count || 0)\r\n  }));\r\n}\r\n\r\nasync function loadProcessMonthReports(value, processId, options = {}) {\r\n  if (options.actor) await assertProcessScope(options.actor, processId, { action:\'PROCESS_EXPORT\' });\r\n  const yearMonth = normalizeYearMonth(value);\r\n  const { start, next } = monthRange(yearMonth);\r\n  const [supportsEntryDate, supportsExtraData] = await Promise.all([\r\n    hasColumn(\'production_reports\', \'entry_date\'),\r\n    hasColumn(\'production_reports\', \'extra_data\')\r\n  ]);\r\n  const entryDateSelect = supportsEntryDate\r\n    ? \'COALESCE(pr.entry_date, DATE(pr.created_at), pr.work_date) AS entry_date\'\r\n    : \'COALESCE(DATE(pr.created_at), pr.work_date) AS entry_date\';\r\n  const extraDataSelect = supportsExtraData\r\n    ? \'pr.extra_data AS extra_data\'\r\n    : \'NULL AS extra_data\';\r\n\r\n  const reports = await query(\r\n    `SELECT\r\n        pr.id, pr.source_temp_id, pr.worker_id, pr.process_id,\r\n        pr.work_date, ${entryDateSelect}, pr.shift, pr.operation_type,\r\n        pr.operation_mode, pr.machine_no, pr.product_name,\r\n        pr.total_time, pr.actual_time, pr.deduction_time,\r\n        pr.standard_output, pr.actual_output, pr.tt_ok, pr.tt_ng,\r\n        pr.note, ${extraDataSelect}, pr.status, pr.review_note,\r\n        pr.reviewed_by, pr.approved_at, pr.created_at, pr.updated_at,\r\n        w.worker_code, w.training_percent AS worker_training_percent,\r\n        pr.training_percent_snapshot,\r\n        COALESCE(pr.training_percent_snapshot, w.training_percent, 100) AS training_percent,\r\n        w.position, w.department,\r\n        u.full_name, p.process_name, p.process_code,\r\n        pr.exclude_kqd_from_tt_snapshot,\r\n        COALESCE(pr.exclude_kqd_from_tt_snapshot, 0) AS exclude_kqd_from_tt\r\n       FROM production_reports AS pr\r\n       INNER JOIN workers AS w ON w.id = pr.worker_id\r\n       INNER JOIN users AS u ON u.id = w.user_id\r\n       INNER JOIN processes AS p ON p.id = pr.process_id\r\n      WHERE LOWER(TRIM(COALESCE(pr.status, \'\'))) = \'approved\'\r\n        AND pr.work_date >= ?\r\n        AND pr.work_date < ?\r\n        AND pr.process_id = ?\r\n      ORDER BY pr.work_date, w.worker_code, pr.machine_no, pr.created_at, pr.id`,\r\n    [start, next, Number(processId)]\r\n  );\r\n\r\n  reports.physicalMachineEvents = await query(\r\n    `SELECT e.id,e.process_id,e.machine_id,e.machine_code,e.product_code,e.work_date,e.shift,\r\n            e.physical_ok_quantity,e.physical_ng_quantity,e.physical_counted_output,e.physical_total_output,\r\n            e.machine_time_hours,e.maximum_output,e.standard_output,e.standard_version_id,e.machine_standard_id,\r\n            e.exclude_kqd_from_tt_snapshot,e.status\r\n       FROM machine_production_events e\r\n      WHERE e.status=\'approved\' AND e.process_id=? AND e.work_date>=? AND e.work_date<?\r\n      ORDER BY e.work_date,e.shift,e.machine_code,e.id`,\r\n    [Number(processId), start, next]\r\n  );\r\n\r\n  for (const report of reports) {\r\n    const hasTrainingSnapshot = report.training_percent_snapshot !== null\r\n      && report.training_percent_snapshot !== undefined\r\n      && String(report.training_percent_snapshot).trim() !== \'\';\r\n    if (!hasTrainingSnapshot) {\r\n      // Legacy approved reports did not persist the immutable snapshot. Keep\r\n      // them exportable, but prefer the worker master % currently shown in the\r\n      // worker list instead of silently replacing it with 100%.\r\n      report.training_percent = Number.isFinite(Number(report.worker_training_percent))\r\n        ? Number(report.worker_training_percent)\r\n        : 100;\r\n      report.trainingSnapshotSource = report.worker_training_percent !== null\r\n        && report.worker_training_percent !== undefined\r\n        ? \'LEGACY_WORKER_MASTER\'\r\n        : \'LEGACY_DEFAULT_100\';\r\n      delete report.training_percent_snapshot;\r\n    } else {\r\n      assertTrainingSnapshotAvailable(report);\r\n      report.trainingSnapshotSource = \'IMMUTABLE_SNAPSHOT\';\r\n    }\r\n\r\n    const isMachineReport = String(report.operation_mode || \'\').toUpperCase() === \'MACHINE\';\r\n    if (!isMachineReport && (report.exclude_kqd_from_tt === null || report.exclude_kqd_from_tt === undefined)) {\r\n      report.exclude_kqd_from_tt = 0;\r\n      report.excludeKqdSnapshotSource = \'LEGACY_DEFAULT_0\';\r\n    }\r\n  }\r\n\r\n  const reportIds = reports.map((report) => Number(report.id));\r\n  const [deductionTypes, defectTypes] = await Promise.all([\r\n    query(`SELECT id, process_id, deduction_code AS code, deduction_name AS name, deduction_code, deduction_name, sort_order FROM deduction_types WHERE process_id=? AND status=\'active\' ORDER BY sort_order,id`, [Number(processId)]),\r\n    query(`SELECT id, process_id, defect_code AS code, defect_name AS name, defect_code, defect_name, sort_order FROM defect_types WHERE process_id=? AND status=\'active\' ORDER BY sort_order,id`, [Number(processId)]),\r\n  ]);\r\n\r\n  reports.deductionTypes = deductionTypes;\r\n  reports.defectTypes = defectTypes;\r\n  if (!reportIds.length) return reports;\r\n\r\n  const deductionRows = [];\r\n  const defectRows = [];\r\n  const machineLineRows = [];\r\n  for (const ids of chunkArray(reportIds, Number(process.env.EXCEL_DETAIL_BATCH_SIZE || 400))) {\r\n    const placeholders = ids.map(() => \'?\').join(\',\');\r\n    const [deductionsBatch, defectsBatch, machineBatch] = await Promise.all([\r\n      query(`SELECT prd.report_id, prd.deduction_type_id, dt.deduction_code, dt.deduction_name, prd.hours FROM production_report_deductions prd LEFT JOIN deduction_types dt ON dt.id=prd.deduction_type_id WHERE prd.report_id IN (${placeholders}) ORDER BY prd.report_id,COALESCE(dt.sort_order,999999),prd.deduction_type_id`, ids),\r\n      query(`SELECT prd.report_id, prd.defect_type_id, dt.defect_code, dt.defect_name, prd.quantity FROM production_report_defects prd LEFT JOIN defect_types dt ON dt.id=prd.defect_type_id WHERE prd.report_id IN (${placeholders}) ORDER BY prd.report_id,COALESCE(dt.sort_order,999999),prd.defect_type_id`, ids),\r\n      query(`SELECT * FROM production_report_machine_lines WHERE report_id IN (${placeholders}) ORDER BY report_id,sort_order,id`, ids)\r\n    ]);\r\n    deductionRows.push(...deductionsBatch); defectRows.push(...defectsBatch); machineLineRows.push(...machineBatch);\r\n  }\r\n  const deductions = mapDetails(deductionRows, reportIds, (row) => ({\r\n    id: Number(row.id ?? row.deduction_type_id),\r\n    deduction_type_id: Number(row.deduction_type_id),\r\n    code: row.code || row.deduction_code || \'\',\r\n    name: row.name || row.deduction_name || \'\',\r\n    deduction_code: row.code || row.deduction_code || \'\',\r\n    deduction_name: row.name || row.deduction_name || \'\',\r\n    hours: Number(row.hours) || 0\r\n  }));\r\n  const defects = mapDetails(defectRows, reportIds, (row) => ({\r\n    defect_type_id: Number(row.defect_type_id),\r\n    defect_code: row.defect_code || \'\',\r\n    defect_name: row.defect_name || \'\',\r\n    quantity: Number(row.quantity) || 0\r\n  }));\r\n\r\n  const machineLines = mapDetails(machineLineRows, reportIds, (row) => ({ ...row }));\r\n  reports.forEach((report) => {\r'... 2386 more characters,
    expected: /pr\.exclude_kqd_from_tt_snapshot AS exclude_kqd_from_tt/,
    operator: 'match',
    diff: 'simple'
  }

test at backend\tests\standard-resolution-request-cache.test.js:5:1
✖ standard resolver caches exact historical/master lookups within one request scope (4.0626ms)
  AssertionError [ERR_ASSERTION]: identical lookup should not issue new DB queries within resolver scope
  
  3 !== 2
  
      at TestContext.<anonymous> (F:\VSCode\worker-management-system\backend\tests\standard-resolution-request-cache.test.js:21:10)
      at async Test.run (node:internal/test_runner/test:1389:7)
      at async startSubtestAfterBootstrap (node:internal/test_runner/harness:387:3) {
    generatedMessage: false,
    code: 'ERR_ASSERTION',
    actual: 3,
    expected: 2,
    operator: 'strictEqual',
    diff: 'simple'
  }

test at backend\tests\temp-report-version-lifecycle.test.js:30:1
✖ temp edit audit uses current report_edit_logs JSON schema, not removed legacy columns (14.1635ms)
  AssertionError [ERR_ASSERTION]: The input did not match the regular expression /\(report_type, report_id, user_id, old_data, new_data, changed_fields, note\)/. Input:
  
  'const AuditService = require("../services/auditService");\r\n' +
    'const createModel = require("./productionTempCreateModel");\r\n' +
    'const { recalculateReportOutput } = require("../services/kqdReportCalculationService");\r\n' +
    'const { validateMachineLines } = require("../services/machineLineValidationService");\r\n' +
    'const { query, getConnection, beginTransaction, commit, rollback, editableFields } = require("./productionTempModelShared");\r\n' +
    'const { validateMachineWorkerCapacityLocked } = require("../services/factoryMachineRuleService");\r\n' +
    '\r\n' +
    'const DAILY_HOURS_LIMIT = 12;\r\n' +
    'const WORKER_EDIT_WINDOW_MS = 10 * 60 * 1000;\r\n' +
    '\r\n' +
    'const checkDailyHours = async (connection, { workerId, workDate, incomingActualHours, excludeTempReportId = null }) => {\r\n' +
    '    const worker = Number(workerId), date = String(workDate || "").slice(0, 10), incoming = Number(incomingActualHours) || 0;\r\n' +
    '    if (!Number.isInteger(worker) || worker <= 0 || !/^\\d{4}-\\d{2}-\\d{2}$/.test(date)) return null;\r\n' +
    '    const tempExcludeSql = excludeTempReportId ? "AND id <> ?" : "";\r\n' +
    '    const tempParams = excludeTempReportId ? [worker, date, excludeTempReportId] : [worker, date];\r\n' +
    "    const approvedRows = await query(connection, `SELECT COALESCE(SUM(COALESCE(actual_time,0)),0) AS counted_hours FROM production_reports WHERE worker_id=? AND work_date=? AND status <> 'deleted'`, [worker, date]);\r\n" +
    "    const tempRows = await query(connection, `SELECT COALESCE(SUM(COALESCE(actual_time,0)),0) AS counted_hours FROM production_reports_temp WHERE worker_id=? AND work_date=? ${tempExcludeSql} AND status IN ('pending','need_fix')`, tempParams);\r\n" +
    '    const existingHours = Number(approvedRows?.[0]?.counted_hours || 0) + Number(tempRows?.[0]?.counted_hours || 0);\r\n' +
    '    const projectedHours = existingHours + incoming;\r\n' +
    '    if (projectedHours > DAILY_HOURS_LIMIT + 0.000001) {\r\n' +
    '        const remainingHours = Math.max(0, DAILY_HOURS_LIMIT - existingHours);\r\n' +
    '        const error = new Error(`Tổng giờ làm được tính trong ngày không được vượt quá 12 giờ. Hiện đã có ${existingHours.toFixed(2)} giờ, báo cáo này thêm ${incoming.toFixed(2)} giờ, chỉ còn ${remainingHours.toFixed(2)} giờ.`);\r\n' +
    '        error.status = 422; error.code = "DAILY_WORKING_HOURS_LIMIT_EXCEEDED"; error.isPublic = true;\r\n' +
    '        error.details = { worker_id: worker, work_date: date, existing_hours: Number(existingHours.toFixed(4)), incoming_hours: Number(incoming.toFixed(4)), projected_hours: Number(projectedHours.toFixed(4)), limit_hours: DAILY_HOURS_LIMIT, remaining_hours: Number(remainingHours.toFixed(4)), counted_field: "actual_time", excluded_from_daily_limit: "deduction_time / support hours" };\r\n' +
    '        throw error;\r\n' +
    '    }\r\n' +
    '    return { existingHours, incomingActualHours: incoming, projectedHours, limitHours: DAILY_HOURS_LIMIT };\r\n' +
    '};\r\n' +
    '\r\n' +
    'const parseDbTimestampMs = (value) => {\r\n' +
    '    if (!value) return NaN;\r\n' +
    '    const text = String(value).trim();\r\n' +
    '    if (!text) return NaN;\r\n' +
    '    const normalized = /^\\d{4}-\\d{2}-\\d{2}[ T]\\d{2}:\\d{2}:\\d{2}(?:\\.\\d+)?$/.test(text)\r\n' +
    '        ? text.replace(" ", "T") + "Z"\r\n' +
    '        : text;\r\n' +
    '    const parsed = new Date(normalized).getTime();\r\n' +
    '    return Number.isFinite(parsed) ? parsed : NaN;\r\n' +
    '};\r\n' +
    '\r\n' +
    'module.exports = {\r\n' +
    '    async updateReport(id, data, changedBy, reason = null, options = {}) {\r\n' +
    '        const connection = await getConnection();\r\n' +
    '        try {\r\n' +
    '            await beginTransaction(connection);\r\n' +
    '            const { isAdmin = false, workerId = null } = options;\r\n' +
    '            const isWorkerEdit = Number(workerId) > 0;\r\n' +
    '            const scopeJoin = isAdmin || isWorkerEdit ? "" : "JOIN manager_processes mp ON mp.process_id = pr.process_id";\r\n' +
    '            const scopeWhere = isAdmin ? "" : isWorkerEdit ? "AND pr.worker_id = ?" : "AND mp.manager_id = ?";\r\n' +
    '            const rows = await query(connection, `SELECT pr.* FROM production_reports_temp pr ${scopeJoin} WHERE pr.id = ? ${scopeWhere} FOR UPDATE`, isAdmin ? [id] : isWorkerEdit ? [id, workerId] : [id, changedBy]);\r\n' +
    '            const current = rows[0];\r\n' +
    '            if (!current) throw new Error("Không tìm thấy báo cáo hoặc ngoài phạm vi phụ trách");\r\n' +
    '            if (current.status === "approved") throw new Error("Báo cáo đã duyệt không thể sửa ở bảng tạm");\r\n' +
    '\r\n' +
    '            // Serialize every daily-hours mutation on the worker row. The lock\r\n' +
    '            // is shared with create() so concurrent edits/creates cannot both\r\n' +
    '            // read the same daily total and then push it above 12 hours.\r\n' +
    '            if (Number.isInteger(Number(current.worker_id)) && Number(current.worker_id) > 0) {\r\n' +
    '                await query(connection, `SELECT id FROM workers WHERE id=? FOR UPDATE`, [Number(current.worker_id)]);\r\n' +
    '            }\r\n' +
    '\r\n' +
    '            if (isWorkerEdit) {\r\n' +
    '                const createdAtMs = parseDbTimestampMs(current.created_at);\r\n' +
    '                if (!Number.isFinite(createdAtMs)) {\r\n' +
    '                    const error = new Error("Không xác định được thời điểm tạo báo cáo để kiểm tra thời gian sửa.");\r\n' +
    '                    error.status = 422; error.code = "TEMP_REPORT_EDIT_TIME_INVALID"; error.isPublic = true;\r\n' +
    '                    throw error;\r\n' +
    '                }\r\n' +
    '                const remainingMs = createdAtMs + WORKER_EDIT_WINDOW_MS - Date.now();\r\n' +
    '                if (remainingMs <= 0) {\r\n' +
    '                    const error = new Error("Báo cáo chỉ được sửa trong vòng 10 phút kể từ lúc tạo.");\r\n' +
    '                    error.status = 422; error.code = "TEMP_REPORT_EDIT_WINDOW_EXPIRED"; error.isPublic = true;\r\n' +
    '                    error.details = { created_at: current.created_at, edit_window_ms: WORKER_EDIT_WINDOW_MS };\r\n' +
    '                    throw error;\r\n' +
    '                }\r\n' +
    '            }\r\n' +
    '\r\n' +
    '            if (options.expectedUpdatedAt && new Date(options.expectedUpdatedAt).getTime() !== new Date(current.updated_at).getTime()) {\r\n' +
    '                const error = new Error("Báo cáo đã thay đổi sau khi bạn mở. Hãy tải lại dữ liệu trước khi sửa hoặc gửi lại.");\r\n' +
    '                error.status = 409; error.code = "TEMP_REPORT_VERSION_CONFLICT"; throw error;\r\n' +
    '            }\r\n' +
    '            const resubmittingRejected = isWorkerEdit && current.status === "rejected";\r\n' +
    '            const oldSnapshot = await AuditService.loadTempReportSnapshot(id, connection);\r\n' +
    '            const hasDeductions = Object.prototype.hasOwnProperty.call(data, "deductions");\r\n' +
    '            const hasDefects = Object.prototype.hasOwnProperty.call(data, "defects");\r\n' +
    '            const hasMachineLines = Object.prototype.hasOwnProperty.call(data, "machine_lines");\r\n' +
    '            const deductions = Array.isArray(data.deductions) ? data.deductions : [];\r\n' +
    '            const defects = Array.isArray(data.defects) ? data.defects : [];\r\n' +
    '            const normalizedDeductions = [];\r\n' +
    '            for (const item of deductions) {\r\n' +
    '                let deductionTypeId = Number(item.deduction_type_id) || null;\r\n' +
    '                if (deductionTypeId) {\r\n' +
    '                    const typeRows = await query(connection, `SELECT id FROM deduction_types WHERE id=? AND process_id=? LIMIT 1`, [deductionTypeId, current.process_id]);\r\n' +
    '                    deductionTypeId = typeRows[0]?.id || null;\r\n' +
    '                }\r\n' +
    '                if (!deductionTypeId && String(item.deduction_name || "").trim()) {\r\n' +
    "                    const typeRows = await query(connection, `SELECT id FROM deduction_types WHERE process_id=? AND deduction_name=? ORDER BY CASE WHEN status='active' THEN 0 ELSE 1 END, id LIMIT 1`, [current.process_id, String(item.deduction_name).trim()]);\r\n" +
    '                    deductionTypeId = typeRows[0]?.id || null;\r\n' +
    '                }\r\n' +
    '                if (!deductionTypeId) throw new Error(`Nội dung thời gian trừ "${String(item.deduction_name || "").trim() || "không xác định"}" không tồn tại trong công đoạn`);\r\n' +
    '                normalizedDeductions.push({ deduction_type_id: deductionTypeId, hours: Math.max(0, Number(item.hours) || 0) });\r\n' +
    '            }\r\n' +
    '            const normalizedDefects = [];\r\n' +
    '            for (const item of defects) {\r\n' +
    '                let defectTypeId = Number(item.defect_type_id) || null;\r\n' +
    '                if (defectTypeId) {\r\n' +
    '                    const typeRows = await query(connection, `SELECT id FROM defect_types WHERE id=? AND process_id=? LIMIT 1`, [defectTypeId, current.process_id]);\r\n' +
    '                    defectTypeId = typeRows[0]?.id || null;\r\n' +
    '                }\r\n' +
    '                if (!defectTypeId && String(item.defect_name || "").trim()) {\r\n' +
    "                    const typeRows = await query(connection, `SELECT id FROM defect_types WHERE process_id=? AND defect_name=? ORDER BY CASE WHEN status='active' THEN 0 ELSE 1 END, id LIMIT 1`, [current.process_id, String(item.defect_name).trim()]);\r\n" +
    '                    defectTypeId = typeRows[0]?.id || null;\r\n' +
    '                }\r\n' +
    '                if (!defectTypeId) throw new Error(`Loại NG "${String(item.defect_name || "").trim() || "không xác định"}" không tồn tại trong công đoạn`);\r\n' +
    '                normalizedDefects.push({ defect_type_id: defectTypeId, quantity: Math.max(0, Math.trunc(Number(item.quantity) || 0)) });\r\n' +
    '            }\r\n' +
    '            const deductionTotals = new Map();\r\n' +
    '            for (const item of normalizedDeductions) deductionTotals.set(item.deduction_type_id, (deductionTotals.get(item.deduction_type_id) || 0) + item.hours);\r\n' +
    '            normalizedDeductions.length = 0;\r\n' +
    '            normalizedDeductions.push(...[...deductionTotals.entries()].filter(([, value]) => value > 0).map(([deduction_type_id, hours]) => ({ deduction_type_id, hours })));\r\n' +
    '            const defectTotals = new Map();\r\n' +
    '            for (const item of normalizedDefects) defectTotals.set(item.defect_type_id, (defectTotals.get(item.defect_type_id) || 0) + item.quantity);\r\n' +
    '            normalizedDefects.length = 0;\r\n' +
    '            normalizedDefects.push(...[...defectTotals.entries()].filter(([, value]) => value > 0).map(([defect_type_id, quantity]) => ({ defect_type_id, quantity: Math.trunc(quantity) })));\r\n' +
    '            if (hasDeductions) {\r\n' +
    '                data.deduction_time = normalizedDeductions.reduce((sum, item) => sum + item.'... 9578 more characters
  
      at TestContext.<anonymous> (F:\VSCode\worker-management-system\backend\tests\temp-report-version-lifecycle.test.js:35:10)
      at Test.runInAsyncScope (node:async_hooks:227:14)
      at Test.run (node:internal/test_runner/test:1382:25)
      at Test.processPendingSubtests (node:internal/test_runner/test:960:18)
      at Test.postRun (node:internal/test_runner/test:1522:19)
      at Test.run (node:internal/test_runner/test:1447:12)
      at async startSubtestAfterBootstrap (node:internal/test_runner/harness:387:3) {
    generatedMessage: true,
    code: 'ERR_ASSERTION',
    actual: 'const AuditService = require("../services/auditService");\r\nconst createModel = require("./productionTempCreateModel");\r\nconst { recalculateReportOutput } = require("../services/kqdReportCalculationService");\r\nconst { validateMachineLines } = require("../services/machineLineValidationService");\r\nconst { query, getConnection, beginTransaction, commit, rollback, editableFields } = require("./productionTempModelShared");\r\nconst { validateMachineWorkerCapacityLocked } = require("../services/factoryMachineRuleService");\r\n\r\nconst DAILY_HOURS_LIMIT = 12;\r\nconst WORKER_EDIT_WINDOW_MS = 10 * 60 * 1000;\r\n\r\nconst checkDailyHours = async (connection, { workerId, workDate, incomingActualHours, excludeTempReportId = null }) => {\r\n    const worker = Number(workerId), date = String(workDate || "").slice(0, 10), incoming = Number(incomingActualHours) || 0;\r\n    if (!Number.isInteger(worker) || worker <= 0 || !/^\\d{4}-\\d{2}-\\d{2}$/.test(date)) return null;\r\n    const tempExcludeSql = excludeTempReportId ? "AND id <> ?" : "";\r\n    const tempParams = excludeTempReportId ? [worker, date, excludeTempReportId] : [worker, date];\r\n    const approvedRows = await query(connection, `SELECT COALESCE(SUM(COALESCE(actual_time,0)),0) AS counted_hours FROM production_reports WHERE worker_id=? AND work_date=? AND status <> \'deleted\'`, [worker, date]);\r\n    const tempRows = await query(connection, `SELECT COALESCE(SUM(COALESCE(actual_time,0)),0) AS counted_hours FROM production_reports_temp WHERE worker_id=? AND work_date=? ${tempExcludeSql} AND status IN (\'pending\',\'need_fix\')`, tempParams);\r\n    const existingHours = Number(approvedRows?.[0]?.counted_hours || 0) + Number(tempRows?.[0]?.counted_hours || 0);\r\n    const projectedHours = existingHours + incoming;\r\n    if (projectedHours > DAILY_HOURS_LIMIT + 0.000001) {\r\n        const remainingHours = Math.max(0, DAILY_HOURS_LIMIT - existingHours);\r\n        const error = new Error(`Tổng giờ làm được tính trong ngày không được vượt quá 12 giờ. Hiện đã có ${existingHours.toFixed(2)} giờ, báo cáo này thêm ${incoming.toFixed(2)} giờ, chỉ còn ${remainingHours.toFixed(2)} giờ.`);\r\n        error.status = 422; error.code = "DAILY_WORKING_HOURS_LIMIT_EXCEEDED"; error.isPublic = true;\r\n        error.details = { worker_id: worker, work_date: date, existing_hours: Number(existingHours.toFixed(4)), incoming_hours: Number(incoming.toFixed(4)), projected_hours: Number(projectedHours.toFixed(4)), limit_hours: DAILY_HOURS_LIMIT, remaining_hours: Number(remainingHours.toFixed(4)), counted_field: "actual_time", excluded_from_daily_limit: "deduction_time / support hours" };\r\n        throw error;\r\n    }\r\n    return { existingHours, incomingActualHours: incoming, projectedHours, limitHours: DAILY_HOURS_LIMIT };\r\n};\r\n\r\nconst parseDbTimestampMs = (value) => {\r\n    if (!value) return NaN;\r\n    const text = String(value).trim();\r\n    if (!text) return NaN;\r\n    const normalized = /^\\d{4}-\\d{2}-\\d{2}[ T]\\d{2}:\\d{2}:\\d{2}(?:\\.\\d+)?$/.test(text)\r\n        ? text.replace(" ", "T") + "Z"\r\n        : text;\r\n    const parsed = new Date(normalized).getTime();\r\n    return Number.isFinite(parsed) ? parsed : NaN;\r\n};\r\n\r\nmodule.exports = {\r\n    async updateReport(id, data, changedBy, reason = null, options = {}) {\r\n        const connection = await getConnection();\r\n        try {\r\n            await beginTransaction(connection);\r\n            const { isAdmin = false, workerId = null } = options;\r\n            const isWorkerEdit = Number(workerId) > 0;\r\n            const scopeJoin = isAdmin || isWorkerEdit ? "" : "JOIN manager_processes mp ON mp.process_id = pr.process_id";\r\n            const scopeWhere = isAdmin ? "" : isWorkerEdit ? "AND pr.worker_id = ?" : "AND mp.manager_id = ?";\r\n            const rows = await query(connection, `SELECT pr.* FROM production_reports_temp pr ${scopeJoin} WHERE pr.id = ? ${scopeWhere} FOR UPDATE`, isAdmin ? [id] : isWorkerEdit ? [id, workerId] : [id, changedBy]);\r\n            const current = rows[0];\r\n            if (!current) throw new Error("Không tìm thấy báo cáo hoặc ngoài phạm vi phụ trách");\r\n            if (current.status === "approved") throw new Error("Báo cáo đã duyệt không thể sửa ở bảng tạm");\r\n\r\n            // Serialize every daily-hours mutation on the worker row. The lock\r\n            // is shared with create() so concurrent edits/creates cannot both\r\n            // read the same daily total and then push it above 12 hours.\r\n            if (Number.isInteger(Number(current.worker_id)) && Number(current.worker_id) > 0) {\r\n                await query(connection, `SELECT id FROM workers WHERE id=? FOR UPDATE`, [Number(current.worker_id)]);\r\n            }\r\n\r\n            if (isWorkerEdit) {\r\n                const createdAtMs = parseDbTimestampMs(current.created_at);\r\n                if (!Number.isFinite(createdAtMs)) {\r\n                    const error = new Error("Không xác định được thời điểm tạo báo cáo để kiểm tra thời gian sửa.");\r\n                    error.status = 422; error.code = "TEMP_REPORT_EDIT_TIME_INVALID"; error.isPublic = true;\r\n                    throw error;\r\n                }\r\n                const remainingMs = createdAtMs + WORKER_EDIT_WINDOW_MS - Date.now();\r\n                if (remainingMs <= 0) {\r\n                    const error = new Error("Báo cáo chỉ được sửa trong vòng 10 phút kể từ lúc tạo.");\r\n                    error.status = 422; error.code = "TEMP_REPORT_EDIT_WINDOW_EXPIRED"; error.isPublic = true;\r\n                    error.details = { created_at: current.created_at, edit_window_ms: WORKER_EDIT_WINDOW_MS };\r\n                    throw error;\r\n                }\r\n            }\r\n\r\n            if (options.expectedUpdatedAt && new Date(options.expectedUpdatedAt).getTime() !== new Date(current.updated_at).getTime()) {\r\n                const error = new Error("Báo cáo đã thay đổi sau khi bạn mở. Hãy tải lại dữ liệu trước khi sửa hoặc gửi lại.");\r\n                error.status = 409; error.code = "TEMP_REPORT_VERSION_CONFLICT"; throw error;\r\n            }\r\n            const resubmittingRejected = isWorkerEdit && current.status === "rejected";\r\n            const oldSnapshot = await AuditService.loadTempReportSnapshot(id, connection);\r\n            const hasDeductions = Object.prototype.hasOwnProperty.call(data, "deductions");\r\n            const hasDefects = Object.prototype.hasOwnProperty.call(data, "defects");\r\n            const hasMachineLines = Object.prototype.hasOwnProperty.call(data, "machine_lines");\r\n            const deductions = Array.isArray(data.deductions) ? data.deductions : [];\r\n            const defects = Array.isArray(data.defects) ? data.defects : [];\r\n            const normalizedDeductions = [];\r\n            for (const item of deductions) {\r\n                let deductionTypeId = Number(item.deduction_type_id) || null;\r\n                if (deductionTypeId) {\r\n                    const typeRows = await query(connection, `SELECT id FROM deduction_types WHERE id=? AND process_id=? LIMIT 1`, [deductionTypeId, current.process_id]);\r\n                    deductionTypeId = typeRows[0]?.id || null;\r\n                }\r\n                if (!deductionTypeId && String(item.deduction_name || "").trim()) {\r\n                    const typeRows = await query(connection, `SELECT id FROM deduction_types WHERE process_id=? AND deduction_name=? ORDER BY CASE WHEN status=\'active\' THEN 0 ELSE 1 END, id LIMIT 1`, [current.process_id, String(item.deduction_name).trim()]);\r\n                    deductionTypeId = typeRows[0]?.id || null;\r\n                }\r\n                if (!deductionTypeId) throw new Error(`Nội dung thời gian trừ "${String(item.deduction_name || "").trim() || "không xác định"}" không tồn tại trong công đoạn`);\r\n                normalizedDeductions.push({ deduction_type_id: deductionTypeId, hours: Math.max(0, Number(item.hours) || 0) });\r\n            }\r\n            const normalizedDefects = [];\r\n            for (const item of defects) {\r\n                let defectTypeId = Number(item.defect_type_id) || null;\r\n                if (defectTypeId) {\r\n                    const typeRows = await query(connection, `SELECT id FROM defect_types WHERE id=? AND process_id=? LIMIT 1`, [defectTypeId, current.process_id]);\r\n                    defectTypeId = typeRows[0]?.id || null;\r\n                }\r\n                if (!defectTypeId && String(item.defect_name || "").trim()) {\r\n                    const typeRows = await query(connection, `SELECT id FROM defect_types WHERE process_id=? AND defect_name=? ORDER BY CASE WHEN status=\'active\' THEN 0 ELSE 1 END, id LIMIT 1`, [current.process_id, String(item.defect_name).trim()]);\r\n                    defectTypeId = typeRows[0]?.id || null;\r\n                }\r\n                if (!defectTypeId) throw new Error(`Loại NG "${String(item.defect_name || "").trim() || "không xác định"}" không tồn tại trong công đoạn`);\r\n                normalizedDefects.push({ defect_type_id: defectTypeId, quantity: Math.max(0, Math.trunc(Number(item.quantity) || 0)) });\r\n            }\r\n            const deductionTotals = new Map();\r\n            for (const item of normalizedDeductions) deductionTotals.set(item.deduction_type_id, (deductionTotals.get(item.deduction_type_id) || 0) + item.hours);\r\n            normalizedDeductions.length = 0;\r\n            normalizedDeductions.push(...[...deductionTotals.entries()].filter(([, value]) => value > 0).map(([deduction_type_id, hours]) => ({ deduction_type_id, hours })));\r\n            const defectTotals = new Map();\r\n            for (const item of normalizedDefects) defectTotals.set(item.defect_type_id, (defectTotals.get(item.defect_type_id) || 0) + item.quantity);\r\n            normalizedDefects.length = 0;\r\n            normalizedDefects.push(...[...defectTotals.entries()].filter(([, value]) => value > 0).map(([defect_type_id, quantity]) => ({ defect_type_id, quantity: Math.trunc(quantity) })));\r\n            if (hasDeductions) {\r\n                data.deduction_time = normalizedDeductions.reduce((sum, item) => sum + item.'... 9578 more characters,
    expected: /\(report_type, report_id, user_id, old_data, new_data, changed_fields, note\)/,
    operator: 'match',
    diff: 'simple'
  }

test at backend\tests\templateSourceSeparation.test.js:8:1
✖ runtime Excel exports only use backend/templates workbooks (2.4152ms)
  AssertionError [ERR_ASSERTION]: services/consolidatedExcelExportService.js
      at TestContext.<anonymous> (F:\VSCode\worker-management-system\backend\tests\templateSourceSeparation.test.js:17:12)
      at Test.runInAsyncScope (node:async_hooks:227:14)
      at Test.run (node:internal/test_runner/test:1382:25)
      at Test.start (node:internal/test_runner/test:1242:17)
      at startSubtestAfterBootstrap (node:internal/test_runner/harness:387:17) {
    generatedMessage: false,
    code: 'ERR_ASSERTION',
    actual: 'const { calculateCountedNg } = require(\'../utils/outputCalculation\');\r\nconst { trainingFactor } = require(\'../utils/trainingPercent\');\r\nconst ExcelJS = require(\'exceljs\');\r\nconst fs = require(\'node:fs/promises\');\r\nconst path = require(\'node:path\');\r\n\r\nconst TEMPLATE_RELATIVE_PATH = \'../templates/bao-cao-cat-long-export.xlsx\';\r\nconst SHEET_NAME = \'Cắt lồng\';\r\nconst HEADER_ROW = 326;\r\nconst DATA_START_ROW = 327;\r\nconst TEMPLATE_TABLE_LAST_COLUMN = 53; // BA\r\n\r\nconst { removeQuietly, cleanupOldExports } = require(\'./exportFileMaintenance\');\r\n\r\nconst EXCEL_THEME = Object.freeze({\r\n  navy: \'1F4E78\', navyDark: \'17365D\', white: \'FFFFFF\', text: \'1F2937\', border: \'D7DEE7\',\r\n  totalTime: \'DDEBF7\', deductionTime: \'FFF2CC\', actualTime: \'E2F0D9\', actualOutput: \'E4DFEC\',\r\n  outputPerHour: \'DDEBF7\', ok: \'E2F0D9\', ng: \'FCE4D6\', rateGood: \'C6E0B4\', rateWarning: \'FFE699\', rateBad: \'F4B084\'\r\n});\r\nconst solidFill = (argb) => ({ type: \'pattern\', pattern: \'solid\', fgColor: { argb } });\r\nconst thinBorder = { top: { style: \'thin\', color: { argb: EXCEL_THEME.border } }, left: { style: \'thin\', color: { argb: EXCEL_THEME.border } }, bottom: { style: \'thin\', color: { argb: EXCEL_THEME.border } }, right: { style: \'thin\', color: { argb: EXCEL_THEME.border } } };\r\nconst mediumLeftBorder = { ...thinBorder, left: { style: \'medium\', color: { argb: EXCEL_THEME.navyDark } } };\r\nconst removeTemplateConditionalFormatting = (sheet) => {\r\n  if (Array.isArray(sheet.conditionalFormattings)) sheet.conditionalFormattings.splice(0, sheet.conditionalFormattings.length);\r\n  if (sheet.model && Array.isArray(sheet.model.conditionalFormattings)) sheet.model.conditionalFormattings = [];\r\n};\r\nconst isGroupStart = (column) => [\'training_percent\', \'product_name\', \'tt_ng\'].includes(column.key);\r\nconst styleHeaderCell = (cell, column) => {\r\n  cell.fill = solidFill(EXCEL_THEME.navy);\r\n  cell.font = { name: \'Arial\', size: 10, bold: true, color: { argb: EXCEL_THEME.white } };\r\n  cell.border = isGroupStart(column) ? mediumLeftBorder : thinBorder;\r\n  cell.alignment = { horizontal: \'center\', vertical: \'middle\', wrapText: true };\r\n};\r\nconst getFixedColumnFill = (column) => {\r\n  switch (column.key) {\r\n    case \'total_time\': return EXCEL_THEME.totalTime; case \'deduction_time\': return EXCEL_THEME.deductionTime;\r\n    case \'actual_time\': return EXCEL_THEME.actualTime; case \'actual_output\': return EXCEL_THEME.actualOutput;\r\n    case \'output_per_hour\': return EXCEL_THEME.outputPerHour; case \'tt_ok\': return EXCEL_THEME.ok; case \'tt_ng\': return EXCEL_THEME.ng;\r\n    default: return EXCEL_THEME.white;\r\n  }\r\n};\r\nconst styleDataCell = (cell, column) => {\r\n  cell.fill = solidFill(getFixedColumnFill(column));\r\n  cell.font = { name: \'Arial\', size: 10, color: { argb: EXCEL_THEME.text } };\r\n  cell.border = isGroupStart(column) ? mediumLeftBorder : thinBorder;\r\n  cell.alignment = { horizontal: [\'full_name\', \'product_name\'].includes(column.key) ? \'left\' : \'center\', vertical: \'middle\', wrapText: true };\r\n};\r\nconst toNumber = (value) => { const parsed = Number(String(value ?? 0).replace(/,/g, \'\').trim()); return Number.isFinite(parsed) ? parsed : 0; };\r\nconst getKqdExclusionPolicy = (report = {}) => Number(report.exclude_kqd_from_tt_snapshot ?? report.exclude_kqd_from_tt ?? 0) === 1;\r\nconst applyValueHighlight = (cell, column, value) => {\r\n  const numericValue = toNumber(value);\r\n  if (column.key === \'achievement_rate\') { cell.fill = solidFill(numericValue >= 1 ? EXCEL_THEME.rateGood : numericValue >= 0.9 ? EXCEL_THEME.rateWarning : EXCEL_THEME.rateBad); cell.font = { ...(cell.font || {}), bold: true }; }\r\n  if (column.key === \'ng_rate\') { cell.fill = solidFill(numericValue <= 0.01 ? EXCEL_THEME.rateGood : numericValue <= 0.03 ? EXCEL_THEME.rateWarning : EXCEL_THEME.rateBad); cell.font = { ...(cell.font || {}), bold: true }; }\r\n  if ([\'total_time\',\'deduction_time\',\'actual_time\',\'actual_output\',\'achievement_rate\',\'output_per_hour\',\'tt_ok\',\'tt_ng\',\'ng_rate\'].includes(column.key)) cell.font = { ...(cell.font || {}), bold: true };\r\n};\r\nconst normalizeDateKey = (value) => {\r\n  if (!value) return \'\';\r\n  if (typeof value === \'string\' && /^\\d{4}-\\d{2}-\\d{2}/.test(value)) return value.slice(0, 10);\r\n  const date = new Date(value); if (Number.isNaN(date.getTime())) return \'\';\r\n  return `${date.getFullYear()}-${String(date.getMonth()+1).padStart(2,\'0\')}-${String(date.getDate()).padStart(2,\'0\')}`;\r\n};\r\nconst toExcelDate = (value) => { const key = normalizeDateKey(value); if (!key) return null; const [year,month,day]=key.split(\'-\').map(Number); return new Date(year,month-1,day); };\r\nconst reportTimeKey = (report) => String(report.approved_at || report.created_at || report.entry_date || report.work_date || \'\');\r\nconst sortReports = (a,b) => normalizeDateKey(a.work_date).localeCompare(normalizeDateKey(b.work_date)) || reportTimeKey(a).localeCompare(reportTimeKey(b)) || String(a.worker_code||\'\').localeCompare(String(b.worker_code||\'\'),undefined,{numeric:true,sensitivity:\'base\'}) || String(a.machine_no||\'\').localeCompare(String(b.machine_no||\'\'),undefined,{numeric:true,sensitivity:\'base\'}) || Number(a.id)-Number(b.id);\r\nconst clone = (value) => value == null ? value : JSON.parse(JSON.stringify(value));\r\nconst normalizeType = (item,kind) => { const id=Number(item.id ?? item.type_id ?? item[`${kind}_type_id`]); const code=String(item.code ?? item.type_code ?? item[`${kind}_code`] ?? \'\').trim(); const rawName=item.name ?? item.type_name ?? item[`${kind}_name`]; const fallbackName=kind===\'deduction\'?`Loại trừ giờ #${id||\'?\'}`:`Lỗi NG #${id||\'?\'}`; return {id,code,name:String(rawName||code||fallbackName).trim(),sort_order:Number(item.sort_order)||0,process_id:Number(item.process_id)||0}; };\r\nconst uniqueTypes = (items,kind) => { const map=new Map(); (items||[]).forEach(raw=>{const item=normalizeType(raw,kind); if(item.id&&!map.has(item.id)) map.set(item.id,item);}); return [...map.values()].sort((a,b)=>a.process_id-b.process_id||a.sort_order-b.sort_order||a.id-b.id); };\r\nconst collectTypesFromReports = (reports,kind) => uniqueTypes((reports||[]).flatMap(report=>report[kind===\'deduction\'?\'deductions\':\'defects\']||[]),kind);\r\nconst mergeTypes = (configuredTypes,reports,kind) => uniqueTypes([...(configuredTypes||[]),...collectTypesFromReports(reports,kind)],kind);\r\nconst sumDetailValues = (items,valueKey,allowedTypeIds=null,typeKey=null) => (items||[]).filter(item=>!allowedTypeIds||allowedTypeIds.has(Number(item[typeKey]))).reduce((sum,item)=>sum+toNumber(item[valueKey]),0);\r\nconst detailValue = (items,typeId,valueKey,typeKey) => (items||[]).filter(item=>Number(item[typeKey])===Number(typeId)).reduce((sum,item)=>sum+toNumber(item[valueKey]),0);\r\nconst safeFolderName = (value,fallback) => String(value||fallback).replace(/[<>:"/\\\\|?*\\u0000-\\u001F]/g,\'-\').replace(/\\s+/g,\' \').trim()||fallback;\r\nconst getMonthlyTarget = (yearMonth,options={}) => { const [year,month]=yearMonth.split(\'-\'); const root=options.exportRoot||process.env.EXCEL_EXPORT_ROOT||path.join(process.cwd(),\'exports\'); const stageName=safeFolderName(options.stageFolder||process.env.EXCEL_STAGE_FOLDER_NAME||\'Cắt lồng\',\'Cắt lồng\'); const folder=path.join(root,year,stageName); const fileName=`Bao-cao-san-xuat-${month}-${year}.xlsx`; const filePath=path.join(folder,fileName); return {folder,fileName,filePath,metadataPath:`${filePath}.meta.json`}; };\r\nconst readMonthlyCacheMetadata = async (yearMonth,options={}) => { const target=getMonthlyTarget(yearMonth,options); try { const [fileStat,metadataText]=await Promise.all([fs.stat(target.filePath),fs.readFile(target.metadataPath,\'utf8\')]); return {target,fileStat,metadata:JSON.parse(metadataText)}; } catch(error) { if(error?.code===\'ENOENT\'||error instanceof SyntaxError)return null; throw error; } };\r\nconst writeMonthlyCacheMetadata = async (target,metadata) => { const temporaryPath=`${target.metadataPath}.${process.pid}.${Date.now()}.tmp`; await fs.writeFile(temporaryPath,JSON.stringify(metadata),\'utf8\'); await fs.rename(temporaryPath,target.metadataPath); };\r\nconst captureCellStyle = (sheet,rowNumber,columnNumber) => { const cell=sheet.getRow(rowNumber).getCell(columnNumber); const column=sheet.getColumn(columnNumber); return {style:clone(cell.style),font:clone(cell.font),fill:clone(cell.fill),border:clone(cell.border),alignment:clone(cell.alignment),protection:clone(cell.protection),numFmt:cell.numFmt,width:column.width,hidden:column.hidden,outlineLevel:column.outlineLevel}; };\r\nconst applyCellStyle = (sheet,rowNumber,columnNumber,source) => { const cell=sheet.getRow(rowNumber).getCell(columnNumber); if(source.style)cell.style=clone(source.style); if(source.font)cell.font=clone(source.font); if(source.fill)cell.fill=clone(source.fill); if(source.border)cell.border=clone(source.border); if(source.alignment)cell.alignment=clone(source.alignment); if(source.protection)cell.protection=clone(source.protection); if(source.numFmt)cell.numFmt=source.numFmt; const column=sheet.getColumn(columnNumber); if(source.width!=null)column.width=source.width; column.hidden=false; if(source.outlineLevel!=null)column.outlineLevel=source.outlineLevel; };\r\nconst TEMPLATE_SOURCE = Object.freeze({stt:1,workerCode:2,workerName:3,machine:4,shift:5,trainingPercent:6,totalTime:7,actualTime:8,totalDeduction:10,deductionDetail:11,product:27,standard:28,totalOutput:29,outputPerHour:30,workDate:31,achievementRate:32,ok:33,ng:34,ngRate:35,ngDetail:36,status:52,note:53});\r\n\r\nfunction getTemplatePath() {\r\n  if (typeof __dirname === \'string\') return path.resolve(__dirname, TEMPLATE_RELATIVE_PATH);\r\n  return null;\r\n}\r\nasync function resolveTemplatePath() {\r\n  const file = getTemplatePath();\r\n  if (!file) throw Object.assign(new Error(\'Excel template filesystem access is unavailable in Cloudflare Worker\'), { code: \'KTC_EXCEL_TEMPLATE_UNSUPPORTED_ON_CLOUDFLARE\', statusCode: 501 });\r\n  await fs.access(file);\r\n  return file;\r\n}\r\n\r\nmodule.exports = { TEMPLATE_PATH:TEMPLATE_RELATIVE_PATH,SHEET_NAME,HEADER_ROW,DATA_START_ROW,TEMPLATE_TABLE_LAST_COLUMN,remov'... 469 more characters,
    expected: /path\.join\([^\n]+templates/i,
    operator: 'match',
    diff: 'simple'
  }

test at backend\tests\worker-identity-audit.contract.test.js:25:1
✖ pending report read path joins user through workers.user_id (1.3592ms)
  AssertionError [ERR_ASSERTION]: The input did not match the regular expression /JOIN workers w ON pr\.worker_id = w\.id/. Input:
  
  'const db = require("../config/db");\r\n' +
    'const { mergeDefects, normalizeDeductions } = require("../utils/reportDetailNormalizer");\r\n' +
    'const { query } = require("./productionTempModelShared");\r\n' +
    'const { paginationMeta } = require("../services/managerReportPaginationService");\r\n' +
    '\r\n' +
    'function buildListFilters(managerId, filters, isAdmin, statusSql) {\r\n' +
    '    const conditions = [statusSql];\r\n' +
    '    const params = [];\r\n' +
    '    if (!isAdmin && managerId) {\r\n' +
    '        conditions.push("EXISTS (SELECT 1 FROM manager_processes mp_scope WHERE mp_scope.process_id = pr.process_id AND mp_scope.manager_id = ?)");\r\n' +
    '        params.push(managerId);\r\n' +
    '    }\r\n' +
    '    const dateFrom = filters.date_from || filters.dateFrom;\r\n' +
    '    const dateTo = filters.date_to || filters.dateTo;\r\n' +
    '    if (dateFrom) { conditions.push("DATE(pr.work_date) >= ?"); params.push(dateFrom); }\r\n' +
    '    if (dateTo) { conditions.push("DATE(pr.work_date) <= ?"); params.push(dateTo); }\r\n' +
    '    if (filters.work_date) { conditions.push("DATE(pr.work_date) = ?"); params.push(filters.work_date); }\r\n' +
    '    if (filters.process_id) { conditions.push("pr.process_id = ?"); params.push(Number(filters.process_id)); }\r\n' +
    '    if (filters.process_name) { conditions.push("p.process_name = ?"); params.push(String(filters.process_name).trim()); }\r\n' +
    '    if (filters.shift) { conditions.push("pr.shift = ?"); params.push(String(filters.shift).trim()); }\r\n' +
    '    if (filters.worker_id) { conditions.push("pr.worker_id = ?"); params.push(Number(filters.worker_id)); }\r\n' +
    '    if (filters.search) {\r\n' +
    '        const search = String(filters.search).trim();\r\n' +
    '        if (search) {\r\n' +
    '            const q = `%${search}%`;\r\n' +
    '            conditions.push("(w.worker_code LIKE ? OR u.full_name LIKE ? OR pr.machine_no LIKE ? OR pr.product_name LIKE ? OR p.process_name LIKE ?)");\r\n' +
    '            params.push(q, q, q, q, q);\r\n' +
    '        }\r\n' +
    '    }\r\n' +
    '    return { conditions, params };\r\n' +
    '}\r\n' +
    '\r\n' +
    'function normalizeUtcTimestamp(value) {\r\n' +
    '    if (!value) return value;\r\n' +
    '    const text = String(value).trim();\r\n' +
    '    if (!text) return value;\r\n' +
    '    if (/[zZ]|[+-]\\\\d{2}:?\\\\d{2}$/.test(text)) return text;\r\n' +
    '    if (!/^\\\\d{4}-\\\\d{2}-\\\\d{2}[ T]\\\\d{2}:\\\\d{2}:\\\\d{2}(?:\\\\.\\\\d+)?$/.test(text)) return value;\r\n' +
    '    return `${text.replace(" ", "T")}Z`;\r\n' +
    '}\r\n' +
    '\r\n' +
    'function normalizeReportTimestamps(report) {\r\n' +
    '    if (!report) return report;\r\n' +
    '    return { ...report, created_at: normalizeUtcTimestamp(report.created_at), updated_at: normalizeUtcTimestamp(report.updated_at) };\r\n' +
    '}\r\n' +
    '\r\n' +
    'async function getProcessOptions(managerId, isAdmin) {\r\n' +
    "    if (isAdmin || !managerId) return query(db, `SELECT p.id, p.process_code, p.process_name FROM processes p WHERE p.status = 'active' ORDER BY p.process_name`);\r\n" +
    "    return query(db, `SELECT DISTINCT p.id, p.process_code, p.process_name FROM processes p INNER JOIN manager_processes mp ON mp.process_id = p.id WHERE p.status = 'active' AND mp.manager_id = ? ORDER BY p.process_name`, [managerId]);\r\n" +
    '}\r\n' +
    '\r\n' +
    'async function getPreviousPendingCount(managerId, isAdmin) {\r\n' +
    '    if (isAdmin || !managerId) return 0;\r\n' +
    "    const rows = await query(db, `SELECT COUNT(*) AS total FROM production_reports_temp pr WHERE pr.status IN ('pending','need_fix') AND EXISTS (SELECT 1 FROM manager_processes mp WHERE mp.process_id = pr.process_id AND mp.manager_id = ?)`, [managerId]);\r\n" +
    '    return Number(rows?.[0]?.total || 0);\r\n' +
    '}\r\n' +
    '\r\n' +
    'async function getTempMachineLines(id) {\r\n' +
    '    return query(db, `SELECT ml.* FROM production_temp_machine_lines ml WHERE ml.temp_report_id = ? ORDER BY ml.id`, [id]);\r\n' +
    '}\r\n' +
    '\r\n' +
    'function parseDefectsJson(value) {\r\n' +
    '    if (Array.isArray(value)) return value;\r\n' +
    '    if (value === null || value === undefined || value === "") return [];\r\n' +
    '    try {\r\n' +
    '        const parsed = typeof value === "string" ? JSON.parse(value) : value;\r\n' +
    '        return Array.isArray(parsed) ? parsed : [];\r\n' +
    '    } catch (_) {\r\n' +
    '        return [];\r\n' +
    '    }\r\n' +
    '}\r\n' +
    '\r\n' +
    'function normalizeMachineDefect(item) {\r\n' +
    '    return {\r\n' +
    '        id: item?.id ?? null,\r\n' +
    '        defect_type_id: Number(item?.defect_type_id ?? item?.defect_id ?? 0) || null,\r\n' +
    '        defect_code: String(item?.defect_code ?? "").trim(),\r\n' +
    '        defect_name: String(item?.defect_name ?? "").trim(),\r\n' +
    '        quantity: Math.max(0, Math.trunc(Number(item?.quantity ?? item?.qty ?? 0) || 0)),\r\n' +
    '    };\r\n' +
    '}\r\n' +
    '\r\n' +
    'function getJsonMachineDefects(line) {\r\n' +
    '    return parseDefectsJson(line?.defects_json)\r\n' +
    '        .map(normalizeMachineDefect)\r\n' +
    '        .filter((item) => item.quantity > 0);\r\n' +
    '}\r\n' +
    '\r\n' +
    'function mergeMachineDefects(lines, defects, eventDefects) {\r\n' +
    '    const byLine = new Map();\r\n' +
    '    for (const defect of defects || []) {\r\n' +
    '        const key = Number(defect.machine_line_id);\r\n' +
    '        if (!byLine.has(key)) byLine.set(key, []);\r\n' +
    '        byLine.get(key).push(defect);\r\n' +
    '    }\r\n' +
    '    const byEvent = new Map();\r\n' +
    '    for (const defect of eventDefects || []) {\r\n' +
    '        const key = Number(defect.machine_event_id);\r\n' +
    '        if (!byEvent.has(key)) byEvent.set(key, []);\r\n' +
    '        byEvent.get(key).push(defect);\r\n' +
    '    }\r\n' +
    '    return (lines || []).map((line) => {\r\n' +
    '        const childDefects = byLine.get(Number(line.id)) || [];\r\n' +
    '        const eventChildDefects = byEvent.get(Number(line.machine_event_id)) || [];\r\n' +
    '        const defectsFromJson = getJsonMachineDefects(line);\r\n' +
    '        return {\r\n' +
    '            ...line,\r\n' +
    '            defects: childDefects.length ? childDefects : (eventChildDefects.length ? eventChildDefects : defectsFromJson),\r\n' +
    '        };\r\n' +
    '    });\r\n' +
    '}\r\n' +
    '\r\n' +
    'function enrichMachineLines(lines) {\r\n' +
    '    return (lines || []).map((line) => ({\r\n' +
    '        ...line,\r\n' +
    '        defects: getJsonMachineDefects(line),\r\n' +
    '    }));\r\n' +
    '}\r\n' +
    '\r\n' +
    'async function attachPendingChildren(items) {\r\n' +
    '    if (!items?.length) return items || [];\r\n' +
    '    const ids = items.map((item) => Number(item.id)).filter((id) => Number.isInteger(id) && id > 0);\r\n' +
    '    if (!ids.length) return items;\r\n' +
    '    const placeholders = ids.map(() => "?").join(",");\r\n' +
    '    const [defects, deductions, machineLines] = await Promise.all([\r\n' +
    '        query(db, `SELECT d.id,d.temp_report_id,d.defect_type_id,dt.defect_code,dt.defect_name,d.quantity FROM production_temp_defects d LEFT JOIN defect_types dt ON dt.id=d.defect_type_id WHERE d.temp_report_id IN (${placeholders}) ORDER BY d.temp_report_id,COALESCE(dt.sort_order,999999),d.id`, ids),\r\n' +
    '        query(db, `SELECT d.id,d.temp_report_id,d.deduction_type_id,dt.deduction_code,dt.deduction_name,d.hours FROM production_temp_deductions d LEFT JOIN deduction_types dt ON dt.id=d.deduction_type_id WHERE d.temp_report_id IN (${placeholders}) ORDER BY d.temp_report_id,COALESCE(dt.sort_order,999999),d.id`, ids),\r\n' +
    '        query(db, `SELECT ml.* FROM production_temp_machine_lines ml WHERE ml.temp_report_id IN (${placeholders}) ORDER BY ml.temp_report_id,ml.id`, ids)\r\n' +
    '    ]);\r\n' +
    '    const byDefect = new Map();\r\n' +
    '    const byDeduction = new Map();\r\n' +
    '    const byMachine = new Map();\r\n' +
    '    for (const row of defects || []) { const id = Number(row.temp_report_id); if (!byDefect.has(id)) byDefect.set(id, []); byDefect.get(id).push(row); }\r\n' +
    '    for (const row of deductions || []) { const id = Number(row.temp_report_id); if (!byDeduction.has(id)) byDeduction.set(id, []); byDeduction.get(id).push(row); }\r\n' +
    '    for (const row of machineLines || []) { const id = Number(row.temp_report_id); if (!byMachine.has(id)) byMachine.set(id, []); byMachine.get(id).push(row); }\r\n' +
    '    return items.map((item) => {\r\n' +
    '        const defectsForReport = byDefect.get(Number(item.id)) || [];\r\n' +
    '        const deductionsForReport = byDeduction.get(Number(item.id)) || [];\r\n' +
    '        const machinesForReport = enrichMachineLines(byMachine.get(Number(item.id)) || []);\r\n' +
    '        const detailNg = defectsForReport.reduce((sum, row) => sum + Math.max(0, Math.trunc(Number(row.quantity) || 0)), 0);\r\n' +
    '        const ttNg = Math.max(0, Math.trunc(Number(item.tt_ng) || 0));\r\n' +
    '        return normalizeReportTimestamps({\r\n' +
    '            ...item,\r\n' +
    '            defects: defectsForReport,\r\n' +
    '            deductions: normalizeDeductions(deductionsForReport),\r\n' +
    '            machine_lines: machinesForReport,\r\n' +
    '            ng_detail_total: detailNg,\r\n' +
    '            ng_unclassified: Math.max(0, ttNg - detailNg),\r\n' +
    '            ng_detail_complete: detailNg === ttNg\r\n' +
    '        });\r\n' +
    '    });\r\n' +
    '}\r\n' +
    '\r\n' +
    'module.exports = {\r\n' +
    '    async getPending(managerId, filters = {}, isAdmin = false) {\r\n' +
    '        const { page = 1, page_size: pageSize = 20, offset = 0 } = filters.pagination || {};\r\n' +
    `        const { conditions, params } = buildListFilters(managerId, filters, isAdmin, "pr.status IN ('pending','need_fix')");\r\n` +
    '        const where = conditions.join(" AND ");\r\n' +
    '        const countRows = await query(db, `SELECT COUNT(*) AS total FROM production_reports_temp pr JOIN workers w ON pr.worker_id=w.id JOIN users u ON w.user_id=u.id JOIN processes p ON pr.process_id=p.id WHERE ${where}`, params);\r\n' +
    '        const items = await query(db, `SELECT pr.*,w.user_id,w.worker_code,u.full_name,p.process_name,p.process_code FROM production_reports_temp pr JOIN workers w ON pr.worker_id=w.id JOIN users u ON w.user_id=u.id JOIN processes p ON pr.process_id=p.id WHERE ${where} ORDER BY pr.work_date DESC, pr.created_at ASC, pr.id ASC LIMIT ? OFFSET ?`, [...params, pageSize, offset]);\r\n' +
    '        const enrichedItems = await attachPendingChildren(items);\r\n' +
    '        const processes = await getProcessOptions(managerId, isAdmin);\r\n' +
    '        const previousCount = await getPreviousPendingCount(managerId, isAdmin);\r\n' +
    '        return { items: enrichedItems, pagination: paginationMeta({page,pageSize,total:Number(countRows?.[0]?.total||0)}), processes, previous_count: previousCount };\r\n' +
    '    },\r\n' +
    '    async getApproved(managerId, filters = {}, isAdmin = false) {\r\n' +
    '        const { page = 1, page_size: pageSize = 20, offset = 0 } = filters.pagination || {};\r\n' +
    `        const { conditions, params } = buildListFilters(managerId, filters, isAdmin, "pr.status = 'approved'");\r\n` +
    '        const where = conditions.join(" AND ");\r\n' +
    '        const countRows = await query(db, `SELECT COUNT(*) AS total FROM production_reports pr JOIN workers w ON pr.worker_id=w.id JOIN users u ON w.user_id=u.id JOIN processes p O'... 6648 more characters
  
      at TestContext.<anonymous> (F:\VSCode\worker-management-system\backend\tests\worker-identity-audit.contract.test.js:26:10)
      at Test.runInAsyncScope (node:async_hooks:227:14)
      at Test.run (node:internal/test_runner/test:1382:25)
      at Test.processPendingSubtests (node:internal/test_runner/test:960:18)
      at Test.postRun (node:internal/test_runner/test:1522:19)
      at Test.run (node:internal/test_runner/test:1447:12)
      at async startSubtestAfterBootstrap (node:internal/test_runner/harness:387:3) {
    generatedMessage: true,
    code: 'ERR_ASSERTION',
    actual: 'const db = require("../config/db");\r\nconst { mergeDefects, normalizeDeductions } = require("../utils/reportDetailNormalizer");\r\nconst { query } = require("./productionTempModelShared");\r\nconst { paginationMeta } = require("../services/managerReportPaginationService");\r\n\r\nfunction buildListFilters(managerId, filters, isAdmin, statusSql) {\r\n    const conditions = [statusSql];\r\n    const params = [];\r\n    if (!isAdmin && managerId) {\r\n        conditions.push("EXISTS (SELECT 1 FROM manager_processes mp_scope WHERE mp_scope.process_id = pr.process_id AND mp_scope.manager_id = ?)");\r\n        params.push(managerId);\r\n    }\r\n    const dateFrom = filters.date_from || filters.dateFrom;\r\n    const dateTo = filters.date_to || filters.dateTo;\r\n    if (dateFrom) { conditions.push("DATE(pr.work_date) >= ?"); params.push(dateFrom); }\r\n    if (dateTo) { conditions.push("DATE(pr.work_date) <= ?"); params.push(dateTo); }\r\n    if (filters.work_date) { conditions.push("DATE(pr.work_date) = ?"); params.push(filters.work_date); }\r\n    if (filters.process_id) { conditions.push("pr.process_id = ?"); params.push(Number(filters.process_id)); }\r\n    if (filters.process_name) { conditions.push("p.process_name = ?"); params.push(String(filters.process_name).trim()); }\r\n    if (filters.shift) { conditions.push("pr.shift = ?"); params.push(String(filters.shift).trim()); }\r\n    if (filters.worker_id) { conditions.push("pr.worker_id = ?"); params.push(Number(filters.worker_id)); }\r\n    if (filters.search) {\r\n        const search = String(filters.search).trim();\r\n        if (search) {\r\n            const q = `%${search}%`;\r\n            conditions.push("(w.worker_code LIKE ? OR u.full_name LIKE ? OR pr.machine_no LIKE ? OR pr.product_name LIKE ? OR p.process_name LIKE ?)");\r\n            params.push(q, q, q, q, q);\r\n        }\r\n    }\r\n    return { conditions, params };\r\n}\r\n\r\nfunction normalizeUtcTimestamp(value) {\r\n    if (!value) return value;\r\n    const text = String(value).trim();\r\n    if (!text) return value;\r\n    if (/[zZ]|[+-]\\\\d{2}:?\\\\d{2}$/.test(text)) return text;\r\n    if (!/^\\\\d{4}-\\\\d{2}-\\\\d{2}[ T]\\\\d{2}:\\\\d{2}:\\\\d{2}(?:\\\\.\\\\d+)?$/.test(text)) return value;\r\n    return `${text.replace(" ", "T")}Z`;\r\n}\r\n\r\nfunction normalizeReportTimestamps(report) {\r\n    if (!report) return report;\r\n    return { ...report, created_at: normalizeUtcTimestamp(report.created_at), updated_at: normalizeUtcTimestamp(report.updated_at) };\r\n}\r\n\r\nasync function getProcessOptions(managerId, isAdmin) {\r\n    if (isAdmin || !managerId) return query(db, `SELECT p.id, p.process_code, p.process_name FROM processes p WHERE p.status = \'active\' ORDER BY p.process_name`);\r\n    return query(db, `SELECT DISTINCT p.id, p.process_code, p.process_name FROM processes p INNER JOIN manager_processes mp ON mp.process_id = p.id WHERE p.status = \'active\' AND mp.manager_id = ? ORDER BY p.process_name`, [managerId]);\r\n}\r\n\r\nasync function getPreviousPendingCount(managerId, isAdmin) {\r\n    if (isAdmin || !managerId) return 0;\r\n    const rows = await query(db, `SELECT COUNT(*) AS total FROM production_reports_temp pr WHERE pr.status IN (\'pending\',\'need_fix\') AND EXISTS (SELECT 1 FROM manager_processes mp WHERE mp.process_id = pr.process_id AND mp.manager_id = ?)`, [managerId]);\r\n    return Number(rows?.[0]?.total || 0);\r\n}\r\n\r\nasync function getTempMachineLines(id) {\r\n    return query(db, `SELECT ml.* FROM production_temp_machine_lines ml WHERE ml.temp_report_id = ? ORDER BY ml.id`, [id]);\r\n}\r\n\r\nfunction parseDefectsJson(value) {\r\n    if (Array.isArray(value)) return value;\r\n    if (value === null || value === undefined || value === "") return [];\r\n    try {\r\n        const parsed = typeof value === "string" ? JSON.parse(value) : value;\r\n        return Array.isArray(parsed) ? parsed : [];\r\n    } catch (_) {\r\n        return [];\r\n    }\r\n}\r\n\r\nfunction normalizeMachineDefect(item) {\r\n    return {\r\n        id: item?.id ?? null,\r\n        defect_type_id: Number(item?.defect_type_id ?? item?.defect_id ?? 0) || null,\r\n        defect_code: String(item?.defect_code ?? "").trim(),\r\n        defect_name: String(item?.defect_name ?? "").trim(),\r\n        quantity: Math.max(0, Math.trunc(Number(item?.quantity ?? item?.qty ?? 0) || 0)),\r\n    };\r\n}\r\n\r\nfunction getJsonMachineDefects(line) {\r\n    return parseDefectsJson(line?.defects_json)\r\n        .map(normalizeMachineDefect)\r\n        .filter((item) => item.quantity > 0);\r\n}\r\n\r\nfunction mergeMachineDefects(lines, defects, eventDefects) {\r\n    const byLine = new Map();\r\n    for (const defect of defects || []) {\r\n        const key = Number(defect.machine_line_id);\r\n        if (!byLine.has(key)) byLine.set(key, []);\r\n        byLine.get(key).push(defect);\r\n    }\r\n    const byEvent = new Map();\r\n    for (const defect of eventDefects || []) {\r\n        const key = Number(defect.machine_event_id);\r\n        if (!byEvent.has(key)) byEvent.set(key, []);\r\n        byEvent.get(key).push(defect);\r\n    }\r\n    return (lines || []).map((line) => {\r\n        const childDefects = byLine.get(Number(line.id)) || [];\r\n        const eventChildDefects = byEvent.get(Number(line.machine_event_id)) || [];\r\n        const defectsFromJson = getJsonMachineDefects(line);\r\n        return {\r\n            ...line,\r\n            defects: childDefects.length ? childDefects : (eventChildDefects.length ? eventChildDefects : defectsFromJson),\r\n        };\r\n    });\r\n}\r\n\r\nfunction enrichMachineLines(lines) {\r\n    return (lines || []).map((line) => ({\r\n        ...line,\r\n        defects: getJsonMachineDefects(line),\r\n    }));\r\n}\r\n\r\nasync function attachPendingChildren(items) {\r\n    if (!items?.length) return items || [];\r\n    const ids = items.map((item) => Number(item.id)).filter((id) => Number.isInteger(id) && id > 0);\r\n    if (!ids.length) return items;\r\n    const placeholders = ids.map(() => "?").join(",");\r\n    const [defects, deductions, machineLines] = await Promise.all([\r\n        query(db, `SELECT d.id,d.temp_report_id,d.defect_type_id,dt.defect_code,dt.defect_name,d.quantity FROM production_temp_defects d LEFT JOIN defect_types dt ON dt.id=d.defect_type_id WHERE d.temp_report_id IN (${placeholders}) ORDER BY d.temp_report_id,COALESCE(dt.sort_order,999999),d.id`, ids),\r\n        query(db, `SELECT d.id,d.temp_report_id,d.deduction_type_id,dt.deduction_code,dt.deduction_name,d.hours FROM production_temp_deductions d LEFT JOIN deduction_types dt ON dt.id=d.deduction_type_id WHERE d.temp_report_id IN (${placeholders}) ORDER BY d.temp_report_id,COALESCE(dt.sort_order,999999),d.id`, ids),\r\n        query(db, `SELECT ml.* FROM production_temp_machine_lines ml WHERE ml.temp_report_id IN (${placeholders}) ORDER BY ml.temp_report_id,ml.id`, ids)\r\n    ]);\r\n    const byDefect = new Map();\r\n    const byDeduction = new Map();\r\n    const byMachine = new Map();\r\n    for (const row of defects || []) { const id = Number(row.temp_report_id); if (!byDefect.has(id)) byDefect.set(id, []); byDefect.get(id).push(row); }\r\n    for (const row of deductions || []) { const id = Number(row.temp_report_id); if (!byDeduction.has(id)) byDeduction.set(id, []); byDeduction.get(id).push(row); }\r\n    for (const row of machineLines || []) { const id = Number(row.temp_report_id); if (!byMachine.has(id)) byMachine.set(id, []); byMachine.get(id).push(row); }\r\n    return items.map((item) => {\r\n        const defectsForReport = byDefect.get(Number(item.id)) || [];\r\n        const deductionsForReport = byDeduction.get(Number(item.id)) || [];\r\n        const machinesForReport = enrichMachineLines(byMachine.get(Number(item.id)) || []);\r\n        const detailNg = defectsForReport.reduce((sum, row) => sum + Math.max(0, Math.trunc(Number(row.quantity) || 0)), 0);\r\n        const ttNg = Math.max(0, Math.trunc(Number(item.tt_ng) || 0));\r\n        return normalizeReportTimestamps({\r\n            ...item,\r\n            defects: defectsForReport,\r\n            deductions: normalizeDeductions(deductionsForReport),\r\n            machine_lines: machinesForReport,\r\n            ng_detail_total: detailNg,\r\n            ng_unclassified: Math.max(0, ttNg - detailNg),\r\n            ng_detail_complete: detailNg === ttNg\r\n        });\r\n    });\r\n}\r\n\r\nmodule.exports = {\r\n    async getPending(managerId, filters = {}, isAdmin = false) {\r\n        const { page = 1, page_size: pageSize = 20, offset = 0 } = filters.pagination || {};\r\n        const { conditions, params } = buildListFilters(managerId, filters, isAdmin, "pr.status IN (\'pending\',\'need_fix\')");\r\n        const where = conditions.join(" AND ");\r\n        const countRows = await query(db, `SELECT COUNT(*) AS total FROM production_reports_temp pr JOIN workers w ON pr.worker_id=w.id JOIN users u ON w.user_id=u.id JOIN processes p ON pr.process_id=p.id WHERE ${where}`, params);\r\n        const items = await query(db, `SELECT pr.*,w.user_id,w.worker_code,u.full_name,p.process_name,p.process_code FROM production_reports_temp pr JOIN workers w ON pr.worker_id=w.id JOIN users u ON w.user_id=u.id JOIN processes p ON pr.process_id=p.id WHERE ${where} ORDER BY pr.work_date DESC, pr.created_at ASC, pr.id ASC LIMIT ? OFFSET ?`, [...params, pageSize, offset]);\r\n        const enrichedItems = await attachPendingChildren(items);\r\n        const processes = await getProcessOptions(managerId, isAdmin);\r\n        const previousCount = await getPreviousPendingCount(managerId, isAdmin);\r\n        return { items: enrichedItems, pagination: paginationMeta({page,pageSize,total:Number(countRows?.[0]?.total||0)}), processes, previous_count: previousCount };\r\n    },\r\n    async getApproved(managerId, filters = {}, isAdmin = false) {\r\n        const { page = 1, page_size: pageSize = 20, offset = 0 } = filters.pagination || {};\r\n        const { conditions, params } = buildListFilters(managerId, filters, isAdmin, "pr.status = \'approved\'");\r\n        const where = conditions.join(" AND ");\r\n        const countRows = await query(db, `SELECT COUNT(*) AS total FROM production_reports pr JOIN workers w ON pr.worker_id=w.id JOIN users u ON w.user_id=u.id JOIN processes p O'... 6648 more characters,
    expected: /JOIN workers w ON pr\.worker_id = w\.id/,
    operator: 'match',
    diff: 'simple'
  }
